Archive member included to satisfy reference by file (symbol)

c:/st/stm32cubeide_1.11.0/stm32cubeide/plugins/com.st.stm32cube.ide.mcu.externaltools.gnu-tools-for-stm32.10.3-2021.10.win32_1.0.100.202210260954/tools/bin/../lib/gcc/arm-none-eabi/10.3.1/../../../../arm-none-eabi/lib/thumb/v7e-m+dp/hard\libc_nano.a(lib_a-errno.o)
                              ./Core/Src/syscalls.o (__errno)
c:/st/stm32cubeide_1.11.0/stm32cubeide/plugins/com.st.stm32cube.ide.mcu.externaltools.gnu-tools-for-stm32.10.3-2021.10.win32_1.0.100.202210260954/tools/bin/../lib/gcc/arm-none-eabi/10.3.1/../../../../arm-none-eabi/lib/thumb/v7e-m+dp/hard\libc_nano.a(lib_a-exit.o)
                              c:/st/stm32cubeide_1.11.0/stm32cubeide/plugins/com.st.stm32cube.ide.mcu.externaltools.gnu-tools-for-stm32.10.3-2021.10.win32_1.0.100.202210260954/tools/bin/../lib/gcc/arm-none-eabi/10.3.1/../../../../arm-none-eabi/lib/thumb/v7e-m+dp/hard/crt0.o (exit)
c:/st/stm32cubeide_1.11.0/stm32cubeide/plugins/com.st.stm32cube.ide.mcu.externaltools.gnu-tools-for-stm32.10.3-2021.10.win32_1.0.100.202210260954/tools/bin/../lib/gcc/arm-none-eabi/10.3.1/../../../../arm-none-eabi/lib/thumb/v7e-m+dp/hard\libc_nano.a(lib_a-impure.o)
                              c:/st/stm32cubeide_1.11.0/stm32cubeide/plugins/com.st.stm32cube.ide.mcu.externaltools.gnu-tools-for-stm32.10.3-2021.10.win32_1.0.100.202210260954/tools/bin/../lib/gcc/arm-none-eabi/10.3.1/../../../../arm-none-eabi/lib/thumb/v7e-m+dp/hard\libc_nano.a(lib_a-exit.o) (_global_impure_ptr)
c:/st/stm32cubeide_1.11.0/stm32cubeide/plugins/com.st.stm32cube.ide.mcu.externaltools.gnu-tools-for-stm32.10.3-2021.10.win32_1.0.100.202210260954/tools/bin/../lib/gcc/arm-none-eabi/10.3.1/../../../../arm-none-eabi/lib/thumb/v7e-m+dp/hard\libc_nano.a(lib_a-init.o)
                              c:/st/stm32cubeide_1.11.0/stm32cubeide/plugins/com.st.stm32cube.ide.mcu.externaltools.gnu-tools-for-stm32.10.3-2021.10.win32_1.0.100.202210260954/tools/bin/../lib/gcc/arm-none-eabi/10.3.1/../../../../arm-none-eabi/lib/thumb/v7e-m+dp/hard/crt0.o (__libc_init_array)
c:/st/stm32cubeide_1.11.0/stm32cubeide/plugins/com.st.stm32cube.ide.mcu.externaltools.gnu-tools-for-stm32.10.3-2021.10.win32_1.0.100.202210260954/tools/bin/../lib/gcc/arm-none-eabi/10.3.1/../../../../arm-none-eabi/lib/thumb/v7e-m+dp/hard\libc_nano.a(lib_a-memset.o)
                              c:/st/stm32cubeide_1.11.0/stm32cubeide/plugins/com.st.stm32cube.ide.mcu.externaltools.gnu-tools-for-stm32.10.3-2021.10.win32_1.0.100.202210260954/tools/bin/../lib/gcc/arm-none-eabi/10.3.1/../../../../arm-none-eabi/lib/thumb/v7e-m+dp/hard/crt0.o (memset)
c:/st/stm32cubeide_1.11.0/stm32cubeide/plugins/com.st.stm32cube.ide.mcu.externaltools.gnu-tools-for-stm32.10.3-2021.10.win32_1.0.100.202210260954/tools/bin/../lib/gcc/arm-none-eabi/10.3.1/../../../../arm-none-eabi/lib/thumb/v7e-m+dp/hard\libc_nano.a(lib_a-sprintf.o)
                              ./Core/Src/main.o (sprintf)
c:/st/stm32cubeide_1.11.0/stm32cubeide/plugins/com.st.stm32cube.ide.mcu.externaltools.gnu-tools-for-stm32.10.3-2021.10.win32_1.0.100.202210260954/tools/bin/../lib/gcc/arm-none-eabi/10.3.1/../../../../arm-none-eabi/lib/thumb/v7e-m+dp/hard\libc_nano.a(lib_a-nano-svfprintf.o)
                              c:/st/stm32cubeide_1.11.0/stm32cubeide/plugins/com.st.stm32cube.ide.mcu.externaltools.gnu-tools-for-stm32.10.3-2021.10.win32_1.0.100.202210260954/tools/bin/../lib/gcc/arm-none-eabi/10.3.1/../../../../arm-none-eabi/lib/thumb/v7e-m+dp/hard\libc_nano.a(lib_a-sprintf.o) (_svfprintf_r)
c:/st/stm32cubeide_1.11.0/stm32cubeide/plugins/com.st.stm32cube.ide.mcu.externaltools.gnu-tools-for-stm32.10.3-2021.10.win32_1.0.100.202210260954/tools/bin/../lib/gcc/arm-none-eabi/10.3.1/../../../../arm-none-eabi/lib/thumb/v7e-m+dp/hard\libc_nano.a(lib_a-nano-vfprintf_i.o)
                              c:/st/stm32cubeide_1.11.0/stm32cubeide/plugins/com.st.stm32cube.ide.mcu.externaltools.gnu-tools-for-stm32.10.3-2021.10.win32_1.0.100.202210260954/tools/bin/../lib/gcc/arm-none-eabi/10.3.1/../../../../arm-none-eabi/lib/thumb/v7e-m+dp/hard\libc_nano.a(lib_a-nano-svfprintf.o) (_printf_i)
c:/st/stm32cubeide_1.11.0/stm32cubeide/plugins/com.st.stm32cube.ide.mcu.externaltools.gnu-tools-for-stm32.10.3-2021.10.win32_1.0.100.202210260954/tools/bin/../lib/gcc/arm-none-eabi/10.3.1/../../../../arm-none-eabi/lib/thumb/v7e-m+dp/hard\libc_nano.a(lib_a-memchr.o)
                              c:/st/stm32cubeide_1.11.0/stm32cubeide/plugins/com.st.stm32cube.ide.mcu.externaltools.gnu-tools-for-stm32.10.3-2021.10.win32_1.0.100.202210260954/tools/bin/../lib/gcc/arm-none-eabi/10.3.1/../../../../arm-none-eabi/lib/thumb/v7e-m+dp/hard\libc_nano.a(lib_a-nano-svfprintf.o) (memchr)
c:/st/stm32cubeide_1.11.0/stm32cubeide/plugins/com.st.stm32cube.ide.mcu.externaltools.gnu-tools-for-stm32.10.3-2021.10.win32_1.0.100.202210260954/tools/bin/../lib/gcc/arm-none-eabi/10.3.1/../../../../arm-none-eabi/lib/thumb/v7e-m+dp/hard\libc_nano.a(lib_a-memcpy-stub.o)
[...]
Memory Configuration

Name             Origin             Length             Attributes
FLASH            0x0000000008000000 0x0000000000200000 xr
DTCMRAM          0x0000000020000000 0x0000000000020000 xrw
RAM_D1           0x0000000024000000 0x0000000000080000 xrw
RAM_D2           0x0000000030000000 0x0000000000048000 xrw
RAM_D3           0x0000000038000000 0x0000000000010000 xrw
ITCMRAM          0x0000000000000000 0x0000000000010000 xrw
*default*        0x0000000000000000 0xffffffffffffffff

Linker script and memory map

LOAD c:/st/stm32cubeide_1.11.0/stm32cubeide/plugins/com.st.stm32cube.ide.mcu.externaltools.gnu-tools-for-stm32.10.3-2021.10.win32_1.0.100.202210260954/tools/bin/../lib/gcc/arm-none-eabi/10.3.1/thumb/v7e-m+dp/hard/crti.o
LOAD c:/st/stm32cubeide_1.11.0/stm32cubeide/plugins/com.st.stm32cube.ide.mcu.externaltools.gnu-tools-for-stm32.10.3-2021.10.win32_1.0.100.202210260954/tools/bin/../lib/gcc/arm-none-eabi/10.3.1/thumb/v7e-m+dp/hard/crtbegin.o
LOAD c:/st/stm32cubeide_1.11.0/stm32cubeide/plugins/com.st.stm32cube.ide.mcu.externaltools.gnu-tools-for-stm32.10.3-2021.10.win32_1.0.100.202210260954/tools/bin/../lib/gcc/arm-none-eabi/10.3.1/../../../../arm-none-eabi/lib/thumb/v7e-m+dp/hard/crt0.o
LOAD ./Core/Src/adc.o
LOAD ./Core/Src/gpio.o
LOAD ./Core/Src/main.o
LOAD ./Core/Src/rtc.o
LOAD ./Core/Src/spi.o
LOAD ./Core/Src/stm32h7xx_hal_msp.o
LOAD ./Core/Src/stm32h7xx_it.o
LOAD ./Core/Src/syscalls.o
LOAD ./Core/Src/sysmem.o
LOAD ./Core/Src/system_stm32h7xx.o
LOAD ./Core/Src/tim.o
LOAD ./Core/Startup/startup_stm32h743vitx.o
LOAD ./Drivers/STM32H7xx_HAL_Driver/Src/stm32h7xx_hal.o
LOAD ./Drivers/STM32H7xx_HAL_Driver/Src/stm32h7xx_hal_adc.o
LOAD ./Drivers/STM32H7xx_HAL_Driver/Src/stm32h7xx_hal_adc_ex.o
LOAD ./Drivers/STM32H7xx_HAL_Driver/Src/stm32h7xx_hal_cortex.o
LOAD ./Drivers/STM32H7xx_HAL_Driver/Src/stm32h7xx_hal_dma.o
LOAD ./Drivers/STM32H7xx_HAL_Driver/Src/stm32h7xx_hal_dma_ex.o
LOAD ./Drivers/STM32H7xx_HAL_Driver/Src/stm32h7xx_hal_exti.o
LOAD ./Drivers/STM32H7xx_HAL_Driver/Src/stm32h7xx_hal_flash.o
LOAD ./Drivers/STM32H7xx_HAL_Driver/Src/stm32h7xx_hal_flash_ex.o
LOAD ./Drivers/STM32H7xx_HAL_Driver/Src/stm32h7xx_hal_gpio.o
LOAD ./Drivers/STM32H7xx_HAL_Driver/Src/stm32h7xx_hal_hsem.o
LOAD ./Drivers/STM32H7xx_HAL_Driver/Src/stm32h7xx_hal_i2c.o
LOAD ./Drivers/STM32H7xx_HAL_Driver/Src/stm32h7xx_hal_i2c_ex.o
LOAD ./Drivers/STM32H7xx_HAL_Driver/Src/stm32h7xx_hal_mdma.o
LOAD ./Drivers/STM32H7xx_HAL_Driver/Src/stm32h7xx_hal_pwr.o
LOAD ./Drivers/STM32H7xx_HAL_Driver/Src/stm32h7xx_hal_pwr_ex.o
LOAD ./Drivers/STM32H7xx_HAL_Driver/Src/stm32h7xx_hal_rcc.o
LOAD ./Drivers/STM32H7xx_HAL_Driver/Src/stm32h7xx_hal_rcc_ex.o
LOAD ./Drivers/STM32H7xx_HAL_Driver/Src/stm32h7xx_hal_rtc.o
LOAD ./Drivers/STM32H7xx_HAL_Driver/Src/stm32h7xx_hal_rtc_ex.o
LOAD ./Drivers/STM32H7xx_HAL_Driver/Src/stm32h7xx_hal_spi.o
LOAD ./Drivers/STM32H7xx_HAL_Driver/Src/stm32h7xx_hal_spi_ex.o
LOAD ./Drivers/STM32H7xx_HAL_Driver/Src/stm32h7xx_hal_tim.o
LOAD ./Drivers/STM32H7xx_HAL_Driver/Src/stm32h7xx_hal_tim_ex.o
LOAD ./ST7735/lcd.o
LOAD ./ST7735/logo_128_160.o
LOAD ./ST7735/logo_160_80.o
LOAD ./ST7735/skrdg.o
LOAD ./ST7735/skrudge.o
LOAD ./ST7735/st7735.o
LOAD ./ST7735/st7735_reg.o
LOAD ./ST7735/test.o
START GROUP
LOAD c:/st/stm32cubeide_1.11.0/stm32cubeide/plugins/com.st.stm32cube.ide.mcu.externaltools.gnu-tools-for-stm32.10.3-2021.10.win32_1.0.100.202210260954/tools/bin/../lib/gcc/arm-none-eabi/10.3.1/../../../../arm-none-eabi/lib/thumb/v7e-m+dp/hard\libc_nano.a
LOAD c:/st/stm32cubeide_1.11.0/stm32cubeide/plugins/com.st.stm32cube.ide.mcu.externaltools.gnu-tools-for-stm32.10.3-2021.10.win32_1.0.100.202210260954/tools/bin/../lib/gcc/arm-none-eabi/10.3.1/../../../../arm-none-eabi/lib/thumb/v7e-m+dp/hard\libm.a
END GROUP
START GROUP
LOAD c:/st/stm32cubeide_1.11.0/stm32cubeide/plugins/com.st.stm32cube.ide.mcu.externaltools.gnu-tools-for-stm32.10.3-2021.10.win32_1.0.100.202210260954/tools/bin/../lib/gcc/arm-none-eabi/10.3.1/thumb/v7e-m+dp/hard\libgcc.a
LOAD c:/st/stm32cubeide_1.11.0/stm32cubeide/plugins/com.st.stm32cube.ide.mcu.externaltools.gnu-tools-for-stm32.10.3-2021.10.win32_1.0.100.202210260954/tools/bin/../lib/gcc/arm-none-eabi/10.3.1/../../../../arm-none-eabi/lib/thumb/v7e-m+dp/hard\libc_nano.a
END GROUP
START GROUP
LOAD c:/st/stm32cubeide_1.11.0/stm32cubeide/plugins/com.st.stm32cube.ide.mcu.externaltools.gnu-tools-for-stm32.10.3-2021.10.win32_1.0.100.202210260954/tools/bin/../lib/gcc/arm-none-eabi/10.3.1/thumb/v7e-m+dp/hard\libgcc.a
LOAD c:/st/stm32cubeide_1.11.0/stm32cubeide/plugins/com.st.stm32cube.ide.mcu.externaltools.gnu-tools-for-stm32.10.3-2021.10.win32_1.0.100.202210260954/tools/bin/../lib/gcc/arm-none-eabi/10.3.1/../../../../arm-none-eabi/lib/thumb/v7e-m+dp/hard\libc_nano.a
LOAD c:/st/stm32cubeide_1.11.0/stm32cubeide/plugins/com.st.stm32cube.ide.mcu.externaltools.gnu-tools-for-stm32.10.3-2021.10.win32_1.0.100.202210260954/tools/bin/../lib/gcc/arm-none-eabi/10.3.1/../../../../arm-none-eabi/lib/thumb/v7e-m+dp/hard\libnosys.a
END GROUP
START GROUP
LOAD c:/st/stm32cubeide_1.11.0/stm32cubeide/plugins/com.st.stm32cube.ide.mcu.externaltools.gnu-tools-for-stm32.10.3-2021.10.win32_1.0.100.202210260954/tools/bin/../lib/gcc/arm-none-eabi/10.3.1/thumb/v7e-m+dp/hard\libgcc.a
LOAD c:/st/stm32cubeide_1.11.0/stm32cubeide/plugins/com.st.stm32cube.ide.mcu.externaltools.gnu-tools-for-stm32.10.3-2021.10.win32_1.0.100.202210260954/tools/bin/../lib/gcc/arm-none-eabi/10.3.1/../../../../arm-none-eabi/lib/thumb/v7e-m+dp/hard\libc_nano.a
LOAD c:/st/stm32cubeide_1.11.0/stm32cubeide/plugins/com.st.stm32cube.ide.mcu.externaltools.gnu-tools-for-stm32.10.3-2021.10.win32_1.0.100.202210260954/tools/bin/../lib/gcc/arm-none-eabi/10.3.1/../../../../arm-none-eabi/lib/thumb/v7e-m+dp/hard\libnosys.a
END GROUP
LOAD c:/st/stm32cubeide_1.11.0/stm32cubeide/plugins/com.st.stm32cube.ide.mcu.externaltools.gnu-tools-for-stm32.10.3-2021.10.win32_1.0.100.202210260954/tools/bin/../lib/gcc/arm-none-eabi/10.3.1/thumb/v7e-m+dp/hard/crtend.o
LOAD c:/st/stm32cubeide_1.11.0/stm32cubeide/plugins/com.st.stm32cube.ide.mcu.externaltools.gnu-tools-for-stm32.10.3-2021.10.win32_1.0.100.202210260954/tools/bin/../lib/gcc/arm-none-eabi/10.3.1/thumb/v7e-m+dp/hard/crtn.o
                0x0000000024080000                _estack = (ORIGIN (RAM_D1) + LENGTH (RAM_D1))
                0x0000000000000200                _Min_Heap_Size = 0x200
                0x0000000000000400                _Min_Stack_Size = 0x400

.isr_vector     0x0000000008000000      0x298
                0x0000000008000000                . = ALIGN (0x4)
 *(.isr_vector)
 .isr_vector    0x0000000008000000      0x298 ./Core/Startup/startup_stm32h743vitx.o
                0x0000000008000000                g_pfnVectors
                0x0000000008000298                . = ALIGN (0x4)

.text           0x00000000080002a0     0xb4e0
                0x00000000080002a0                . = ALIGN (0x4)
 *(.text)
 .text          0x00000000080002a0       0x40 c:/st/stm32cubeide_1.11.0/stm32cubeide/plugins/com.st.stm32cube.ide.mcu.externaltools.gnu-tools-for-stm32.10.3-2021.10.win32_1.0.100.202210260954/tools/bin/../lib/gcc/arm-none-eabi/10.3.1/thumb/v7e-m+dp/hard/crtbegin.o
 .text          0x00000000080002e0       0xa0 c:/st/stm32cubeide_1.11.0/stm32cubeide/plugins/com.st.stm32cube.ide.mcu.externaltools.gnu-tools-for-stm32.10.3-2021.10.win32_1.0.100.202210260954/tools/bin/../lib/gcc/arm-none-eabi/10.3.1/../../../../arm-none-eabi/lib/thumb/v7e-m+dp/hard\libc_nano.a(lib_a-memchr.o)
                0x00000000080002e0                memchr
 *(.text*)
 .text.MX_ADC1_Init
                0x0000000008000380       0xf0 ./Core/Src/adc.o
                0x0000000008000380                MX_ADC1_Init
 .text.HAL_ADC_MspInit
                0x0000000008000470       0xc8 ./Core/Src/adc.o
                0x0000000008000470                HAL_ADC_MspInit
 .text.MX_GPIO_Init
                0x0000000008000538      0x10c ./Core/Src/gpio.o
                0x0000000008000538                MX_GPIO_Init
 .text.LED_Blink
                0x0000000008000644       0x40 ./Core/Src/main.o
 .text.RTC_CalendarShow
                0x0000000008000684       0x2c ./Core/Src/main.o
 .text.main     0x00000000080006b0      0x200 ./Core/Src/main.o
                0x00000000080006b0                main
 .text.SystemClock_Config
                0x00000000080008b0       0xd8 ./Core/Src/main.o
                0x00000000080008b0                SystemClock_Config
 .text.PeriphCommonClock_Config
                0x0000000008000988       0x3e ./Core/Src/main.o
                0x0000000008000988                PeriphCommonClock_Config
 .text.Error_Handler
                0x00000000080009c6       0x14 ./Core/Src/main.o
                0x00000000080009c6                Error_Handler
 *fill*         0x00000000080009da        0x2 
 .text.MX_RTC_Init
                0x00000000080009dc       0xb8 ./Core/Src/rtc.o
                0x00000000080009dc                MX_RTC_Init
 .text.HAL_RTC_MspInit
                0x0000000008000a94       0x64 ./Core/Src/rtc.o
                0x0000000008000a94                HAL_RTC_MspInit
 .text.MX_SPI4_Init
                0x0000000008000af8       0xb0 ./Core/Src/spi.o
                0x0000000008000af8                MX_SPI4_Init
 .text.HAL_SPI_MspInit
                0x0000000008000ba8       0xd0 ./Core/Src/spi.o
                0x0000000008000ba8                HAL_SPI_MspInit
 .text.HAL_MspInit
                0x0000000008000c78       0x34 ./Core/Src/stm32h7xx_hal_msp.o
                0x0000000008000c78                HAL_MspInit
 .text.NMI_Handler
                0x0000000008000cac        0x6 ./Core/Src/stm32h7xx_it.o
                0x0000000008000cac                NMI_Handler
 .text.HardFault_Handler
                0x0000000008000cb2        0x6 ./Core/Src/stm32h7xx_it.o
                0x0000000008000cb2                HardFault_Handler
 .text.MemManage_Handler
                0x0000000008000cb8        0x6 ./Core/Src/stm32h7xx_it.o
                0x0000000008000cb8                MemManage_Handler
 .text.BusFault_Handler
                0x0000000008000cbe        0x6 ./Core/Src/stm32h7xx_it.o
                0x0000000008000cbe                BusFault_Handler
 .text.UsageFault_Handler
                0x0000000008000cc4        0x6 ./Core/Src/stm32h7xx_it.o
                0x0000000008000cc4                UsageFault_Handler
 .text.SVC_Handler
                0x0000000008000cca        0xe ./Core/Src/stm32h7xx_it.o
                0x0000000008000cca                SVC_Handler
 .text.DebugMon_Handler
                0x0000000008000cd8        0xe ./Core/Src/stm32h7xx_it.o
                0x0000000008000cd8                DebugMon_Handler
 .text.PendSV_Handler
                0x0000000008000ce6        0xe ./Core/Src/stm32h7xx_it.o
                0x0000000008000ce6                PendSV_Handler
 .text.SysTick_Handler
                0x0000000008000cf4        0xc ./Core/Src/stm32h7xx_it.o
                0x0000000008000cf4                SysTick_Handler
 .text._sbrk    0x0000000008000d00       0x6c ./Core/Src/sysmem.o
                0x0000000008000d00                _sbrk
 .text.SystemInit
                0x0000000008000d6c      0x110 ./Core/Src/system_stm32h7xx.o
                0x0000000008000d6c                SystemInit
 .text.MX_TIM1_Init
                0x0000000008000e7c      0x120 ./Core/Src/tim.o
                0x0000000008000e7c                MX_TIM1_Init
 .text.HAL_TIM_PWM_MspInit
                0x0000000008000f9c       0x44 ./Core/Src/tim.o
                0x0000000008000f9c                HAL_TIM_PWM_MspInit
 .text.HAL_TIM_MspPostInit
                0x0000000008000fe0       0x78 ./Core/Src/tim.o
                0x0000000008000fe0                HAL_TIM_MspPostInit
 .text.Reset_Handler
                0x0000000008001058       0x50 ./Core/Startup/startup_stm32h743vitx.o
                0x0000000008001058                Reset_Handler
 .text.Default_Handler
                0x00000000080010a8        0x2 ./Core/Startup/startup_stm32h743vitx.o
                0x00000000080010a8                RTC_Alarm_IRQHandler
                0x00000000080010a8                EXTI2_IRQHandler
                0x00000000080010a8                TIM8_CC_IRQHandler
                0x00000000080010a8                HRTIM1_Master_IRQHandler
                0x00000000080010a8                UART8_IRQHandler
                0x00000000080010a8                SPI4_IRQHandler
                0x00000000080010a8                TIM1_CC_IRQHandler
                0x00000000080010a8                BDMA_Channel6_IRQHandler
                0x00000000080010a8                DMA2_Stream5_IRQHandler
                0x00000000080010a8                HRTIM1_FLT_IRQHandler
                0x00000000080010a8                JPEG_IRQHandler
                0x00000000080010a8                DMA1_Stream5_IRQHandler
                0x00000000080010a8                BDMA_Channel1_IRQHandler
                0x00000000080010a8                HRTIM1_TIMD_IRQHandler
                0x00000000080010a8                TAMP_STAMP_IRQHandler
                0x00000000080010a8                EXTI3_IRQHandler
                0x00000000080010a8                LPTIM4_IRQHandler
                0x00000000080010a8                TIM8_TRG_COM_TIM14_IRQHandler
                0x00000000080010a8                LPTIM2_IRQHandler
                0x00000000080010a8                DFSDM1_FLT1_IRQHandler
                0x00000000080010a8                DMAMUX2_OVR_IRQHandler
                0x00000000080010a8                TIM8_UP_TIM13_IRQHandler
                0x00000000080010a8                I2C3_ER_IRQHandler
                0x00000000080010a8                DFSDM1_FLT2_IRQHandler
                0x00000000080010a8                MDMA_IRQHandler
                0x00000000080010a8                LPTIM3_IRQHandler
                0x00000000080010a8                HSEM1_IRQHandler
                0x00000000080010a8                EXTI0_IRQHandler
                0x00000000080010a8                I2C2_EV_IRQHandler
                0x00000000080010a8                DMA1_Stream2_IRQHandler
                0x00000000080010a8                FPU_IRQHandler
                0x00000000080010a8                OTG_HS_WKUP_IRQHandler
                0x00000000080010a8                FDCAN1_IT1_IRQHandler
                0x00000000080010a8                LTDC_ER_IRQHandler
                0x00000000080010a8                DMA2_Stream2_IRQHandler
                0x00000000080010a8                HRTIM1_TIME_IRQHandler
                0x00000000080010a8                SPI1_IRQHandler
                0x00000000080010a8                TIM6_DAC_IRQHandler
                0x00000000080010a8                DCMI_IRQHandler
                0x00000000080010a8                HRTIM1_TIMC_IRQHandler
                0x00000000080010a8                DMA2_Stream3_IRQHandler
                0x00000000080010a8                SAI2_IRQHandler
                0x00000000080010a8                DFSDM1_FLT3_IRQHandler
                0x00000000080010a8                USART6_IRQHandler
                0x00000000080010a8                TIM17_IRQHandler
                0x00000000080010a8                USART3_IRQHandler
                0x00000000080010a8                BDMA_Channel7_IRQHandler
                0x00000000080010a8                LPTIM5_IRQHandler
                0x00000000080010a8                UART5_IRQHandler
                0x00000000080010a8                ADC3_IRQHandler
                0x00000000080010a8                DMA2_Stream0_IRQHandler
                0x00000000080010a8                TIM4_IRQHandler
                0x00000000080010a8                BDMA_Channel2_IRQHandler
                0x00000000080010a8                QUADSPI_IRQHandler
                0x00000000080010a8                I2C1_EV_IRQHandler
                0x00000000080010a8                DMA1_Stream6_IRQHandler
                0x00000000080010a8                DMAMUX1_OVR_IRQHandler
                0x00000000080010a8                DMA1_Stream1_IRQHandler
                0x00000000080010a8                TIM16_IRQHandler
                0x00000000080010a8                UART4_IRQHandler
                0x00000000080010a8                BDMA_Channel5_IRQHandler
                0x00000000080010a8                TIM3_IRQHandler
                0x00000000080010a8                RCC_IRQHandler
                0x00000000080010a8                TIM8_BRK_TIM12_IRQHandler
                0x00000000080010a8                TIM1_TRG_COM_IRQHandler
                0x00000000080010a8                Default_Handler
                0x00000000080010a8                ECC_IRQHandler
                0x00000000080010a8                CEC_IRQHandler
                0x00000000080010a8                EXTI15_10_IRQHandler
                0x00000000080010a8                BDMA_Channel0_IRQHandler
                0x00000000080010a8                ADC_IRQHandler
                0x00000000080010a8                DMA1_Stream7_IRQHandler
                0x00000000080010a8                HRTIM1_TIMA_IRQHandler
                0x00000000080010a8                SPI5_IRQHandler
                0x00000000080010a8                TIM7_IRQHandler
                0x00000000080010a8                SDMMC1_IRQHandler
                0x00000000080010a8                TIM5_IRQHandler
                0x00000000080010a8                DMA2_Stream7_IRQHandler
                0x00000000080010a8                TIM15_IRQHandler
                0x00000000080010a8                PVD_AVD_IRQHandler
                0x00000000080010a8                I2C3_EV_IRQHandler
                0x00000000080010a8                EXTI9_5_IRQHandler
                0x00000000080010a8                RTC_WKUP_IRQHandler
                0x00000000080010a8                LTDC_IRQHandler
                0x00000000080010a8                SAI3_IRQHandler
                0x00000000080010a8                ETH_WKUP_IRQHandler
                0x00000000080010a8                SPDIF_RX_IRQHandler
                0x00000000080010a8                SPI2_IRQHandler
                0x00000000080010a8                OTG_HS_EP1_IN_IRQHandler
                0x00000000080010a8                DMA1_Stream0_IRQHandler
                0x00000000080010a8                CRS_IRQHandler
                0x00000000080010a8                EXTI4_IRQHandler
                0x00000000080010a8                RNG_IRQHandler
                0x00000000080010a8                HRTIM1_TIMB_IRQHandler
                0x00000000080010a8                FDCAN2_IT1_IRQHandler
                0x00000000080010a8                ETH_IRQHandler
                0x00000000080010a8                TIM1_UP_IRQHandler
                0x00000000080010a8                BDMA_Channel4_IRQHandler
                0x00000000080010a8                OTG_HS_EP1_OUT_IRQHandler
                0x00000000080010a8                WWDG_IRQHandler
                0x00000000080010a8                SPI6_IRQHandler
                0x00000000080010a8                MDIOS_IRQHandler
                0x00000000080010a8                I2C4_EV_IRQHandler
                0x00000000080010a8                FDCAN2_IT0_IRQHandler
                0x00000000080010a8                LPUART1_IRQHandler
                0x00000000080010a8                FDCAN1_IT0_IRQHandler
                0x00000000080010a8                TIM2_IRQHandler
                0x00000000080010a8                OTG_FS_WKUP_IRQHandler
                0x00000000080010a8                OTG_HS_IRQHandler
                0x00000000080010a8                DMA2D_IRQHandler
                0x00000000080010a8                TIM1_BRK_IRQHandler
                0x00000000080010a8                EXTI1_IRQHandler
                0x00000000080010a8                SDMMC2_IRQHandler
                0x00000000080010a8                OTG_FS_EP1_OUT_IRQHandler
                0x00000000080010a8                BDMA_Channel3_IRQHandler
                0x00000000080010a8                UART7_IRQHandler
                0x00000000080010a8                MDIOS_WKUP_IRQHandler
                0x00000000080010a8                USART2_IRQHandler
                0x00000000080010a8                DFSDM1_FLT0_IRQHandler
                0x00000000080010a8                SAI4_IRQHandler
                0x00000000080010a8                I2C2_ER_IRQHandler
                0x00000000080010a8                DMA2_Stream1_IRQHandler
                0x00000000080010a8                FLASH_IRQHandler
                0x00000000080010a8                DMA2_Stream4_IRQHandler
                0x00000000080010a8                USART1_IRQHandler
                0x00000000080010a8                OTG_FS_IRQHandler
                0x00000000080010a8                SPI3_IRQHandler
                0x00000000080010a8                WAKEUP_PIN_IRQHandler
                0x00000000080010a8                DMA1_Stream4_IRQHandler
                0x00000000080010a8                OTG_FS_EP1_IN_IRQHandler
                0x00000000080010a8                I2C1_ER_IRQHandler
                0x00000000080010a8                FMC_IRQHandler
                0x00000000080010a8                FDCAN_CAL_IRQHandler
                0x00000000080010a8                SWPMI1_IRQHandler
                0x00000000080010a8                COMP1_IRQHandler
                0x00000000080010a8                LPTIM1_IRQHandler
                0x00000000080010a8                I2C4_ER_IRQHandler
                0x00000000080010a8                DMA2_Stream6_IRQHandler
                0x00000000080010a8                SAI1_IRQHandler
                0x00000000080010a8                DMA1_Stream3_IRQHandler
 *fill*         0x00000000080010aa        0x2 
 .text.HAL_Init
                0x00000000080010ac       0x78 ./Drivers/STM32H7xx_HAL_Driver/Src/stm32h7xx_hal.o
                0x00000000080010ac                HAL_Init
 .text.HAL_InitTick
                0x0000000008001124       0x6c ./Drivers/STM32H7xx_HAL_Driver/Src/stm32h7xx_hal.o
                0x0000000008001124                HAL_InitTick
 .text.HAL_IncTick
                0x0000000008001190       0x28 ./Drivers/STM32H7xx_HAL_Driver/Src/stm32h7xx_hal.o
                0x0000000008001190                HAL_IncTick
 .text.HAL_GetTick
                0x00000000080011b8       0x18 ./Drivers/STM32H7xx_HAL_Driver/Src/stm32h7xx_hal.o
                0x00000000080011b8                HAL_GetTick
 .text.HAL_Delay
                0x00000000080011d0       0x48 ./Drivers/STM32H7xx_HAL_Driver/Src/stm32h7xx_hal.o
                0x00000000080011d0                HAL_Delay
 .text.HAL_GetREVID
                0x0000000008001218       0x18 ./Drivers/STM32H7xx_HAL_Driver/Src/stm32h7xx_hal.o
                0x0000000008001218                HAL_GetREVID
 .text.LL_ADC_SetCommonClock
                0x0000000008001230       0x26 ./Drivers/STM32H7xx_HAL_Driver/Src/stm32h7xx_hal_adc.o
 .text.LL_ADC_SetCommonPathInternalCh
                0x0000000008001256       0x26 ./Drivers/STM32H7xx_HAL_Driver/Src/stm32h7xx_hal_adc.o
 .text.LL_ADC_GetCommonPathInternalCh
                0x000000000800127c       0x1c ./Drivers/STM32H7xx_HAL_Driver/Src/stm32h7xx_hal_adc.o
 .text.LL_ADC_SetOffset
                0x0000000008001298       0x40 ./Drivers/STM32H7xx_HAL_Driver/Src/stm32h7xx_hal_adc.o
 .text.LL_ADC_SetDataRightShift
                0x00000000080012d8       0x32 ./Drivers/STM32H7xx_HAL_Driver/Src/stm32h7xx_hal_adc.o
 .text.LL_ADC_SetOffsetSignedSaturation
                0x000000000800130a       0x36 ./Drivers/STM32H7xx_HAL_Driver/Src/stm32h7xx_hal_adc.o
 .text.LL_ADC_REG_IsTriggerSourceSWStart
                0x0000000008001340       0x26 ./Drivers/STM32H7xx_HAL_Driver/Src/stm32h7xx_hal_adc.o
 .text.LL_ADC_REG_SetSequencerRanks
                0x0000000008001366       0x58 ./Drivers/STM32H7xx_HAL_Driver/Src/stm32h7xx_hal_adc.o
 .text.LL_ADC_SetChannelSamplingTime
                0x00000000080013be       0x56 ./Drivers/STM32H7xx_HAL_Driver/Src/stm32h7xx_hal_adc.o
 .text.LL_ADC_SetChannelSingleDiff
                0x0000000008001414       0x48 ./Drivers/STM32H7xx_HAL_Driver/Src/stm32h7xx_hal_adc.o
 .text.LL_ADC_GetMultimode
                0x000000000800145c       0x1c ./Drivers/STM32H7xx_HAL_Driver/Src/stm32h7xx_hal_adc.o
 .text.LL_ADC_GetMultiDMATransfer
                0x0000000008001478       0x1c ./Drivers/STM32H7xx_HAL_Driver/Src/stm32h7xx_hal_adc.o
 .text.LL_ADC_DisableDeepPowerDown
                0x0000000008001494       0x24 ./Drivers/STM32H7xx_HAL_Driver/Src/stm32h7xx_hal_adc.o
 .text.LL_ADC_IsDeepPowerDownEnabled
                0x00000000080014b8       0x28 ./Drivers/STM32H7xx_HAL_Driver/Src/stm32h7xx_hal_adc.o
 .text.LL_ADC_EnableInternalRegulator
                0x00000000080014e0       0x28 ./Drivers/STM32H7xx_HAL_Driver/Src/stm32h7xx_hal_adc.o
 .text.LL_ADC_IsInternalRegulatorEnabled
                0x0000000008001508       0x28 ./Drivers/STM32H7xx_HAL_Driver/Src/stm32h7xx_hal_adc.o
 .text.LL_ADC_Enable
                0x0000000008001530       0x28 ./Drivers/STM32H7xx_HAL_Driver/Src/stm32h7xx_hal_adc.o
 .text.LL_ADC_Disable
                0x0000000008001558       0x28 ./Drivers/STM32H7xx_HAL_Driver/Src/stm32h7xx_hal_adc.o
 .text.LL_ADC_IsEnabled
                0x0000000008001580       0x26 ./Drivers/STM32H7xx_HAL_Driver/Src/stm32h7xx_hal_adc.o
 .text.LL_ADC_IsDisableOngoing
                0x00000000080015a6       0x26 ./Drivers/STM32H7xx_HAL_Driver/Src/stm32h7xx_hal_adc.o
 .text.LL_ADC_REG_StartConversion
                0x00000000080015cc       0x28 ./Drivers/STM32H7xx_HAL_Driver/Src/stm32h7xx_hal_adc.o
 .text.LL_ADC_REG_StopConversion
                0x00000000080015f4       0x28 ./Drivers/STM32H7xx_HAL_Driver/Src/stm32h7xx_hal_adc.o
 .text.LL_ADC_REG_IsConversionOngoing
                0x000000000800161c       0x26 ./Drivers/STM32H7xx_HAL_Driver/Src/stm32h7xx_hal_adc.o
 *fill*         0x0000000008001642        0x2 
 .text.LL_ADC_INJ_StopConversion
                0x0000000008001644       0x28 ./Drivers/STM32H7xx_HAL_Driver/Src/stm32h7xx_hal_adc.o
 .text.LL_ADC_INJ_IsConversionOngoing
                0x000000000800166c       0x26 ./Drivers/STM32H7xx_HAL_Driver/Src/stm32h7xx_hal_adc.o
 *fill*         0x0000000008001692        0x2 
 .text.HAL_ADC_Init
                0x0000000008001694      0x344 ./Drivers/STM32H7xx_HAL_Driver/Src/stm32h7xx_hal_adc.o
                0x0000000008001694                HAL_ADC_Init
 .text.HAL_ADC_Start
                0x00000000080019d8      0x194 ./Drivers/STM32H7xx_HAL_Driver/Src/stm32h7xx_hal_adc.o
                0x00000000080019d8                HAL_ADC_Start
 .text.HAL_ADC_Stop
                0x0000000008001b6c       0x68 ./Drivers/STM32H7xx_HAL_Driver/Src/stm32h7xx_hal_adc.o
                0x0000000008001b6c                HAL_ADC_Stop
 .text.HAL_ADC_PollForConversion
                0x0000000008001bd4      0x1e8 ./Drivers/STM32H7xx_HAL_Driver/Src/stm32h7xx_hal_adc.o
                0x0000000008001bd4                HAL_ADC_PollForConversion
 .text.HAL_ADC_GetValue
                0x0000000008001dbc       0x1a ./Drivers/STM32H7xx_HAL_Driver/Src/stm32h7xx_hal_adc.o
                0x0000000008001dbc                HAL_ADC_GetValue
 *fill*         0x0000000008001dd6        0x2 
 .text.HAL_ADC_ConfigChannel
                0x0000000008001dd8      0x6a0 ./Drivers/STM32H7xx_HAL_Driver/Src/stm32h7xx_hal_adc.o
                0x0000000008001dd8                HAL_ADC_ConfigChannel
 .text.ADC_ConversionStop
                0x0000000008002478      0x178 ./Drivers/STM32H7xx_HAL_Driver/Src/stm32h7xx_hal_adc.o
                0x0000000008002478                ADC_ConversionStop
 .text.ADC_Enable
                0x00000000080025f0      0x114 ./Drivers/STM32H7xx_HAL_Driver/Src/stm32h7xx_hal_adc.o
                0x00000000080025f0                ADC_Enable
 .text.ADC_Disable
                0x0000000008002704       0xbe ./Drivers/STM32H7xx_HAL_Driver/Src/stm32h7xx_hal_adc.o
                0x0000000008002704                ADC_Disable
 *fill*         0x00000000080027c2        0x2 
 .text.ADC_ConfigureBoostMode
                0x00000000080027c4      0x218 ./Drivers/STM32H7xx_HAL_Driver/Src/stm32h7xx_hal_adc.o
                0x00000000080027c4                ADC_ConfigureBoostMode
 .text.LL_ADC_IsEnabled
                0x00000000080029dc       0x26 ./Drivers/STM32H7xx_HAL_Driver/Src/stm32h7xx_hal_adc_ex.o
 *fill*         0x0000000008002a02        0x2 
 .text.LL_ADC_StartCalibration
                0x0000000008002a04       0x3c ./Drivers/STM32H7xx_HAL_Driver/Src/stm32h7xx_hal_adc_ex.o
 .text.LL_ADC_IsCalibrationOnGoing
                0x0000000008002a40       0x28 ./Drivers/STM32H7xx_HAL_Driver/Src/stm32h7xx_hal_adc_ex.o
 .text.LL_ADC_REG_IsConversionOngoing
                0x0000000008002a68       0x26 ./Drivers/STM32H7xx_HAL_Driver/Src/stm32h7xx_hal_adc_ex.o
 *fill*         0x0000000008002a8e        0x2 
 .text.HAL_ADCEx_Calibration_Start
                0x0000000008002a90       0xc8 ./Drivers/STM32H7xx_HAL_Driver/Src/stm32h7xx_hal_adc_ex.o
                0x0000000008002a90                HAL_ADCEx_Calibration_Start
 .text.HAL_ADCEx_MultiModeConfigChannel
                0x0000000008002b58      0x1bc ./Drivers/STM32H7xx_HAL_Driver/Src/stm32h7xx_hal_adc_ex.o
                0x0000000008002b58                HAL_ADCEx_MultiModeConfigChannel
 .text.__NVIC_SetPriorityGrouping
                0x0000000008002d14       0x48 ./Drivers/STM32H7xx_HAL_Driver/Src/stm32h7xx_hal_cortex.o
 .text.__NVIC_GetPriorityGrouping
                0x0000000008002d5c       0x1c ./Drivers/STM32H7xx_HAL_Driver/Src/stm32h7xx_hal_cortex.o
 .text.__NVIC_SetPriority
                0x0000000008002d78       0x54 ./Drivers/STM32H7xx_HAL_Driver/Src/stm32h7xx_hal_cortex.o
 .text.NVIC_EncodePriority
                0x0000000008002dcc       0x66 ./Drivers/STM32H7xx_HAL_Driver/Src/stm32h7xx_hal_cortex.o
 *fill*         0x0000000008002e32        0x2 
 .text.SysTick_Config
                0x0000000008002e34       0x44 ./Drivers/STM32H7xx_HAL_Driver/Src/stm32h7xx_hal_cortex.o
 .text.HAL_NVIC_SetPriorityGrouping
                0x0000000008002e78       0x16 ./Drivers/STM32H7xx_HAL_Driver/Src/stm32h7xx_hal_cortex.o
                0x0000000008002e78                HAL_NVIC_SetPriorityGrouping
 .text.HAL_NVIC_SetPriority
                0x0000000008002e8e       0x34 ./Drivers/STM32H7xx_HAL_Driver/Src/stm32h7xx_hal_cortex.o
                0x0000000008002e8e                HAL_NVIC_SetPriority
 .text.HAL_SYSTICK_Config
                0x0000000008002ec2       0x18 ./Drivers/STM32H7xx_HAL_Driver/Src/stm32h7xx_hal_cortex.o
                0x0000000008002ec2                HAL_SYSTICK_Config
 *fill*         0x0000000008002eda        0x2 
 .text.HAL_MPU_Disable
                0x0000000008002edc       0x30 ./Drivers/STM32H7xx_HAL_Driver/Src/stm32h7xx_hal_cortex.o
                0x0000000008002edc                HAL_MPU_Disable
 .text.HAL_MPU_Enable
                0x0000000008002f0c       0x40 ./Drivers/STM32H7xx_HAL_Driver/Src/stm32h7xx_hal_cortex.o
                0x0000000008002f0c                HAL_MPU_Enable
 .text.HAL_MPU_ConfigRegion
                0x0000000008002f4c       0x88 ./Drivers/STM32H7xx_HAL_Driver/Src/stm32h7xx_hal_cortex.o
                0x0000000008002f4c                HAL_MPU_ConfigRegion
 .text.HAL_GPIO_Init
                0x0000000008002fd4      0x360 ./Drivers/STM32H7xx_HAL_Driver/Src/stm32h7xx_hal_gpio.o
                0x0000000008002fd4                HAL_GPIO_Init
 .text.HAL_GPIO_ReadPin
                0x0000000008003334       0x30 ./Drivers/STM32H7xx_HAL_Driver/Src/stm32h7xx_hal_gpio.o
                0x0000000008003334                HAL_GPIO_ReadPin
 .text.HAL_GPIO_WritePin
                0x0000000008003364       0x32 ./Drivers/STM32H7xx_HAL_Driver/Src/stm32h7xx_hal_gpio.o
                0x0000000008003364                HAL_GPIO_WritePin
 *fill*         0x0000000008003396        0x2 
 .text.HAL_PWREx_ConfigSupply
                0x0000000008003398       0x74 ./Drivers/STM32H7xx_HAL_Driver/Src/stm32h7xx_hal_pwr_ex.o
                0x0000000008003398                HAL_PWREx_ConfigSupply
 .text.HAL_RCC_OscConfig
                0x000000000800340c      0x8b4 ./Drivers/STM32H7xx_HAL_Driver/Src/stm32h7xx_hal_rcc.o
                0x000000000800340c                HAL_RCC_OscConfig
 .text.HAL_RCC_ClockConfig
                0x0000000008003cc0      0x36c ./Drivers/STM32H7xx_HAL_Driver/Src/stm32h7xx_hal_rcc.o
                0x0000000008003cc0                HAL_RCC_ClockConfig
 .text.HAL_RCC_GetSysClockFreq
                0x000000000800402c      0x2f4 ./Drivers/STM32H7xx_HAL_Driver/Src/stm32h7xx_hal_rcc.o
                0x000000000800402c                HAL_RCC_GetSysClockFreq
 .text.HAL_RCC_GetHCLKFreq
                0x0000000008004320       0x60 ./Drivers/STM32H7xx_HAL_Driver/Src/stm32h7xx_hal_rcc.o
                0x0000000008004320                HAL_RCC_GetHCLKFreq
 .text.HAL_RCC_GetPCLK1Freq
                0x0000000008004380       0x2c ./Drivers/STM32H7xx_HAL_Driver/Src/stm32h7xx_hal_rcc.o
                0x0000000008004380                HAL_RCC_GetPCLK1Freq
 .text.HAL_RCCEx_PeriphCLKConfig
                0x00000000080043ac     0x1414 ./Drivers/STM32H7xx_HAL_Driver/Src/stm32h7xx_hal_rcc_ex.o
                0x00000000080043ac                HAL_RCCEx_PeriphCLKConfig
 .text.HAL_RCCEx_GetPeriphCLKFreq
                0x00000000080057c0      0xb00 ./Drivers/STM32H7xx_HAL_Driver/Src/stm32h7xx_hal_rcc_ex.o
                0x00000000080057c0                HAL_RCCEx_GetPeriphCLKFreq
 .text.HAL_RCCEx_GetD3PCLK1Freq
                0x00000000080062c0       0x2c ./Drivers/STM32H7xx_HAL_Driver/Src/stm32h7xx_hal_rcc_ex.o
                0x00000000080062c0                HAL_RCCEx_GetD3PCLK1Freq
 .text.HAL_RCCEx_GetPLL2ClockFreq
                0x00000000080062ec      0x2a8 ./Drivers/STM32H7xx_HAL_Driver/Src/stm32h7xx_hal_rcc_ex.o
                0x00000000080062ec                HAL_RCCEx_GetPLL2ClockFreq
 .text.HAL_RCCEx_GetPLL3ClockFreq
                0x0000000008006594      0x2a8 ./Drivers/STM32H7xx_HAL_Driver/Src/stm32h7xx_hal_rcc_ex.o
                0x0000000008006594                HAL_RCCEx_GetPLL3ClockFreq
 .text.HAL_RCCEx_GetPLL1ClockFreq
                0x000000000800683c      0x2a4 ./Drivers/STM32H7xx_HAL_Driver/Src/stm32h7xx_hal_rcc_ex.o
                0x000000000800683c                HAL_RCCEx_GetPLL1ClockFreq
 .text.RCCEx_PLL2_Config
                0x0000000008006ae0      0x164 ./Drivers/STM32H7xx_HAL_Driver/Src/stm32h7xx_hal_rcc_ex.o
 .text.RCCEx_PLL3_Config
                0x0000000008006c44      0x164 ./Drivers/STM32H7xx_HAL_Driver/Src/stm32h7xx_hal_rcc_ex.o
 .text.HAL_RTC_Init
                0x0000000008006da8      0x104 ./Drivers/STM32H7xx_HAL_Driver/Src/stm32h7xx_hal_rtc.o
                0x0000000008006da8                HAL_RTC_Init
 .text.HAL_RTC_SetTime
                0x0000000008006eac      0x13c ./Drivers/STM32H7xx_HAL_Driver/Src/stm32h7xx_hal_rtc.o
                0x0000000008006eac                HAL_RTC_SetTime
 .text.HAL_RTC_GetTime
                0x0000000008006fe8       0xb8 ./Drivers/STM32H7xx_HAL_Driver/Src/stm32h7xx_hal_rtc.o
                0x0000000008006fe8                HAL_RTC_GetTime
 .text.HAL_RTC_SetDate
                0x00000000080070a0      0x110 ./Drivers/STM32H7xx_HAL_Driver/Src/stm32h7xx_hal_rtc.o
                0x00000000080070a0                HAL_RTC_SetDate
 .text.HAL_RTC_GetDate
                0x00000000080071b0       0x9c ./Drivers/STM32H7xx_HAL_Driver/Src/stm32h7xx_hal_rtc.o
                0x00000000080071b0                HAL_RTC_GetDate
 .text.HAL_RTC_WaitForSynchro
                0x000000000800724c       0x48 ./Drivers/STM32H7xx_HAL_Driver/Src/stm32h7xx_hal_rtc.o
                0x000000000800724c                HAL_RTC_WaitForSynchro
 .text.RTC_EnterInitMode
                0x0000000008007294       0x66 ./Drivers/STM32H7xx_HAL_Driver/Src/stm32h7xx_hal_rtc.o
                0x0000000008007294                RTC_EnterInitMode
 *fill*         0x00000000080072fa        0x2 
 .text.RTC_ExitInitMode
                0x00000000080072fc       0x7c ./Drivers/STM32H7xx_HAL_Driver/Src/stm32h7xx_hal_rtc.o
                0x00000000080072fc                RTC_ExitInitMode
 .text.RTC_ByteToBcd2
                0x0000000008007378       0x40 ./Drivers/STM32H7xx_HAL_Driver/Src/stm32h7xx_hal_rtc.o
                0x0000000008007378                RTC_ByteToBcd2
 .text.RTC_Bcd2ToByte
                0x00000000080073b8       0x34 ./Drivers/STM32H7xx_HAL_Driver/Src/stm32h7xx_hal_rtc.o
                0x00000000080073b8                RTC_Bcd2ToByte
 .text.HAL_SPI_Init
                0x00000000080073ec      0x248 ./Drivers/STM32H7xx_HAL_Driver/Src/stm32h7xx_hal_spi.o
                0x00000000080073ec                HAL_SPI_Init
 .text.HAL_SPI_Transmit
                0x0000000008007634      0x3f8 ./Drivers/STM32H7xx_HAL_Driver/Src/stm32h7xx_hal_spi.o
                0x0000000008007634                HAL_SPI_Transmit
 .text.HAL_SPI_Receive
                0x0000000008007a2c      0x320 ./Drivers/STM32H7xx_HAL_Driver/Src/stm32h7xx_hal_spi.o
                0x0000000008007a2c                HAL_SPI_Receive
 .text.SPI_CloseTransfer
                0x0000000008007d4c      0x140 ./Drivers/STM32H7xx_HAL_Driver/Src/stm32h7xx_hal_spi.o
 .text.SPI_WaitOnFlagUntilTimeout
                0x0000000008007e8c       0x5c ./Drivers/STM32H7xx_HAL_Driver/Src/stm32h7xx_hal_spi.o
 .text.SPI_GetPacketSize
                0x0000000008007ee8       0x36 ./Drivers/STM32H7xx_HAL_Driver/Src/stm32h7xx_hal_spi.o
 .text.HAL_TIM_PWM_Init
                0x0000000008007f1e       0xae ./Drivers/STM32H7xx_HAL_Driver/Src/stm32h7xx_hal_tim.o
                0x0000000008007f1e                HAL_TIM_PWM_Init
 .text.HAL_TIM_PWM_ConfigChannel
                0x0000000008007fcc      0x228 ./Drivers/STM32H7xx_HAL_Driver/Src/stm32h7xx_hal_tim.o
                0x0000000008007fcc                HAL_TIM_PWM_ConfigChannel
 .text.TIM_Base_SetConfig
                0x00000000080081f4      0x134 ./Drivers/STM32H7xx_HAL_Driver/Src/stm32h7xx_hal_tim.o
                0x00000000080081f4                TIM_Base_SetConfig
 .text.TIM_OC1_SetConfig
                0x0000000008008328      0x120 ./Drivers/STM32H7xx_HAL_Driver/Src/stm32h7xx_hal_tim.o
 .text.TIM_OC2_SetConfig
                0x0000000008008448      0x114 ./Drivers/STM32H7xx_HAL_Driver/Src/stm32h7xx_hal_tim.o
                0x0000000008008448                TIM_OC2_SetConfig
 .text.TIM_OC3_SetConfig
                0x000000000800855c      0x110 ./Drivers/STM32H7xx_HAL_Driver/Src/stm32h7xx_hal_tim.o
 .text.TIM_OC4_SetConfig
                0x000000000800866c       0xd4 ./Drivers/STM32H7xx_HAL_Driver/Src/stm32h7xx_hal_tim.o
 .text.TIM_OC5_SetConfig
                0x0000000008008740       0xc8 ./Drivers/STM32H7xx_HAL_Driver/Src/stm32h7xx_hal_tim.o
 .text.TIM_OC6_SetConfig
                0x0000000008008808       0xcc ./Drivers/STM32H7xx_HAL_Driver/Src/stm32h7xx_hal_tim.o
 .text.HAL_TIMEx_PWMN_Start
                0x00000000080088d4      0x184 ./Drivers/STM32H7xx_HAL_Driver/Src/stm32h7xx_hal_tim_ex.o
                0x00000000080088d4                HAL_TIMEx_PWMN_Start
 .text.HAL_TIMEx_MasterConfigSynchronization
                0x0000000008008a58      0x11c ./Drivers/STM32H7xx_HAL_Driver/Src/stm32h7xx_hal_tim_ex.o
                0x0000000008008a58                HAL_TIMEx_MasterConfigSynchronization
 .text.HAL_TIMEx_ConfigBreakDeadTime
                0x0000000008008b74       0xfc ./Drivers/STM32H7xx_HAL_Driver/Src/stm32h7xx_hal_tim_ex.o
                0x0000000008008b74                HAL_TIMEx_ConfigBreakDeadTime
 .text.TIM_CCxNChannelCmd
                0x0000000008008c70       0x4a ./Drivers/STM32H7xx_HAL_Driver/Src/stm32h7xx_hal_tim_ex.o
 *fill*         0x0000000008008cba        0x2 
 .text.LCD_Test
                0x0000000008008cbc      0x1ac ./ST7735/lcd.o
                0x0000000008008cbc                LCD_Test
 .text.LCD_SetBrightness
                0x0000000008008e68       0x20 ./ST7735/lcd.o
                0x0000000008008e68                LCD_SetBrightness
 .text.LCD_GetBrightness
                0x0000000008008e88       0x18 ./ST7735/lcd.o
                0x0000000008008e88                LCD_GetBrightness
 .text.LCD_Light
                0x0000000008008ea0       0xea ./ST7735/lcd.o
                0x0000000008008ea0                LCD_Light
 *fill*         0x0000000008008f8a        0x2 
 .text.LCD_ShowChar
                0x0000000008008f8c      0x424 ./ST7735/lcd.o
                0x0000000008008f8c                LCD_ShowChar
 .text.LCD_ShowString
                0x00000000080093b0       0x9a ./ST7735/lcd.o
                0x00000000080093b0                LCD_ShowString
 *fill*         0x000000000800944a        0x2 
 .text.lcd_init
                0x000000000800944c       0x20 ./ST7735/lcd.o
 .text.lcd_gettick
                0x000000000800946c        0xe ./ST7735/lcd.o
 *fill*         0x000000000800947a        0x2 
 .text.lcd_writereg
                0x000000000800947c       0x94 ./ST7735/lcd.o
 .text.lcd_readreg
                0x0000000008009510       0x88 ./ST7735/lcd.o
 .text.lcd_senddata
                0x0000000008009598       0x58 ./ST7735/lcd.o
 .text.lcd_recvdata
                0x00000000080095f0       0x5c ./ST7735/lcd.o
 .text.ST7735_RegisterBusIO
                0x000000000800964c       0xa8 ./ST7735/st7735.o
                0x000000000800964c                ST7735_RegisterBusIO
 .text.ST7735_Init
                0x00000000080096f4      0x77e ./ST7735/st7735.o
                0x00000000080096f4                ST7735_Init
 .text.ST7735_DeInit
                0x0000000008009e72       0x16 ./ST7735/st7735.o
                0x0000000008009e72                ST7735_DeInit
 .text.ST7735_ReadID
                0x0000000008009e88       0x8e ./ST7735/st7735.o
                0x0000000008009e88                ST7735_ReadID
 *fill*         0x0000000008009f16        0x2 
 .text.ST7735_DisplayOn
                0x0000000008009f18       0xc8 ./ST7735/st7735.o
                0x0000000008009f18                ST7735_DisplayOn
 .text.ST7735_DisplayOff
                0x0000000008009fe0       0xc8 ./ST7735/st7735.o
                0x0000000008009fe0                ST7735_DisplayOff
 .text.ST7735_SetBrightness
                0x000000000800a0a8       0x1a ./ST7735/st7735.o
                0x000000000800a0a8                ST7735_SetBrightness
 .text.ST7735_GetBrightness
                0x000000000800a0c2       0x1a ./ST7735/st7735.o
                0x000000000800a0c2                ST7735_GetBrightness
 .text.ST7735_SetOrientation
                0x000000000800a0dc      0x11c ./ST7735/st7735.o
                0x000000000800a0dc                ST7735_SetOrientation
 .text.ST7735_GetOrientation
                0x000000000800a1f8       0x24 ./ST7735/st7735.o
                0x000000000800a1f8                ST7735_GetOrientation
 .text.ST7735_SetCursor
                0x000000000800a21c      0x178 ./ST7735/st7735.o
                0x000000000800a21c                ST7735_SetCursor
 .text.ST7735_DrawBitmap
                0x000000000800a394      0x214 ./ST7735/st7735.o
                0x000000000800a394                ST7735_DrawBitmap
 .text.ST7735_FillRGBRect
                0x000000000800a5a8       0xd4 ./ST7735/st7735.o
                0x000000000800a5a8                ST7735_FillRGBRect
 .text.ST7735_DrawHLine
                0x000000000800a67c       0xa0 ./ST7735/st7735.o
                0x000000000800a67c                ST7735_DrawHLine
 .text.ST7735_DrawVLine
                0x000000000800a71c       0x68 ./ST7735/st7735.o
                0x000000000800a71c                ST7735_DrawVLine
 .text.ST7735_FillRect
                0x000000000800a784       0x58 ./ST7735/st7735.o
                0x000000000800a784                ST7735_FillRect
 .text.ST7735_SetPixel
                0x000000000800a7dc       0x88 ./ST7735/st7735.o
                0x000000000800a7dc                ST7735_SetPixel
 .text.ST7735_GetPixel
                0x000000000800a864       0x9e ./ST7735/st7735.o
                0x000000000800a864                ST7735_GetPixel
 *fill*         0x000000000800a902        0x2 
 .text.ST7735_GetXSize
                0x000000000800a904       0x24 ./ST7735/st7735.o
                0x000000000800a904                ST7735_GetXSize
 .text.ST7735_GetYSize
                0x000000000800a928       0x24 ./ST7735/st7735.o
                0x000000000800a928                ST7735_GetYSize
 .text.ST7735_SetDisplayWindow
                0x000000000800a94c      0x208 ./ST7735/st7735.o
 .text.ST7735_ReadRegWrap
                0x000000000800ab54       0x28 ./ST7735/st7735.o
 .text.ST7735_WriteRegWrap
                0x000000000800ab7c       0x2a ./ST7735/st7735.o
 .text.ST7735_SendDataWrap
                0x000000000800aba6       0x24 ./ST7735/st7735.o
 .text.ST7735_RecvDataWrap
                0x000000000800abca       0x24 ./ST7735/st7735.o
 .text.ST7735_IO_Delay
                0x000000000800abee       0x34 ./ST7735/st7735.o
 .text.st7735_read_reg
                0x000000000800ac22       0x26 ./ST7735/st7735_reg.o
                0x000000000800ac22                st7735_read_reg
 .text.st7735_write_reg
                0x000000000800ac48       0x2a ./ST7735/st7735_reg.o
                0x000000000800ac48                st7735_write_reg
 .text.st7735_send_data
                0x000000000800ac72       0x24 ./ST7735/st7735_reg.o
                0x000000000800ac72                st7735_send_data
 .text.st7735_recv_data
                0x000000000800ac96       0x24 ./ST7735/st7735_reg.o
                0x000000000800ac96                st7735_recv_data
 .text.MPU_Config
                0x000000000800acba       0x90 ./ST7735/test.o
                0x000000000800acba                MPU_Config
 *fill*         0x000000000800ad4a        0x2 
 .text.CPU_CACHE_Enable
                0x000000000800ad4c       0xdc ./ST7735/test.o
                0x000000000800ad4c                CPU_CACHE_Enable
 .text.__errno  0x000000000800ae28        0xc c:/st/stm32cubeide_1.11.0/stm32cubeide/plugins/com.st.stm32cube.ide.mcu.externaltools.gnu-tools-for-stm32.10.3-2021.10.win32_1.0.100.202210260954/tools/bin/../lib/gcc/arm-none-eabi/10.3.1/../../../../arm-none-eabi/lib/thumb/v7e-m+dp/hard\libc_nano.a(lib_a-errno.o)
                0x000000000800ae28                __errno
 .text.__libc_init_array
                0x000000000800ae34       0x48 c:/st/stm32cubeide_1.11.0/stm32cubeide/plugins/com.st.stm32cube.ide.mcu.externaltools.gnu-tools-for-stm32.10.3-2021.10.win32_1.0.100.202210260954/tools/bin/../lib/gcc/arm-none-eabi/10.3.1/../../../../arm-none-eabi/lib/thumb/v7e-m+dp/hard\libc_nano.a(lib_a-init.o)
                0x000000000800ae34                __libc_init_array
 .text.memset   0x000000000800ae7c       0x10 c:/st/stm32cubeide_1.11.0/stm32cubeide/plugins/com.st.stm32cube.ide.mcu.externaltools.gnu-tools-for-stm32.10.3-2021.10.win32_1.0.100.202210260954/tools/bin/../lib/gcc/arm-none-eabi/10.3.1/../../../../arm-none-eabi/lib/thumb/v7e-m+dp/hard\libc_nano.a(lib_a-memset.o)
                0x000000000800ae7c                memset
 .text.sprintf  0x000000000800ae8c       0x40 c:/st/stm32cubeide_1.11.0/stm32cubeide/plugins/com.st.stm32cube.ide.mcu.externaltools.gnu-tools-for-stm32.10.3-2021.10.win32_1.0.100.202210260954/tools/bin/../lib/gcc/arm-none-eabi/10.3.1/../../../../arm-none-eabi/lib/thumb/v7e-m+dp/hard\libc_nano.a(lib_a-sprintf.o)
                0x000000000800ae8c                siprintf
                0x000000000800ae8c                sprintf
 .text.__ssputs_r
                0x000000000800aecc       0xb6 c:/st/stm32cubeide_1.11.0/stm32cubeide/plugins/com.st.stm32cube.ide.mcu.externaltools.gnu-tools-for-stm32.10.3-2021.10.win32_1.0.100.202210260954/tools/bin/../lib/gcc/arm-none-eabi/10.3.1/../../../../arm-none-eabi/lib/thumb/v7e-m+dp/hard\libc_nano.a(lib_a-nano-svfprintf.o)
                0x000000000800aecc                __ssputs_r
 *fill*         0x000000000800af82        0x2 
 .text._svfprintf_r
                0x000000000800af84      0x200 c:/st/stm32cubeide_1.11.0/stm32cubeide/plugins/com.st.stm32cube.ide.mcu.externaltools.gnu-tools-for-stm32.10.3-2021.10.win32_1.0.100.202210260954/tools/bin/../lib/gcc/arm-none-eabi/10.3.1/../../../../arm-none-eabi/lib/thumb/v7e-m+dp/hard\libc_nano.a(lib_a-nano-svfprintf.o)
                0x000000000800af84                _svfiprintf_r
                0x000000000800af84                _svfprintf_r
 .text._printf_common
                0x000000000800b184       0xda c:/st/stm32cubeide_1.11.0/stm32cubeide/plugins/com.st.stm32cube.ide.mcu.externaltools.gnu-tools-for-stm32.10.3-2021.10.win32_1.0.100.202210260954/tools/bin/../lib/gcc/arm-none-eabi/10.3.1/../../../../arm-none-eabi/lib/thumb/v7e-m+dp/hard\libc_nano.a(lib_a-nano-vfprintf_i.o)
                0x000000000800b184                _printf_common
 *fill*         0x000000000800b25e        0x2 
 .text._printf_i
                0x000000000800b260      0x24c c:/st/stm32cubeide_1.11.0/stm32cubeide/plugins/com.st.stm32cube.ide.mcu.externaltools.gnu-tools-for-stm32.10.3-2021.10.win32_1.0.100.202210260954/tools/bin/../lib/gcc/arm-none-eabi/10.3.1/../../../../arm-none-eabi/lib/thumb/v7e-m+dp/hard\libc_nano.a(lib_a-nano-vfprintf_i.o)
                0x000000000800b260                _printf_i
 .text.memcpy   0x000000000800b4ac       0x1c c:/st/stm32cubeide_1.11.0/stm32cubeide/plugins/com.st.stm32cube.ide.mcu.externaltools.gnu-tools-for-stm32.10.3-2021.10.win32_1.0.100.202210260954/tools/bin/../lib/gcc/arm-none-eabi/10.3.1/../../../../arm-none-eabi/lib/thumb/v7e-m+dp/hard\libc_nano.a(lib_a-memcpy-stub.o)
                0x000000000800b4ac                memcpy
 .text.memmove  0x000000000800b4c8       0x34 c:/st/stm32cubeide_1.11.0/stm32cubeide/plugins/com.st.stm32cube.ide.mcu.externaltools.gnu-tools-for-stm32.10.3-2021.10.win32_1.0.100.202210260954/tools/bin/../lib/gcc/arm-none-eabi/10.3.1/../../../../arm-none-eabi/lib/thumb/v7e-m+dp/hard\libc_nano.a(lib_a-memmove.o)
                0x000000000800b4c8                memmove
 .text._free_r  0x000000000800b4fc       0x98 c:/st/stm32cubeide_1.11.0/stm32cubeide/plugins/com.st.stm32cube.ide.mcu.externaltools.gnu-tools-for-stm32.10.3-2021.10.win32_1.0.100.202210260954/tools/bin/../lib/gcc/arm-none-eabi/10.3.1/../../../../arm-none-eabi/lib/thumb/v7e-m+dp/hard\libc_nano.a(lib_a-nano-freer.o)
                0x000000000800b4fc                _free_r
 .text.sbrk_aligned
                0x000000000800b594       0x40 c:/st/stm32cubeide_1.11.0/stm32cubeide/plugins/com.st.stm32cube.ide.mcu.externaltools.gnu-tools-for-stm32.10.3-2021.10.win32_1.0.100.202210260954/tools/bin/../lib/gcc/arm-none-eabi/10.3.1/../../../../arm-none-eabi/lib/thumb/v7e-m+dp/hard\libc_nano.a(lib_a-nano-mallocr.o)
 .text._malloc_r
                0x000000000800b5d4       0xe8 c:/st/stm32cubeide_1.11.0/stm32cubeide/plugins/com.st.stm32cube.ide.mcu.externaltools.gnu-tools-for-stm32.10.3-2021.10.win32_1.0.100.202210260954/tools/bin/../lib/gcc/arm-none-eabi/10.3.1/../../../../arm-none-eabi/lib/thumb/v7e-m+dp/hard\libc_nano.a(lib_a-nano-mallocr.o)
                0x000000000800b5d4                _malloc_r
 .text._realloc_r
                0x000000000800b6bc       0x5e c:/st/stm32cubeide_1.11.0/stm32cubeide/plugins/com.st.stm32cube.ide.mcu.externaltools.gnu-tools-for-stm32.10.3-2021.10.win32_1.0.100.202210260954/tools/bin/../lib/gcc/arm-none-eabi/10.3.1/../../../../arm-none-eabi/lib/thumb/v7e-m+dp/hard\libc_nano.a(lib_a-nano-reallocr.o)
                0x000000000800b6bc                _realloc_r
 *fill*         0x000000000800b71a        0x2 
 .text._sbrk_r  0x000000000800b71c       0x20 c:/st/stm32cubeide_1.11.0/stm32cubeide/plugins/com.st.stm32cube.ide.mcu.externaltools.gnu-tools-for-stm32.10.3-2021.10.win32_1.0.100.202210260954/tools/bin/../lib/gcc/arm-none-eabi/10.3.1/../../../../arm-none-eabi/lib/thumb/v7e-m+dp/hard\libc_nano.a(lib_a-sbrkr.o)
                0x000000000800b71c                _sbrk_r
 .text.__malloc_lock
                0x000000000800b73c        0xc c:/st/stm32cubeide_1.11.0/stm32cubeide/plugins/com.st.stm32cube.ide.mcu.externaltools.gnu-tools-for-stm32.10.3-2021.10.win32_1.0.100.202210260954/tools/bin/../lib/gcc/arm-none-eabi/10.3.1/../../../../arm-none-eabi/lib/thumb/v7e-m+dp/hard\libc_nano.a(lib_a-mlock.o)
                0x000000000800b73c                __malloc_lock
 .text.__malloc_unlock
                0x000000000800b748        0xc c:/st/stm32cubeide_1.11.0/stm32cubeide/plugins/com.st.stm32cube.ide.mcu.externaltools.gnu-tools-for-stm32.10.3-2021.10.win32_1.0.100.202210260954/tools/bin/../lib/gcc/arm-none-eabi/10.3.1/../../../../arm-none-eabi/lib/thumb/v7e-m+dp/hard\libc_nano.a(lib_a-mlock.o)
                0x000000000800b748                __malloc_unlock
 .text._malloc_usable_size_r
                0x000000000800b754       0x10 c:/st/stm32cubeide_1.11.0/stm32cubeide/plugins/com.st.stm32cube.ide.mcu.externaltools.gnu-tools-for-stm32.10.3-2021.10.win32_1.0.100.202210260954/tools/bin/../lib/gcc/arm-none-eabi/10.3.1/../../../../arm-none-eabi/lib/thumb/v7e-m+dp/hard\libc_nano.a(lib_a-nano-msizer.o)
                0x000000000800b754                _malloc_usable_size_r
 .text.__retarget_lock_acquire_recursive
                0x000000000800b764        0x2 c:/st/stm32cubeide_1.11.0/stm32cubeide/plugins/com.st.stm32cube.ide.mcu.externaltools.gnu-tools-for-stm32.10.3-2021.10.win32_1.0.100.202210260954/tools/bin/../lib/gcc/arm-none-eabi/10.3.1/../../../../arm-none-eabi/lib/thumb/v7e-m+dp/hard\libc_nano.a(lib_a-lock.o)
                0x000000000800b764                __retarget_lock_acquire_recursive
 .text.__retarget_lock_release_recursive
                0x000000000800b766        0x2 c:/st/stm32cubeide_1.11.0/stm32cubeide/plugins/com.st.stm32cube.ide.mcu.externaltools.gnu-tools-for-stm32.10.3-2021.10.win32_1.0.100.202210260954/tools/bin/../lib/gcc/arm-none-eabi/10.3.1/../../../../arm-none-eabi/lib/thumb/v7e-m+dp/hard\libc_nano.a(lib_a-lock.o)
                0x000000000800b766                __retarget_lock_release_recursive
 *(.glue_7)
 .glue_7        0x000000000800b768        0x0 linker stubs
 *(.glue_7t)
 .glue_7t       0x000000000800b768        0x0 linker stubs
 *(.eh_frame)
 .eh_frame      0x000000000800b768        0x0 c:/st/stm32cubeide_1.11.0/stm32cubeide/plugins/com.st.stm32cube.ide.mcu.externaltools.gnu-tools-for-stm32.10.3-2021.10.win32_1.0.100.202210260954/tools/bin/../lib/gcc/arm-none-eabi/10.3.1/thumb/v7e-m+dp/hard/crtbegin.o
 *(.init)
 .init          0x000000000800b768        0x4 c:/st/stm32cubeide_1.11.0/stm32cubeide/plugins/com.st.stm32cube.ide.mcu.externaltools.gnu-tools-for-stm32.10.3-2021.10.win32_1.0.100.202210260954/tools/bin/../lib/gcc/arm-none-eabi/10.3.1/thumb/v7e-m+dp/hard/crti.o
                0x000000000800b768                _init
 .init          0x000000000800b76c        0x8 c:/st/stm32cubeide_1.11.0/stm32cubeide/plugins/com.st.stm32cube.ide.mcu.externaltools.gnu-tools-for-stm32.10.3-2021.10.win32_1.0.100.202210260954/tools/bin/../lib/gcc/arm-none-eabi/10.3.1/thumb/v7e-m+dp/hard/crtn.o
 *(.fini)
 .fini          0x000000000800b774        0x4 c:/st/stm32cubeide_1.11.0/stm32cubeide/plugins/com.st.stm32cube.ide.mcu.externaltools.gnu-tools-for-stm32.10.3-2021.10.win32_1.0.100.202210260954/tools/bin/../lib/gcc/arm-none-eabi/10.3.1/thumb/v7e-m+dp/hard/crti.o
                0x000000000800b774                _fini
 .fini          0x000000000800b778        0x8 c:/st/stm32cubeide_1.11.0/stm32cubeide/plugins/com.st.stm32cube.ide.mcu.externaltools.gnu-tools-for-stm32.10.3-2021.10.win32_1.0.100.202210260954/tools/bin/../lib/gcc/arm-none-eabi/10.3.1/thumb/v7e-m+dp/hard/crtn.o
                0x000000000800b780                . = ALIGN (0x4)
                0x000000000800b780                _etext = .

.vfp11_veneer   0x000000000800b780        0x0
 .vfp11_veneer  0x000000000800b780        0x0 linker stubs

.v4_bx          0x000000000800b780        0x0
 .v4_bx         0x000000000800b780        0x0 linker stubs

.iplt           0x000000000800b780        0x0
 .iplt          0x000000000800b780        0x0 c:/st/stm32cubeide_1.11.0/stm32cubeide/plugins/com.st.stm32cube.ide.mcu.externaltools.gnu-tools-for-stm32.10.3-2021.10.win32_1.0.100.202210260954/tools/bin/../lib/gcc/arm-none-eabi/10.3.1/thumb/v7e-m+dp/hard/crtbegin.o

.rodata         0x000000000800b780     0x6f1c
                0x000000000800b780                . = ALIGN (0x4)
 *(.rodata)
 .rodata        0x000000000800b780       0x24 ./Core/Src/main.o
 .rodata        0x000000000800b7a4        0x5 ./ST7735/lcd.o
 *(.rodata*)
 *fill*         0x000000000800b7a9        0x3 
 .rodata.D1CorePrescTable
                0x000000000800b7ac       0x10 ./Core/Src/system_stm32h7xx.o
                0x000000000800b7ac                D1CorePrescTable
 .rodata.asc2_1206
                0x000000000800b7bc      0x474 ./ST7735/lcd.o
                0x000000000800b7bc                asc2_1206
 .rodata.asc2_1608
                0x000000000800bc30      0x5f0 ./ST7735/lcd.o
                0x000000000800bc30                asc2_1608
 .rodata.WeActStudiologo_160_80
                0x000000000800c220     0x6449 ./ST7735/logo_160_80.o
                0x000000000800c220                WeActStudiologo_160_80
 .rodata._svfprintf_r.str1.1
                0x0000000008012669       0x11 c:/st/stm32cubeide_1.11.0/stm32cubeide/plugins/com.st.stm32cube.ide.mcu.externaltools.gnu-tools-for-stm32.10.3-2021.10.win32_1.0.100.202210260954/tools/bin/../lib/gcc/arm-none-eabi/10.3.1/../../../../arm-none-eabi/lib/thumb/v7e-m+dp/hard\libc_nano.a(lib_a-nano-svfprintf.o)
 .rodata._printf_i.str1.1
                0x000000000801267a       0x22 c:/st/stm32cubeide_1.11.0/stm32cubeide/plugins/com.st.stm32cube.ide.mcu.externaltools.gnu-tools-for-stm32.10.3-2021.10.win32_1.0.100.202210260954/tools/bin/../lib/gcc/arm-none-eabi/10.3.1/../../../../arm-none-eabi/lib/thumb/v7e-m+dp/hard\libc_nano.a(lib_a-nano-vfprintf_i.o)
                0x000000000801269c                . = ALIGN (0x4)

.rel.dyn        0x000000000801269c        0x0
 .rel.iplt      0x000000000801269c        0x0 c:/st/stm32cubeide_1.11.0/stm32cubeide/plugins/com.st.stm32cube.ide.mcu.externaltools.gnu-tools-for-stm32.10.3-2021.10.win32_1.0.100.202210260954/tools/bin/../lib/gcc/arm-none-eabi/10.3.1/thumb/v7e-m+dp/hard/crtbegin.o

.ARM.extab
 *(.ARM.extab* .gnu.linkonce.armextab.*)

.ARM            0x000000000801269c        0x0
                0x000000000801269c                __exidx_start = .
 *(.ARM.exidx*)
                0x000000000801269c                __exidx_end = .

.preinit_array  0x000000000801269c        0x0
                0x000000000801269c                PROVIDE (__preinit_array_start = .)
 *(.preinit_array*)
                0x000000000801269c                PROVIDE (__preinit_array_end = .)

.init_array     0x000000000801269c        0x4
                0x000000000801269c                PROVIDE (__init_array_start = .)
 *(SORT_BY_NAME(.init_array.*))
 *(.init_array*)
 .init_array    0x000000000801269c        0x4 c:/st/stm32cubeide_1.11.0/stm32cubeide/plugins/com.st.stm32cube.ide.mcu.externaltools.gnu-tools-for-stm32.10.3-2021.10.win32_1.0.100.202210260954/tools/bin/../lib/gcc/arm-none-eabi/10.3.1/thumb/v7e-m+dp/hard/crtbegin.o
                0x00000000080126a0                PROVIDE (__init_array_end = .)

.fini_array     0x00000000080126a0        0x4
                [!provide]                        PROVIDE (__fini_array_start = .)
 *(SORT_BY_NAME(.fini_array.*))
 *(.fini_array*)
 .fini_array    0x00000000080126a0        0x4 c:/st/stm32cubeide_1.11.0/stm32cubeide/plugins/com.st.stm32cube.ide.mcu.externaltools.gnu-tools-for-stm32.10.3-2021.10.win32_1.0.100.202210260954/tools/bin/../lib/gcc/arm-none-eabi/10.3.1/thumb/v7e-m+dp/hard/crtbegin.o
                [!provide]                        PROVIDE (__fini_array_end = .)
                0x00000000080126a4                _sidata = LOADADDR (.data)

.data           0x0000000024000000      0x104 load address 0x00000000080126a4
                0x0000000024000000                . = ALIGN (0x4)
                0x0000000024000000                _sdata = .
 *(.data)
 *(.data*)
 .data.SystemCoreClock
                0x0000000024000000        0x4 ./Core/Src/system_stm32h7xx.o
                0x0000000024000000                SystemCoreClock
 .data.SystemD2Clock
                0x0000000024000004        0x4 ./Core/Src/system_stm32h7xx.o
                0x0000000024000004                SystemD2Clock
 .data.uwTickPrio
                0x0000000024000008        0x4 ./Drivers/STM32H7xx_HAL_Driver/Src/stm32h7xx_hal.o
                0x0000000024000008                uwTickPrio
 .data.uwTickFreq
                0x000000002400000c        0x1 ./Drivers/STM32H7xx_HAL_Driver/Src/stm32h7xx_hal.o
                0x000000002400000c                uwTickFreq
 *fill*         0x000000002400000d        0x3 
 .data.st7735_pIO
                0x0000000024000010       0x20 ./ST7735/lcd.o
                0x0000000024000010                st7735_pIO
 .data.POINT_COLOR
                0x0000000024000030        0x2 ./ST7735/lcd.o
                0x0000000024000030                POINT_COLOR
 *fill*         0x0000000024000032        0x2 
 .data.ST7735_LCD_Driver
                0x0000000024000034       0x4c ./ST7735/st7735.o
                0x0000000024000034                ST7735_LCD_Driver
 .data.OrientationTab
                0x0000000024000080       0x20 ./ST7735/st7735.o
 .data._impure_ptr
                0x00000000240000a0        0x4 c:/st/stm32cubeide_1.11.0/stm32cubeide/plugins/com.st.stm32cube.ide.mcu.externaltools.gnu-tools-for-stm32.10.3-2021.10.win32_1.0.100.202210260954/tools/bin/../lib/gcc/arm-none-eabi/10.3.1/../../../../arm-none-eabi/lib/thumb/v7e-m+dp/hard\libc_nano.a(lib_a-impure.o)
                0x00000000240000a0                _impure_ptr
 .data.impure_data
                0x00000000240000a4       0x60 c:/st/stm32cubeide_1.11.0/stm32cubeide/plugins/com.st.stm32cube.ide.mcu.externaltools.gnu-tools-for-stm32.10.3-2021.10.win32_1.0.100.202210260954/tools/bin/../lib/gcc/arm-none-eabi/10.3.1/../../../../arm-none-eabi/lib/thumb/v7e-m+dp/hard\libc_nano.a(lib_a-impure.o)
 *(.RamFunc)
 *(.RamFunc*)
                0x0000000024000104                . = ALIGN (0x4)
                0x0000000024000104                _edata = .

.igot.plt       0x0000000024000104        0x0 load address 0x00000000080127a8
 .igot.plt      0x0000000024000104        0x0 c:/st/stm32cubeide_1.11.0/stm32cubeide/plugins/com.st.stm32cube.ide.mcu.externaltools.gnu-tools-for-stm32.10.3-2021.10.win32_1.0.100.202210260954/tools/bin/../lib/gcc/arm-none-eabi/10.3.1/thumb/v7e-m+dp/hard/crtbegin.o
                0x0000000024000104                . = ALIGN (0x4)

.bss            0x0000000024000104      0x6e4 load address 0x00000000080127a8
                0x0000000024000104                _sbss = .
                0x0000000024000104                __bss_start__ = _sbss
 *(.bss)
 .bss           0x0000000024000104       0x1c c:/st/stm32cubeide_1.11.0/stm32cubeide/plugins/com.st.stm32cube.ide.mcu.externaltools.gnu-tools-for-stm32.10.3-2021.10.win32_1.0.100.202210260954/tools/bin/../lib/gcc/arm-none-eabi/10.3.1/thumb/v7e-m+dp/hard/crtbegin.o
 *(.bss*)
 .bss.hadc1     0x0000000024000120       0x64 ./Core/Src/adc.o
                0x0000000024000120                hadc1
 .bss.adc_value
                0x0000000024000184        0x2 ./Core/Src/main.o
                0x0000000024000184                adc_value
 *fill*         0x0000000024000186        0x2 
 .bss.hrtc      0x0000000024000188       0x24 ./Core/Src/rtc.o
                0x0000000024000188                hrtc
 .bss.hspi4     0x00000000240001ac       0x88 ./Core/Src/spi.o
                0x00000000240001ac                hspi4
 .bss.__sbrk_heap_end
                0x0000000024000234        0x4 ./Core/Src/sysmem.o
 .bss.htim1     0x0000000024000238       0x4c ./Core/Src/tim.o
                0x0000000024000238                htim1
 .bss.uwTick    0x0000000024000284        0x4 ./Drivers/STM32H7xx_HAL_Driver/Src/stm32h7xx_hal.o
                0x0000000024000284                uwTick
 .bss.st7735_pObj
                0x0000000024000288       0x38 ./ST7735/lcd.o
                0x0000000024000288                st7735_pObj
 .bss.st7735_id
                0x00000000240002c0        0x4 ./ST7735/lcd.o
                0x00000000240002c0                st7735_id
 .bss.BACK_COLOR
                0x00000000240002c4        0x2 ./ST7735/lcd.o
                0x00000000240002c4                BACK_COLOR
 *fill*         0x00000000240002c6        0x2 
 .bss.ST7735Ctx
                0x00000000240002c8       0x10 ./ST7735/st7735.o
                0x00000000240002c8                ST7735Ctx
 .bss.pdata.1   0x00000000240002d8      0x280 ./ST7735/st7735.o
 .bss.pdata.0   0x0000000024000558      0x280 ./ST7735/st7735.o
 .bss.__malloc_free_list
                0x00000000240007d8        0x4 c:/st/stm32cubeide_1.11.0/stm32cubeide/plugins/com.st.stm32cube.ide.mcu.externaltools.gnu-tools-for-stm32.10.3-2021.10.win32_1.0.100.202210260954/tools/bin/../lib/gcc/arm-none-eabi/10.3.1/../../../../arm-none-eabi/lib/thumb/v7e-m+dp/hard\libc_nano.a(lib_a-nano-mallocr.o)
                0x00000000240007d8                __malloc_free_list
 .bss.__malloc_sbrk_start
                0x00000000240007dc        0x4 c:/st/stm32cubeide_1.11.0/stm32cubeide/plugins/com.st.stm32cube.ide.mcu.externaltools.gnu-tools-for-stm32.10.3-2021.10.win32_1.0.100.202210260954/tools/bin/../lib/gcc/arm-none-eabi/10.3.1/../../../../arm-none-eabi/lib/thumb/v7e-m+dp/hard\libc_nano.a(lib_a-nano-mallocr.o)
                0x00000000240007dc                __malloc_sbrk_start
 .bss.errno     0x00000000240007e0        0x4 c:/st/stm32cubeide_1.11.0/stm32cubeide/plugins/com.st.stm32cube.ide.mcu.externaltools.gnu-tools-for-stm32.10.3-2021.10.win32_1.0.100.202210260954/tools/bin/../lib/gcc/arm-none-eabi/10.3.1/../../../../arm-none-eabi/lib/thumb/v7e-m+dp/hard\libc_nano.a(lib_a-reent.o)
                0x00000000240007e0                errno
 .bss.__lock___malloc_recursive_mutex
                0x00000000240007e4        0x1 c:/st/stm32cubeide_1.11.0/stm32cubeide/plugins/com.st.stm32cube.ide.mcu.externaltools.gnu-tools-for-stm32.10.3-2021.10.win32_1.0.100.202210260954/tools/bin/../lib/gcc/arm-none-eabi/10.3.1/../../../../arm-none-eabi/lib/thumb/v7e-m+dp/hard\libc_nano.a(lib_a-lock.o)
                0x00000000240007e4                __lock___malloc_recursive_mutex
 *(COMMON)
                0x00000000240007e8                . = ALIGN (0x4)
 *fill*         0x00000000240007e5        0x3 
                0x00000000240007e8                _ebss = .
                0x00000000240007e8                __bss_end__ = _ebss

._user_heap_stack
                0x00000000240007e8      0x600 load address 0x00000000080127a8
                0x00000000240007e8                . = ALIGN (0x8)
                [!provide]                        PROVIDE (end = .)
                0x00000000240007e8                PROVIDE (_end = .)
                0x00000000240009e8                . = (. + _Min_Heap_Size)
 *fill*         0x00000000240007e8      0x200 
                0x0000000024000de8                . = (. + _Min_Stack_Size)
 *fill*         0x00000000240009e8      0x400 
                0x0000000024000de8                . = ALIGN (0x8)

/DISCARD/
 libc.a(*)
 libm.a(*)
 libgcc.a(*)

.ARM.attributes
                0x0000000000000000       0x2e
 *(.ARM.attributes)
 .ARM.attributes
                0x0000000000000000       0x1e c:/st/stm32cubeide_1.11.0/stm32cubeide/plugins/com.st.stm32cube.ide.mcu.externaltools.gnu-tools-for-stm32.10.3-2021.10.win32_1.0.100.202210260954/tools/bin/../lib/gcc/arm-none-eabi/10.3.1/thumb/v7e-m+dp/hard/crti.o
 .ARM.attributes
                0x000000000000001e       0x32 c:/st/stm32cubeide_1.11.0/stm32cubeide/plugins/com.st.stm32cube.ide.mcu.externaltools.gnu-tools-for-stm32.10.3-2021.10.win32_1.0.100.202210260954/tools/bin/../lib/gcc/arm-none-eabi/10.3.1/thumb/v7e-m+dp/hard/crtbegin.o
 .ARM.attributes
                0x0000000000000050       0x32 ./Core/Src/adc.o
 .ARM.attributes
                0x0000000000000082       0x32 ./Core/Src/gpio.o
 .ARM.attributes
                0x00000000000000b4       0x32 ./Core/Src/main.o
 .ARM.attributes
                0x00000000000000e6       0x32 ./Core/Src/rtc.o
 .ARM.attributes
                0x0000000000000118       0x32 ./Core/Src/spi.o
 .ARM.attributes
                0x000000000000014a       0x32 ./Core/Src/stm32h7xx_hal_msp.o
 .ARM.attributes
                0x000000000000017c       0x32 ./Core/Src/stm32h7xx_it.o
 .ARM.attributes
                0x00000000000001ae       0x32 ./Core/Src/sysmem.o
 .ARM.attributes
                0x00000000000001e0       0x32 ./Core/Src/system_stm32h7xx.o
 .ARM.attributes
                0x0000000000000212       0x32 ./Core/Src/tim.o
 .ARM.attributes
                0x0000000000000244       0x21 ./Core/Startup/startup_stm32h743vitx.o
 .ARM.attributes
                0x0000000000000265       0x32 ./Drivers/STM32H7xx_HAL_Driver/Src/stm32h7xx_hal.o
 .ARM.attributes
                0x0000000000000297       0x32 ./Drivers/STM32H7xx_HAL_Driver/Src/stm32h7xx_hal_adc.o
 .ARM.attributes
                0x00000000000002c9       0x32 ./Drivers/STM32H7xx_HAL_Driver/Src/stm32h7xx_hal_adc_ex.o
 .ARM.attributes
                0x00000000000002fb       0x32 ./Drivers/STM32H7xx_HAL_Driver/Src/stm32h7xx_hal_cortex.o
 .ARM.attributes
                0x000000000000032d       0x32 ./Drivers/STM32H7xx_HAL_Driver/Src/stm32h7xx_hal_gpio.o
 .ARM.attributes
                0x000000000000035f       0x32 ./Drivers/STM32H7xx_HAL_Driver/Src/stm32h7xx_hal_pwr_ex.o
 .ARM.attributes
                0x0000000000000391       0x32 ./Drivers/STM32H7xx_HAL_Driver/Src/stm32h7xx_hal_rcc.o
 .ARM.attributes
                0x00000000000003c3       0x32 ./Drivers/STM32H7xx_HAL_Driver/Src/stm32h7xx_hal_rcc_ex.o
 .ARM.attributes
                0x00000000000003f5       0x32 ./Drivers/STM32H7xx_HAL_Driver/Src/stm32h7xx_hal_rtc.o
 .ARM.attributes
                0x0000000000000427       0x32 ./Drivers/STM32H7xx_HAL_Driver/Src/stm32h7xx_hal_spi.o
 .ARM.attributes
                0x0000000000000459       0x32 ./Drivers/STM32H7xx_HAL_Driver/Src/stm32h7xx_hal_tim.o
 .ARM.attributes
                0x000000000000048b       0x32 ./Drivers/STM32H7xx_HAL_Driver/Src/stm32h7xx_hal_tim_ex.o
 .ARM.attributes
                0x00000000000004bd       0x32 ./ST7735/lcd.o
 .ARM.attributes
                0x00000000000004ef       0x32 ./ST7735/logo_160_80.o
 .ARM.attributes
                0x0000000000000521       0x32 ./ST7735/st7735.o
 .ARM.attributes
                0x0000000000000553       0x32 ./ST7735/st7735_reg.o
 .ARM.attributes
                0x0000000000000585       0x32 ./ST7735/test.o
 .ARM.attributes
                0x00000000000005b7       0x32 c:/st/stm32cubeide_1.11.0/stm32cubeide/plugins/com.st.stm32cube.ide.mcu.externaltools.gnu-tools-for-stm32.10.3-2021.10.win32_1.0.100.202210260954/tools/bin/../lib/gcc/arm-none-eabi/10.3.1/../../../../arm-none-eabi/lib/thumb/v7e-m+dp/hard\libc_nano.a(lib_a-errno.o)
 .ARM.attributes
                0x00000000000005e9       0x32 c:/st/stm32cubeide_1.11.0/stm32cubeide/plugins/com.st.stm32cube.ide.mcu.externaltools.gnu-tools-for-stm32.10.3-2021.10.win32_1.0.100.202210260954/tools/bin/../lib/gcc/arm-none-eabi/10.3.1/../../../../arm-none-eabi/lib/thumb/v7e-m+dp/hard\libc_nano.a(lib_a-impure.o)
 .ARM.attributes
                0x000000000000061b       0x32 c:/st/stm32cubeide_1.11.0/stm32cubeide/plugins/com.st.stm32cube.ide.mcu.externaltools.gnu-tools-for-stm32.10.3-2021.10.win32_1.0.100.202210260954/tools/bin/../lib/gcc/arm-none-eabi/10.3.1/../../../../arm-none-eabi/lib/thumb/v7e-m+dp/hard\libc_nano.a(lib_a-init.o)
 .ARM.attributes
                0x000000000000064d       0x32 c:/st/stm32cubeide_1.11.0/stm32cubeide/plugins/com.st.stm32cube.ide.mcu.externaltools.gnu-tools-for-stm32.10.3-2021.10.win32_1.0.100.202210260954/tools/bin/../lib/gcc/arm-none-eabi/10.3.1/../../../../arm-none-eabi/lib/thumb/v7e-m+dp/hard\libc_nano.a(lib_a-memset.o)
 .ARM.attributes
                0x000000000000067f       0x32 c:/st/stm32cubeide_1.11.0/stm32cubeide/plugins/com.st.stm32cube.ide.mcu.externaltools.gnu-tools-for-stm32.10.3-2021.10.win32_1.0.100.202210260954/tools/bin/../lib/gcc/arm-none-eabi/10.3.1/../../../../arm-none-eabi/lib/thumb/v7e-m+dp/hard\libc_nano.a(lib_a-sprintf.o)
 .ARM.attributes
                0x00000000000006b1       0x32 c:/st/stm32cubeide_1.11.0/stm32cubeide/plugins/com.st.stm32cube.ide.mcu.externaltools.gnu-tools-for-stm32.10.3-2021.10.win32_1.0.100.202210260954/tools/bin/../lib/gcc/arm-none-eabi/10.3.1/../../../../arm-none-eabi/lib/thumb/v7e-m+dp/hard\libc_nano.a(lib_a-nano-svfprintf.o)
 .ARM.attributes
                0x00000000000006e3       0x32 c:/st/stm32cubeide_1.11.0/stm32cubeide/plugins/com.st.stm32cube.ide.mcu.externaltools.gnu-tools-for-stm32.10.3-2021.10.win32_1.0.100.202210260954/tools/bin/../lib/gcc/arm-none-eabi/10.3.1/../../../../arm-none-eabi/lib/thumb/v7e-m+dp/hard\libc_nano.a(lib_a-nano-vfprintf_i.o)
 .ARM.attributes
                0x0000000000000715       0x1c c:/st/stm32cubeide_1.11.0/stm32cubeide/plugins/com.st.stm32cube.ide.mcu.externaltools.gnu-tools-for-stm32.10.3-2021.10.win32_1.0.100.202210260954/tools/bin/../lib/gcc/arm-none-eabi/10.3.1/../../../../arm-none-eabi/lib/thumb/v7e-m+dp/hard\libc_nano.a(lib_a-memchr.o)
 .ARM.attributes
                0x0000000000000731       0x32 c:/st/stm32cubeide_1.11.0/stm32cubeide/plugins/com.st.stm32cube.ide.mcu.externaltools.gnu-tools-for-stm32.10.3-2021.10.win32_1.0.100.202210260954/tools/bin/../lib/gcc/arm-none-eabi/10.3.1/../../../../arm-none-eabi/lib/thumb/v7e-m+dp/hard\libc_nano.a(lib_a-memcpy-stub.o)
 .ARM.attributes
                0x0000000000000763       0x32 c:/st/stm32cubeide_1.11.0/stm32cubeide/plugins/com.st.stm32cube.ide.mcu.externaltools.gnu-tools-for-stm32.10.3-2021.10.win32_1.0.100.202210260954/tools/bin/../lib/gcc/arm-none-eabi/10.3.1/../../../../arm-none-eabi/lib/thumb/v7e-m+dp/hard\libc_nano.a(lib_a-memmove.o)
 .ARM.attributes
                0x0000000000000795       0x32 c:/st/stm32cubeide_1.11.0/stm32cubeide/plugins/com.st.stm32cube.ide.mcu.externaltools.gnu-tools-for-stm32.10.3-2021.10.win32_1.0.100.202210260954/tools/bin/../lib/gcc/arm-none-eabi/10.3.1/../../../../arm-none-eabi/lib/thumb/v7e-m+dp/hard\libc_nano.a(lib_a-nano-freer.o)
 .ARM.attributes
                0x00000000000007c7       0x32 c:/st/stm32cubeide_1.11.0/stm32cubeide/plugins/com.st.stm32cube.ide.mcu.externaltools.gnu-tools-for-stm32.10.3-2021.10.win32_1.0.100.202210260954/tools/bin/../lib/gcc/arm-none-eabi/10.3.1/../../../../arm-none-eabi/lib/thumb/v7e-m+dp/hard\libc_nano.a(lib_a-nano-mallocr.o)
 .ARM.attributes
                0x00000000000007f9       0x32 c:/st/stm32cubeide_1.11.0/stm32cubeide/plugins/com.st.stm32cube.ide.mcu.externaltools.gnu-tools-for-stm32.10.3-2021.10.win32_1.0.100.202210260954/tools/bin/../lib/gcc/arm-none-eabi/10.3.1/../../../../arm-none-eabi/lib/thumb/v7e-m+dp/hard\libc_nano.a(lib_a-nano-reallocr.o)
 .ARM.attributes
                0x000000000000082b       0x32 c:/st/stm32cubeide_1.11.0/stm32cubeide/plugins/com.st.stm32cube.ide.mcu.externaltools.gnu-tools-for-stm32.10.3-2021.10.win32_1.0.100.202210260954/tools/bin/../lib/gcc/arm-none-eabi/10.3.1/../../../../arm-none-eabi/lib/thumb/v7e-m+dp/hard\libc_nano.a(lib_a-sbrkr.o)
 .ARM.attributes
                0x000000000000085d       0x32 c:/st/stm32cubeide_1.11.0/stm32cubeide/plugins/com.st.stm32cube.ide.mcu.externaltools.gnu-tools-for-stm32.10.3-2021.10.win32_1.0.100.202210260954/tools/bin/../lib/gcc/arm-none-eabi/10.3.1/../../../../arm-none-eabi/lib/thumb/v7e-m+dp/hard\libc_nano.a(lib_a-mlock.o)
 .ARM.attributes
                0x000000000000088f       0x32 c:/st/stm32cubeide_1.11.0/stm32cubeide/plugins/com.st.stm32cube.ide.mcu.externaltools.gnu-tools-for-stm32.10.3-2021.10.win32_1.0.100.202210260954/tools/bin/../lib/gcc/arm-none-eabi/10.3.1/../../../../arm-none-eabi/lib/thumb/v7e-m+dp/hard\libc_nano.a(lib_a-nano-msizer.o)
 .ARM.attributes
                0x00000000000008c1       0x32 c:/st/stm32cubeide_1.11.0/stm32cubeide/plugins/com.st.stm32cube.ide.mcu.externaltools.gnu-tools-for-stm32.10.3-2021.10.win32_1.0.100.202210260954/tools/bin/../lib/gcc/arm-none-eabi/10.3.1/../../../../arm-none-eabi/lib/thumb/v7e-m+dp/hard\libc_nano.a(lib_a-reent.o)
 .ARM.attributes
                0x00000000000008f3       0x32 c:/st/stm32cubeide_1.11.0/stm32cubeide/plugins/com.st.stm32cube.ide.mcu.externaltools.gnu-tools-for-stm32.10.3-2021.10.win32_1.0.100.202210260954/tools/bin/../lib/gcc/arm-none-eabi/10.3.1/../../../../arm-none-eabi/lib/thumb/v7e-m+dp/hard\libc_nano.a(lib_a-lock.o)
 .ARM.attributes
                0x0000000000000925       0x1e c:/st/stm32cubeide_1.11.0/stm32cubeide/plugins/com.st.stm32cube.ide.mcu.externaltools.gnu-tools-for-stm32.10.3-2021.10.win32_1.0.100.202210260954/tools/bin/../lib/gcc/arm-none-eabi/10.3.1/thumb/v7e-m+dp/hard/crtn.o
OUTPUT(LCD_test.elf elf32-littlearm)
LOAD linker stubs
LOAD c:/st/stm32cubeide_1.11.0/stm32cubeide/plugins/com.st.stm32cube.ide.mcu.externaltools.gnu-tools-for-stm32.10.3-2021.10.win32_1.0.100.202210260954/tools/bin/../lib/gcc/arm-none-eabi/10.3.1/../../../../arm-none-eabi/lib/thumb/v7e-m+dp/hard\libc.a
LOAD c:/st/stm32cubeide_1.11.0/stm32cubeide/plugins/com.st.stm32cube.ide.mcu.externaltools.gnu-tools-for-stm32.10.3-2021.10.win32_1.0.100.202210260954/tools/bin/../lib/gcc/arm-none-eabi/10.3.1/../../../../arm-none-eabi/lib/thumb/v7e-m+dp/hard\libm.a
LOAD c:/st/stm32cubeide_1.11.0/stm32cubeide/plugins/com.st.stm32cube.ide.mcu.externaltools.gnu-tools-for-stm32.10.3-2021.10.win32_1.0.100.202210260954/tools/bin/../lib/gcc/arm-none-eabi/10.3.1/thumb/v7e-m+dp/hard\libgcc.a

.debug_info     0x0000000000000000    0x1c4e7
 .debug_info    0x0000000000000000     0x1294 ./Core/Src/adc.o
 .debug_info    0x0000000000001294      0x68b ./Core/Src/gpio.o
 .debug_info    0x000000000000191f     0x1fa4 ./Core/Src/main.o
 .debug_info    0x00000000000038c3      0xdb4 ./Core/Src/rtc.o
 .debug_info    0x0000000000004677     0x10df ./Core/Src/spi.o
 .debug_info    0x0000000000005756      0x4a4 ./Core/Src/stm32h7xx_hal_msp.o
 .debug_info    0x0000000000005bfa      0x137 ./Core/Src/stm32h7xx_it.o
 .debug_info    0x0000000000005d31      0x171 ./Core/Src/sysmem.o
 .debug_info    0x0000000000005ea2      0xd07 ./Core/Src/system_stm32h7xx.o
 .debug_info    0x0000000000006ba9      0xfe7 ./Core/Src/tim.o
 .debug_info    0x0000000000007b90       0x22 ./Core/Startup/startup_stm32h743vitx.o
 .debug_info    0x0000000000007bb2     0x15d7 ./Drivers/STM32H7xx_HAL_Driver/Src/stm32h7xx_hal.o
 .debug_info    0x0000000000009189     0x1fb4 ./Drivers/STM32H7xx_HAL_Driver/Src/stm32h7xx_hal_adc.o
 .debug_info    0x000000000000b13d     0x20cf ./Drivers/STM32H7xx_HAL_Driver/Src/stm32h7xx_hal_adc_ex.o
 .debug_info    0x000000000000d20c     0x116d ./Drivers/STM32H7xx_HAL_Driver/Src/stm32h7xx_hal_cortex.o
 .debug_info    0x000000000000e379      0xd28 ./Drivers/STM32H7xx_HAL_Driver/Src/stm32h7xx_hal_gpio.o
 .debug_info    0x000000000000f0a1     0x109d ./Drivers/STM32H7xx_HAL_Driver/Src/stm32h7xx_hal_pwr_ex.o
 .debug_info    0x000000000001013e      0xf4a ./Drivers/STM32H7xx_HAL_Driver/Src/stm32h7xx_hal_rcc.o
 .debug_info    0x0000000000011088     0x12d9 ./Drivers/STM32H7xx_HAL_Driver/Src/stm32h7xx_hal_rcc_ex.o
 .debug_info    0x0000000000012361      0xf49 ./Drivers/STM32H7xx_HAL_Driver/Src/stm32h7xx_hal_rtc.o
 .debug_info    0x00000000000132aa     0x159c ./Drivers/STM32H7xx_HAL_Driver/Src/stm32h7xx_hal_spi.o
 .debug_info    0x0000000000014846     0x2e05 ./Drivers/STM32H7xx_HAL_Driver/Src/stm32h7xx_hal_tim.o
 .debug_info    0x000000000001764b     0x1928 ./Drivers/STM32H7xx_HAL_Driver/Src/stm32h7xx_hal_tim_ex.o
 .debug_info    0x0000000000018f73     0x192c ./ST7735/lcd.o
 .debug_info    0x000000000001a89f       0xa3 ./ST7735/logo_160_80.o
 .debug_info    0x000000000001a942     0x121d ./ST7735/st7735.o
 .debug_info    0x000000000001bb5f      0x2da ./ST7735/st7735_reg.o
 .debug_info    0x000000000001be39      0x6ae ./ST7735/test.o

.debug_abbrev   0x0000000000000000     0x368c
 .debug_abbrev  0x0000000000000000      0x215 ./Core/Src/adc.o
 .debug_abbrev  0x0000000000000215      0x17b ./Core/Src/gpio.o
 .debug_abbrev  0x0000000000000390      0x30e ./Core/Src/main.o
 .debug_abbrev  0x000000000000069e      0x1c1 ./Core/Src/rtc.o
 .debug_abbrev  0x000000000000085f      0x21c ./Core/Src/spi.o
 .debug_abbrev  0x0000000000000a7b       0xda ./Core/Src/stm32h7xx_hal_msp.o
 .debug_abbrev  0x0000000000000b55       0x74 ./Core/Src/stm32h7xx_it.o
 .debug_abbrev  0x0000000000000bc9       0xbb ./Core/Src/sysmem.o
 .debug_abbrev  0x0000000000000c84      0x147 ./Core/Src/system_stm32h7xx.o
 .debug_abbrev  0x0000000000000dcb      0x22b ./Core/Src/tim.o
 .debug_abbrev  0x0000000000000ff6       0x12 ./Core/Startup/startup_stm32h743vitx.o
 .debug_abbrev  0x0000000000001008      0x289 ./Drivers/STM32H7xx_HAL_Driver/Src/stm32h7xx_hal.o
 .debug_abbrev  0x0000000000001291      0x2bf ./Drivers/STM32H7xx_HAL_Driver/Src/stm32h7xx_hal_adc.o
 .debug_abbrev  0x0000000000001550      0x305 ./Drivers/STM32H7xx_HAL_Driver/Src/stm32h7xx_hal_adc_ex.o
 .debug_abbrev  0x0000000000001855      0x329 ./Drivers/STM32H7xx_HAL_Driver/Src/stm32h7xx_hal_cortex.o
 .debug_abbrev  0x0000000000001b7e      0x1ec ./Drivers/STM32H7xx_HAL_Driver/Src/stm32h7xx_hal_gpio.o
 .debug_abbrev  0x0000000000001d6a      0x28f ./Drivers/STM32H7xx_HAL_Driver/Src/stm32h7xx_hal_pwr_ex.o
 .debug_abbrev  0x0000000000001ff9      0x2b8 ./Drivers/STM32H7xx_HAL_Driver/Src/stm32h7xx_hal_rcc.o
 .debug_abbrev  0x00000000000022b1      0x25c ./Drivers/STM32H7xx_HAL_Driver/Src/stm32h7xx_hal_rcc_ex.o
 .debug_abbrev  0x000000000000250d      0x1f0 ./Drivers/STM32H7xx_HAL_Driver/Src/stm32h7xx_hal_rtc.o
 .debug_abbrev  0x00000000000026fd      0x2a2 ./Drivers/STM32H7xx_HAL_Driver/Src/stm32h7xx_hal_spi.o
 .debug_abbrev  0x000000000000299f      0x264 ./Drivers/STM32H7xx_HAL_Driver/Src/stm32h7xx_hal_tim.o
 .debug_abbrev  0x0000000000002c03      0x26c ./Drivers/STM32H7xx_HAL_Driver/Src/stm32h7xx_hal_tim_ex.o
 .debug_abbrev  0x0000000000002e6f      0x332 ./ST7735/lcd.o
 .debug_abbrev  0x00000000000031a1       0x55 ./ST7735/logo_160_80.o
 .debug_abbrev  0x00000000000031f6      0x1fd ./ST7735/st7735.o
 .debug_abbrev  0x00000000000033f3       0xda ./ST7735/st7735_reg.o
 .debug_abbrev  0x00000000000034cd      0x1bf ./ST7735/test.o

.debug_aranges  0x0000000000000000     0x15b0
 .debug_aranges
                0x0000000000000000       0x30 ./Core/Src/adc.o
 .debug_aranges
                0x0000000000000030       0x20 ./Core/Src/gpio.o
 .debug_aranges
                0x0000000000000050       0x48 ./Core/Src/main.o
 .debug_aranges
                0x0000000000000098       0x30 ./Core/Src/rtc.o
 .debug_aranges
                0x00000000000000c8       0x30 ./Core/Src/spi.o
 .debug_aranges
                0x00000000000000f8       0x20 ./Core/Src/stm32h7xx_hal_msp.o
 .debug_aranges
                0x0000000000000118       0x60 ./Core/Src/stm32h7xx_it.o
 .debug_aranges
                0x0000000000000178       0x20 ./Core/Src/sysmem.o
 .debug_aranges
                0x0000000000000198       0x28 ./Core/Src/system_stm32h7xx.o
 .debug_aranges
                0x00000000000001c0       0x38 ./Core/Src/tim.o
 .debug_aranges
                0x00000000000001f8       0x28 ./Core/Startup/startup_stm32h743vitx.o
 .debug_aranges
                0x0000000000000220      0x198 ./Drivers/STM32H7xx_HAL_Driver/Src/stm32h7xx_hal.o
 .debug_aranges
                0x00000000000003b8      0x228 ./Drivers/STM32H7xx_HAL_Driver/Src/stm32h7xx_hal_adc.o
 .debug_aranges
                0x00000000000005e0      0x1d8 ./Drivers/STM32H7xx_HAL_Driver/Src/stm32h7xx_hal_adc_ex.o
 .debug_aranges
                0x00000000000007b8      0x120 ./Drivers/STM32H7xx_HAL_Driver/Src/stm32h7xx_hal_cortex.o
 .debug_aranges
                0x00000000000008d8       0x58 ./Drivers/STM32H7xx_HAL_Driver/Src/stm32h7xx_hal_gpio.o
 .debug_aranges
                0x0000000000000930      0x158 ./Drivers/STM32H7xx_HAL_Driver/Src/stm32h7xx_hal_pwr_ex.o
 .debug_aranges
                0x0000000000000a88       0x88 ./Drivers/STM32H7xx_HAL_Driver/Src/stm32h7xx_hal_rcc.o
 .debug_aranges
                0x0000000000000b10       0xf8 ./Drivers/STM32H7xx_HAL_Driver/Src/stm32h7xx_hal_rcc_ex.o
 .debug_aranges
                0x0000000000000c08       0xc0 ./Drivers/STM32H7xx_HAL_Driver/Src/stm32h7xx_hal_rtc.o
 .debug_aranges
                0x0000000000000cc8      0x1a8 ./Drivers/STM32H7xx_HAL_Driver/Src/stm32h7xx_hal_spi.o
 .debug_aranges
                0x0000000000000e70      0x3e0 ./Drivers/STM32H7xx_HAL_Driver/Src/stm32h7xx_hal_tim.o
 .debug_aranges
                0x0000000000001250      0x188 ./Drivers/STM32H7xx_HAL_Driver/Src/stm32h7xx_hal_tim_ex.o
 .debug_aranges
                0x00000000000013d8       0x78 ./ST7735/lcd.o
 .debug_aranges
                0x0000000000001450       0x18 ./ST7735/logo_160_80.o
 .debug_aranges
                0x0000000000001468       0xe8 ./ST7735/st7735.o
 .debug_aranges
                0x0000000000001550       0x38 ./ST7735/st7735_reg.o
 .debug_aranges
                0x0000000000001588       0x28 ./ST7735/test.o

.debug_ranges   0x0000000000000000     0x13f0
 .debug_ranges  0x0000000000000000       0x20 ./Core/Src/adc.o
 .debug_ranges  0x0000000000000020       0x10 ./Core/Src/gpio.o
 .debug_ranges  0x0000000000000030       0x38 ./Core/Src/main.o
 .debug_ranges  0x0000000000000068       0x20 ./Core/Src/rtc.o
 .debug_ranges  0x0000000000000088       0x20 ./Core/Src/spi.o
 .debug_ranges  0x00000000000000a8       0x10 ./Core/Src/stm32h7xx_hal_msp.o
 .debug_ranges  0x00000000000000b8       0x50 ./Core/Src/stm32h7xx_it.o
 .debug_ranges  0x0000000000000108       0x10 ./Core/Src/sysmem.o
 .debug_ranges  0x0000000000000118       0x18 ./Core/Src/system_stm32h7xx.o
 .debug_ranges  0x0000000000000130       0x28 ./Core/Src/tim.o
 .debug_ranges  0x0000000000000158       0x20 ./Core/Startup/startup_stm32h743vitx.o
 .debug_ranges  0x0000000000000178      0x188 ./Drivers/STM32H7xx_HAL_Driver/Src/stm32h7xx_hal.o
 .debug_ranges  0x0000000000000300      0x218 ./Drivers/STM32H7xx_HAL_Driver/Src/stm32h7xx_hal_adc.o
 .debug_ranges  0x0000000000000518      0x1c8 ./Drivers/STM32H7xx_HAL_Driver/Src/stm32h7xx_hal_adc_ex.o
 .debug_ranges  0x00000000000006e0      0x110 ./Drivers/STM32H7xx_HAL_Driver/Src/stm32h7xx_hal_cortex.o
 .debug_ranges  0x00000000000007f0       0x48 ./Drivers/STM32H7xx_HAL_Driver/Src/stm32h7xx_hal_gpio.o
 .debug_ranges  0x0000000000000838      0x148 ./Drivers/STM32H7xx_HAL_Driver/Src/stm32h7xx_hal_pwr_ex.o
 .debug_ranges  0x0000000000000980       0x78 ./Drivers/STM32H7xx_HAL_Driver/Src/stm32h7xx_hal_rcc.o
 .debug_ranges  0x00000000000009f8       0xe8 ./Drivers/STM32H7xx_HAL_Driver/Src/stm32h7xx_hal_rcc_ex.o
 .debug_ranges  0x0000000000000ae0       0xb0 ./Drivers/STM32H7xx_HAL_Driver/Src/stm32h7xx_hal_rtc.o
 .debug_ranges  0x0000000000000b90      0x198 ./Drivers/STM32H7xx_HAL_Driver/Src/stm32h7xx_hal_spi.o
 .debug_ranges  0x0000000000000d28      0x3d0 ./Drivers/STM32H7xx_HAL_Driver/Src/stm32h7xx_hal_tim.o
 .debug_ranges  0x00000000000010f8      0x178 ./Drivers/STM32H7xx_HAL_Driver/Src/stm32h7xx_hal_tim_ex.o
 .debug_ranges  0x0000000000001270       0x68 ./ST7735/lcd.o
 .debug_ranges  0x00000000000012d8       0xd8 ./ST7735/st7735.o
 .debug_ranges  0x00000000000013b0       0x28 ./ST7735/st7735_reg.o
 .debug_ranges  0x00000000000013d8       0x18 ./ST7735/test.o

.debug_macro    0x0000000000000000    0x3b8d1
 .debug_macro   0x0000000000000000      0x302 ./Core/Src/adc.o
 .debug_macro   0x0000000000000302      0xa90 ./Core/Src/adc.o
 .debug_macro   0x0000000000000d92      0x244 ./Core/Src/adc.o
 .debug_macro   0x0000000000000fd6       0x2e ./Core/Src/adc.o
 .debug_macro   0x0000000000001004       0x3b ./Core/Src/adc.o
 .debug_macro   0x000000000000103f       0x22 ./Core/Src/adc.o
 .debug_macro   0x0000000000001061       0x8e ./Core/Src/adc.o
 .debug_macro   0x00000000000010ef       0x51 ./Core/Src/adc.o
 .debug_macro   0x0000000000001140      0x103 ./Core/Src/adc.o
 .debug_macro   0x0000000000001243       0x6a ./Core/Src/adc.o
 .debug_macro   0x00000000000012ad      0x1df ./Core/Src/adc.o
 .debug_macro   0x000000000000148c       0x1c ./Core/Src/adc.o
 .debug_macro   0x00000000000014a8       0x22 ./Core/Src/adc.o
 .debug_macro   0x00000000000014ca       0xfb ./Core/Src/adc.o
 .debug_macro   0x00000000000015c5     0x1305 ./Core/Src/adc.o
 .debug_macro   0x00000000000028ca      0x11f ./Core/Src/adc.o
 .debug_macro   0x00000000000029e9       0x27 ./Core/Src/adc.o
 .debug_macro   0x0000000000002a10    0x25882 ./Core/Src/adc.o
 .debug_macro   0x0000000000028292       0x6d ./Core/Src/adc.o
 .debug_macro   0x00000000000282ff     0x3d5d ./Core/Src/adc.o
 .debug_macro   0x000000000002c05c      0x174 ./Core/Src/adc.o
 .debug_macro   0x000000000002c1d0       0x52 ./Core/Src/adc.o
 .debug_macro   0x000000000002c222       0x1d ./Core/Src/adc.o
 .debug_macro   0x000000000002c23f       0x3c ./Core/Src/adc.o
 .debug_macro   0x000000000002c27b       0x34 ./Core/Src/adc.o
 .debug_macro   0x000000000002c2af       0x16 ./Core/Src/adc.o
 .debug_macro   0x000000000002c2c5       0x43 ./Core/Src/adc.o
 .debug_macro   0x000000000002c308       0x34 ./Core/Src/adc.o
 .debug_macro   0x000000000002c33c       0x10 ./Core/Src/adc.o
 .debug_macro   0x000000000002c34c       0x58 ./Core/Src/adc.o
 .debug_macro   0x000000000002c3a4       0x71 ./Core/Src/adc.o
 .debug_macro   0x000000000002c415       0x1c ./Core/Src/adc.o
 .debug_macro   0x000000000002c431      0x12a ./Core/Src/adc.o
 .debug_macro   0x000000000002c55b      0x341 ./Core/Src/adc.o
 .debug_macro   0x000000000002c89c      0x19b ./Core/Src/adc.o
 .debug_macro   0x000000000002ca37       0x5d ./Core/Src/adc.o
 .debug_macro   0x000000000002ca94     0x2382 ./Core/Src/adc.o
 .debug_macro   0x000000000002ee16     0x102c ./Core/Src/adc.o
 .debug_macro   0x000000000002fe42      0x154 ./Core/Src/adc.o
 .debug_macro   0x000000000002ff96      0x114 ./Core/Src/adc.o
 .debug_macro   0x00000000000300aa      0x3b2 ./Core/Src/adc.o
 .debug_macro   0x000000000003045c       0xac ./Core/Src/adc.o
 .debug_macro   0x0000000000030508      0x72d ./Core/Src/adc.o
 .debug_macro   0x0000000000030c35      0x228 ./Core/Src/adc.o
 .debug_macro   0x0000000000030e5d       0x66 ./Core/Src/adc.o
 .debug_macro   0x0000000000030ec3      0x3bb ./Core/Src/adc.o
 .debug_macro   0x000000000003127e      0x3e4 ./Core/Src/adc.o
 .debug_macro   0x0000000000031662      0x275 ./Core/Src/adc.o
 .debug_macro   0x00000000000318d7     0x1044 ./Core/Src/adc.o
 .debug_macro   0x000000000003291b      0x6cc ./Core/Src/adc.o
 .debug_macro   0x0000000000032fe7      0x36e ./Core/Src/adc.o
 .debug_macro   0x0000000000033355      0x3ca ./Core/Src/adc.o
 .debug_macro   0x000000000003371f      0x408 ./Core/Src/adc.o
 .debug_macro   0x0000000000033b27       0x51 ./Core/Src/adc.o
 .debug_macro   0x0000000000033b78       0x4a ./Core/Src/adc.o
 .debug_macro   0x0000000000033bc2      0x22c ./Core/Src/adc.o
 .debug_macro   0x0000000000033dee       0x67 ./Core/Src/adc.o
 .debug_macro   0x0000000000033e55       0xa5 ./Core/Src/adc.o
 .debug_macro   0x0000000000033efa      0x1c4 ./Core/Src/adc.o
 .debug_macro   0x00000000000340be      0x25e ./Core/Src/adc.o
 .debug_macro   0x000000000003431c       0x35 ./Core/Src/adc.o
 .debug_macro   0x0000000000034351      0x328 ./Core/Src/adc.o
 .debug_macro   0x0000000000034679      0x662 ./Core/Src/adc.o
 .debug_macro   0x0000000000034cdb       0xeb ./Core/Src/adc.o
 .debug_macro   0x0000000000034dc6      0x5e4 ./Core/Src/adc.o
 .debug_macro   0x00000000000353aa       0xba ./Core/Src/adc.o
 .debug_macro   0x0000000000035464      0xaf3 ./Core/Src/adc.o
 .debug_macro   0x0000000000035f57      0x29f ./Core/Src/adc.o
 .debug_macro   0x00000000000361f6      0x5a0 ./Core/Src/adc.o
 .debug_macro   0x0000000000036796       0x34 ./Core/Src/adc.o
 .debug_macro   0x00000000000367ca      0x302 ./Core/Src/gpio.o
 .debug_macro   0x0000000000036acc      0x424 ./Core/Src/main.o
 .debug_macro   0x0000000000036ef0      0x154 ./Core/Src/main.o
 .debug_macro   0x0000000000037044       0x9e ./Core/Src/main.o
 .debug_macro   0x00000000000370e2       0x1c ./Core/Src/main.o
 .debug_macro   0x00000000000370fe       0x35 ./Core/Src/main.o
 .debug_macro   0x0000000000037133       0x10 ./Core/Src/main.o
 .debug_macro   0x0000000000037143       0x10 ./Core/Src/main.o
 .debug_macro   0x0000000000037153       0x1c ./Core/Src/main.o
 .debug_macro   0x000000000003716f       0x52 ./Core/Src/main.o
 .debug_macro   0x00000000000371c1       0x22 ./Core/Src/main.o
 .debug_macro   0x00000000000371e3       0x10 ./Core/Src/main.o
 .debug_macro   0x00000000000371f3       0x52 ./Core/Src/main.o
 .debug_macro   0x0000000000037245       0xd5 ./Core/Src/main.o
 .debug_macro   0x000000000003731a       0x1c ./Core/Src/main.o
 .debug_macro   0x0000000000037336       0x3d ./Core/Src/main.o
 .debug_macro   0x0000000000037373       0x16 ./Core/Src/main.o
 .debug_macro   0x0000000000037389      0x145 ./Core/Src/main.o
 .debug_macro   0x00000000000374ce       0x6a ./Core/Src/main.o
 .debug_macro   0x0000000000037538      0x302 ./Core/Src/rtc.o
 .debug_macro   0x000000000003783a      0x302 ./Core/Src/spi.o
 .debug_macro   0x0000000000037b3c      0x2f8 ./Core/Src/stm32h7xx_hal_msp.o
 .debug_macro   0x0000000000037e34      0x302 ./Core/Src/stm32h7xx_it.o
 .debug_macro   0x0000000000038136       0xff ./Core/Src/sysmem.o
 .debug_macro   0x0000000000038235      0x23b ./Core/Src/sysmem.o
 .debug_macro   0x0000000000038470      0x2e9 ./Core/Src/system_stm32h7xx.o
 .debug_macro   0x0000000000038759      0x302 ./Core/Src/tim.o
 .debug_macro   0x0000000000038a5b      0x313 ./Drivers/STM32H7xx_HAL_Driver/Src/stm32h7xx_hal.o
 .debug_macro   0x0000000000038d6e      0x30d ./Drivers/STM32H7xx_HAL_Driver/Src/stm32h7xx_hal_adc.o
 .debug_macro   0x000000000003907b      0x2f5 ./Drivers/STM32H7xx_HAL_Driver/Src/stm32h7xx_hal_adc_ex.o
 .debug_macro   0x0000000000039370      0x2e9 ./Drivers/STM32H7xx_HAL_Driver/Src/stm32h7xx_hal_cortex.o
 .debug_macro   0x0000000000039659      0x2f0 ./Drivers/STM32H7xx_HAL_Driver/Src/stm32h7xx_hal_gpio.o
 .debug_macro   0x0000000000039949      0x322 ./Drivers/STM32H7xx_HAL_Driver/Src/stm32h7xx_hal_pwr_ex.o
 .debug_macro   0x0000000000039c6b      0x30d ./Drivers/STM32H7xx_HAL_Driver/Src/stm32h7xx_hal_rcc.o
 .debug_macro   0x0000000000039f78      0x307 ./Drivers/STM32H7xx_HAL_Driver/Src/stm32h7xx_hal_rcc_ex.o
 .debug_macro   0x000000000003a27f      0x2ea ./Drivers/STM32H7xx_HAL_Driver/Src/stm32h7xx_hal_rtc.o