../Core/Src/main.c:98:6:HAL_UART_TxCpltCallback	16	static
../Core/Src/main.c:107:6:HAL_UART_RxCpltCallback	16	static
../Core/Src/main.c:166:6:HAL_ADC_ConvCpltCallback	16	static
../Core/Src/main.c:176:6:CheckUARTTimeout	8	static
../Core/Src/main.c:196:5:main	24	static,ignoring_inline_asm
../Core/Src/main.c:374:6:SystemClock_Config	120	static
../Core/Src/main.c:435:6:CalculateSawtoothBuffer	16	static
../Core/Src/main.c:451:6:UpdateSawtooth	48	static
../Core/Src/main.c:496:6:Error_Handler	4	static,ignoring_inline_asm
