../Core/Src/main.c:104:6:HAL_UART_TxCpltCallback	16	static
../Core/Src/main.c:113:6:HAL_UART_RxCpltCallback	48	static
../Core/Src/main.c:183:6:HAL_ADC_ConvCpltCallback	16	static
../Core/Src/main.c:193:6:CheckUARTTimeout	8	static
../Core/Src/main.c:213:5:main	32	static,ignoring_inline_asm
../Core/Src/main.c:434:6:SystemClock_Config	120	static
../Core/Src/main.c:495:6:CalculateSawtoothBuffer	16	static
../Core/Src/main.c:511:6:UpdateSawtooth	48	static
../Core/Src/main.c:556:6:Error_Handler	4	static,ignoring_inline_asm
