../Core/Src/main.c:70:6:HAL_TIM_PeriodElapsedCallback	16	static
../Core/Src/main.c:89:5:main	24	static
../Core/Src/main.c:188:6:SystemClock_Config	120	static
../Core/Src/main.c:248:6:PeriphCommonClock_Config	200	static
../Core/Src/main.c:267:13:MX_ADC1_Init	48	static
../Core/Src/main.c:335:13:MX_OPAMP1_Init	8	static
../Core/Src/main.c:367:13:MX_TIM1_Init	40	static
../Core/Src/main.c:414:13:MX_TIM6_Init	24	static
../Core/Src/main.c:452:13:MX_USART1_UART_Init	8	static
../Core/Src/main.c:500:13:MX_GPIO_Init	48	static
../Core/Src/main.c:531:6:Error_Handler	4	static,ignoring_inline_asm
