Archive member included to satisfy reference by file (symbol)

c:/st/stm32cubeide_1.11.0/stm32cubeide/plugins/com.st.stm32cube.ide.mcu.externaltools.gnu-tools-for-stm32.10.3-2021.10.win32_1.0.100.202210260954/tools/bin/../lib/gcc/arm-none-eabi/10.3.1/../../../../arm-none-eabi/lib/thumb/v7e-m+dp/hard\libc_nano.a(lib_a-errno.o)
                              ./Core/Src/syscalls.o (__errno)
c:/st/stm32cubeide_1.11.0/stm32cubeide/plugins/com.st.stm32cube.ide.mcu.externaltools.gnu-tools-for-stm32.10.3-2021.10.win32_1.0.100.202210260954/tools/bin/../lib/gcc/arm-none-eabi/10.3.1/../../../../arm-none-eabi/lib/thumb/v7e-m+dp/hard\libc_nano.a(lib_a-exit.o)
                              c:/st/stm32cubeide_1.11.0/stm32cubeide/plugins/com.st.stm32cube.ide.mcu.externaltools.gnu-tools-for-stm32.10.3-2021.10.win32_1.0.100.202210260954/tools/bin/../lib/gcc/arm-none-eabi/10.3.1/../../../../arm-none-eabi/lib/thumb/v7e-m+dp/hard/crt0.o (exit)
c:/st/stm32cubeide_1.11.0/stm32cubeide/plugins/com.st.stm32cube.ide.mcu.externaltools.gnu-tools-for-stm32.10.3-2021.10.win32_1.0.100.202210260954/tools/bin/../lib/gcc/arm-none-eabi/10.3.1/../../../../arm-none-eabi/lib/thumb/v7e-m+dp/hard\libc_nano.a(lib_a-impure.o)
                              c:/st/stm32cubeide_1.11.0/stm32cubeide/plugins/com.st.stm32cube.ide.mcu.externaltools.gnu-tools-for-stm32.10.3-2021.10.win32_1.0.100.202210260954/tools/bin/../lib/gcc/arm-none-eabi/10.3.1/../../../../arm-none-eabi/lib/thumb/v7e-m+dp/hard\libc_nano.a(lib_a-exit.o) (_global_impure_ptr)
c:/st/stm32cubeide_1.11.0/stm32cubeide/plugins/com.st.stm32cube.ide.mcu.externaltools.gnu-tools-for-stm32.10.3-2021.10.win32_1.0.100.202210260954/tools/bin/../lib/gcc/arm-none-eabi/10.3.1/../../../../arm-none-eabi/lib/thumb/v7e-m+dp/hard\libc_nano.a(lib_a-init.o)
                              c:/st/stm32cubeide_1.11.0/stm32cubeide/plugins/com.st.stm32cube.ide.mcu.externaltools.gnu-tools-for-stm32.10.3-2021.10.win32_1.0.100.202210260954/tools/bin/../lib/gcc/arm-none-eabi/10.3.1/../../../../arm-none-eabi/lib/thumb/v7e-m+dp/hard/crt0.o (__libc_init_array)
c:/st/stm32cubeide_1.11.0/stm32cubeide/plugins/com.st.stm32cube.ide.mcu.externaltools.gnu-tools-for-stm32.10.3-2021.10.win32_1.0.100.202210260954/tools/bin/../lib/gcc/arm-none-eabi/10.3.1/../../../../arm-none-eabi/lib/thumb/v7e-m+dp/hard\libc_nano.a(lib_a-memset.o)
                              c:/st/stm32cubeide_1.11.0/stm32cubeide/plugins/com.st.stm32cube.ide.mcu.externaltools.gnu-tools-for-stm32.10.3-2021.10.win32_1.0.100.202210260954/tools/bin/../lib/gcc/arm-none-eabi/10.3.1/../../../../arm-none-eabi/lib/thumb/v7e-m+dp/hard/crt0.o (memset)
c:/st/stm32cubeide_1.11.0/stm32cubeide/plugins/com.st.stm32cube.ide.mcu.externaltools.gnu-tools-for-stm32.10.3-2021.10.win32_1.0.100.202210260954/tools/bin/../lib/gcc/arm-none-eabi/10.3.1/thumb/v7e-m+dp/hard\libgcc.a(_aeabi_uldivmod.o)
                              ./Drivers/STM32H7xx_HAL_Driver/Src/stm32h7xx_hal_uart.o (__aeabi_uldivmod)
c:/st/stm32cubeide_1.11.0/stm32cubeide/plugins/com.st.stm32cube.ide.mcu.externaltools.gnu-tools-for-stm32.10.3-2021.10.win32_1.0.100.202210260954/tools/bin/../lib/gcc/arm-none-eabi/10.3.1/thumb/v7e-m+dp/hard\libgcc.a(_udivmoddi4.o)
                              c:/st/stm32cubeide_1.11.0/stm32cubeide/plugins/com.st.stm32cube.ide.mcu.externaltools.gnu-tools-for-stm32.10.3-2021.10.win32_1.0.100.202210260954/tools/bin/../lib/gcc/arm-none-eabi/10.3.1/thumb/v7e-m+dp/hard\libgcc.a(_aeabi_uldivmod.o) (__udivmoddi4)
c:/st/stm32cubeide_1.11.0/stm32cubeide/plugins/com.st.stm32cube.ide.mcu.externaltools.gnu-tools-for-stm32.10.3-2021.10.win32_1.0.100.202210260954/tools/bin/../lib/gcc/arm-none-eabi/10.3.1/thumb/v7e-m+dp/hard\libgcc.a(_dvmd_tls.o)
                              c:/st/stm32cubeide_1.11.0/stm32cubeide/plugins/com.st.stm32cube.ide.mcu.externaltools.gnu-tools-for-stm32.10.3-2021.10.win32_1.0.100.202210260954/tools/bin/../lib/gcc/arm-none-eabi/10.3.1/thumb/v7e-m+dp/hard\libgcc.a(_aeabi_uldivmod.o) (__aeabi_ldiv0)

Discarded input sections

 .text          0x0000000000000000        0x0 c:/st/stm32cubeide_1.11.0/stm32cubeide/plugins/com.st.stm32cube.ide.mcu.externaltools.gnu-tools-for-stm32.10.3-2021.10.win32_1.0.100.202210260954/tools/bin/../lib/gcc/arm-none-eabi/10.3.1/thumb/v7e-m+dp/hard/crti.o
 .data          0x0000000000000000        0x0 c:/st/stm32cubeide_1.11.0/stm32cubeide/plugins/com.st.stm32cube.ide.mcu.externaltools.gnu-tools-for-stm32.10.3-2021.10.win32_1.0.100.202210260954/tools/bin/../lib/gcc/arm-none-eabi/10.3.1/thumb/v7e-m+dp/hard/crti.o
 .bss           0x0000000000000000        0x0 c:/st/stm32cubeide_1.11.0/stm32cubeide/plugins/com.st.stm32cube.ide.mcu.externaltools.gnu-tools-for-stm32.10.3-2021.10.win32_1.0.100.202210260954/tools/bin/../lib/gcc/arm-none-eabi/10.3.1/thumb/v7e-m+dp/hard/crti.o
[...]
Memory Configuration

Name             Origin             Length             Attributes
FLASH            0x0000000008000000 0x0000000000200000 xr
DTCMRAM          0x0000000020000000 0x0000000000020000 xrw
RAM_D1           0x0000000024000000 0x0000000000080000 xrw
RAM_D2           0x0000000030000000 0x0000000000048000 xrw
RAM_D3           0x0000000038000000 0x0000000000010000 xrw
ITCMRAM          0x0000000000000000 0x0000000000010000 xrw
*default*        0x0000000000000000 0xffffffffffffffff

Linker script and memory map

LOAD c:/st/stm32cubeide_1.11.0/stm32cubeide/plugins/com.st.stm32cube.ide.mcu.externaltools.gnu-tools-for-stm32.10.3-2021.10.win32_1.0.100.202210260954/tools/bin/../lib/gcc/arm-none-eabi/10.3.1/thumb/v7e-m+dp/hard/crti.o
LOAD c:/st/stm32cubeide_1.11.0/stm32cubeide/plugins/com.st.stm32cube.ide.mcu.externaltools.gnu-tools-for-stm32.10.3-2021.10.win32_1.0.100.202210260954/tools/bin/../lib/gcc/arm-none-eabi/10.3.1/thumb/v7e-m+dp/hard/crtbegin.o
LOAD c:/st/stm32cubeide_1.11.0/stm32cubeide/plugins/com.st.stm32cube.ide.mcu.externaltools.gnu-tools-for-stm32.10.3-2021.10.win32_1.0.100.202210260954/tools/bin/../lib/gcc/arm-none-eabi/10.3.1/../../../../arm-none-eabi/lib/thumb/v7e-m+dp/hard/crt0.o
LOAD ./Core/Src/adc.o
LOAD ./Core/Src/dma.o
LOAD ./Core/Src/gpio.o
LOAD ./Core/Src/main.o
LOAD ./Core/Src/opamp.o
LOAD ./Core/Src/stm32h7xx_hal_msp.o
LOAD ./Core/Src/stm32h7xx_it.o
LOAD ./Core/Src/syscalls.o
LOAD ./Core/Src/sysmem.o
LOAD ./Core/Src/system_stm32h7xx.o
LOAD ./Core/Src/tim.o
LOAD ./Core/Src/usart.o
LOAD ./Core/Startup/startup_stm32h743vitx.o
LOAD ./Drivers/STM32H7xx_HAL_Driver/Src/stm32h7xx_hal.o
LOAD ./Drivers/STM32H7xx_HAL_Driver/Src/stm32h7xx_hal_adc.o
LOAD ./Drivers/STM32H7xx_HAL_Driver/Src/stm32h7xx_hal_adc_ex.o
LOAD ./Drivers/STM32H7xx_HAL_Driver/Src/stm32h7xx_hal_cortex.o
LOAD ./Drivers/STM32H7xx_HAL_Driver/Src/stm32h7xx_hal_dma.o
LOAD ./Drivers/STM32H7xx_HAL_Driver/Src/stm32h7xx_hal_dma_ex.o
LOAD ./Drivers/STM32H7xx_HAL_Driver/Src/stm32h7xx_hal_exti.o
LOAD ./Drivers/STM32H7xx_HAL_Driver/Src/stm32h7xx_hal_flash.o
LOAD ./Drivers/STM32H7xx_HAL_Driver/Src/stm32h7xx_hal_flash_ex.o
LOAD ./Drivers/STM32H7xx_HAL_Driver/Src/stm32h7xx_hal_gpio.o
LOAD ./Drivers/STM32H7xx_HAL_Driver/Src/stm32h7xx_hal_hsem.o
LOAD ./Drivers/STM32H7xx_HAL_Driver/Src/stm32h7xx_hal_i2c.o
LOAD ./Drivers/STM32H7xx_HAL_Driver/Src/stm32h7xx_hal_i2c_ex.o
LOAD ./Drivers/STM32H7xx_HAL_Driver/Src/stm32h7xx_hal_mdma.o
LOAD ./Drivers/STM32H7xx_HAL_Driver/Src/stm32h7xx_hal_opamp.o
LOAD ./Drivers/STM32H7xx_HAL_Driver/Src/stm32h7xx_hal_opamp_ex.o
LOAD ./Drivers/STM32H7xx_HAL_Driver/Src/stm32h7xx_hal_pwr.o
LOAD ./Drivers/STM32H7xx_HAL_Driver/Src/stm32h7xx_hal_pwr_ex.o
LOAD ./Drivers/STM32H7xx_HAL_Driver/Src/stm32h7xx_hal_rcc.o
LOAD ./Drivers/STM32H7xx_HAL_Driver/Src/stm32h7xx_hal_rcc_ex.o
LOAD ./Drivers/STM32H7xx_HAL_Driver/Src/stm32h7xx_hal_tim.o
LOAD ./Drivers/STM32H7xx_HAL_Driver/Src/stm32h7xx_hal_tim_ex.o
LOAD ./Drivers/STM32H7xx_HAL_Driver/Src/stm32h7xx_hal_uart.o
LOAD ./Drivers/STM32H7xx_HAL_Driver/Src/stm32h7xx_hal_uart_ex.o
START GROUP
LOAD c:/st/stm32cubeide_1.11.0/stm32cubeide/plugins/com.st.stm32cube.ide.mcu.externaltools.gnu-tools-for-stm32.10.3-2021.10.win32_1.0.100.202210260954/tools/bin/../lib/gcc/arm-none-eabi/10.3.1/../../../../arm-none-eabi/lib/thumb/v7e-m+dp/hard\libc_nano.a
LOAD c:/st/stm32cubeide_1.11.0/stm32cubeide/plugins/com.st.stm32cube.ide.mcu.externaltools.gnu-tools-for-stm32.10.3-2021.10.win32_1.0.100.202210260954/tools/bin/../lib/gcc/arm-none-eabi/10.3.1/../../../../arm-none-eabi/lib/thumb/v7e-m+dp/hard\libm.a
END GROUP
START GROUP
LOAD c:/st/stm32cubeide_1.11.0/stm32cubeide/plugins/com.st.stm32cube.ide.mcu.externaltools.gnu-tools-for-stm32.10.3-2021.10.win32_1.0.100.202210260954/tools/bin/../lib/gcc/arm-none-eabi/10.3.1/thumb/v7e-m+dp/hard\libgcc.a
LOAD c:/st/stm32cubeide_1.11.0/stm32cubeide/plugins/com.st.stm32cube.ide.mcu.externaltools.gnu-tools-for-stm32.10.3-2021.10.win32_1.0.100.202210260954/tools/bin/../lib/gcc/arm-none-eabi/10.3.1/../../../../arm-none-eabi/lib/thumb/v7e-m+dp/hard\libc_nano.a
END GROUP
START GROUP
LOAD c:/st/stm32cubeide_1.11.0/stm32cubeide/plugins/com.st.stm32cube.ide.mcu.externaltools.gnu-tools-for-stm32.10.3-2021.10.win32_1.0.100.202210260954/tools/bin/../lib/gcc/arm-none-eabi/10.3.1/thumb/v7e-m+dp/hard\libgcc.a
LOAD c:/st/stm32cubeide_1.11.0/stm32cubeide/plugins/com.st.stm32cube.ide.mcu.externaltools.gnu-tools-for-stm32.10.3-2021.10.win32_1.0.100.202210260954/tools/bin/../lib/gcc/arm-none-eabi/10.3.1/../../../../arm-none-eabi/lib/thumb/v7e-m+dp/hard\libc_nano.a
LOAD c:/st/stm32cubeide_1.11.0/stm32cubeide/plugins/com.st.stm32cube.ide.mcu.externaltools.gnu-tools-for-stm32.10.3-2021.10.win32_1.0.100.202210260954/tools/bin/../lib/gcc/arm-none-eabi/10.3.1/../../../../arm-none-eabi/lib/thumb/v7e-m+dp/hard\libnosys.a
END GROUP
START GROUP
LOAD c:/st/stm32cubeide_1.11.0/stm32cubeide/plugins/com.st.stm32cube.ide.mcu.externaltools.gnu-tools-for-stm32.10.3-2021.10.win32_1.0.100.202210260954/tools/bin/../lib/gcc/arm-none-eabi/10.3.1/thumb/v7e-m+dp/hard\libgcc.a
LOAD c:/st/stm32cubeide_1.11.0/stm32cubeide/plugins/com.st.stm32cube.ide.mcu.externaltools.gnu-tools-for-stm32.10.3-2021.10.win32_1.0.100.202210260954/tools/bin/../lib/gcc/arm-none-eabi/10.3.1/../../../../arm-none-eabi/lib/thumb/v7e-m+dp/hard\libc_nano.a
LOAD c:/st/stm32cubeide_1.11.0/stm32cubeide/plugins/com.st.stm32cube.ide.mcu.externaltools.gnu-tools-for-stm32.10.3-2021.10.win32_1.0.100.202210260954/tools/bin/../lib/gcc/arm-none-eabi/10.3.1/../../../../arm-none-eabi/lib/thumb/v7e-m+dp/hard\libnosys.a
END GROUP
LOAD c:/st/stm32cubeide_1.11.0/stm32cubeide/plugins/com.st.stm32cube.ide.mcu.externaltools.gnu-tools-for-stm32.10.3-2021.10.win32_1.0.100.202210260954/tools/bin/../lib/gcc/arm-none-eabi/10.3.1/thumb/v7e-m+dp/hard/crtend.o
LOAD c:/st/stm32cubeide_1.11.0/stm32cubeide/plugins/com.st.stm32cube.ide.mcu.externaltools.gnu-tools-for-stm32.10.3-2021.10.win32_1.0.100.202210260954/tools/bin/../lib/gcc/arm-none-eabi/10.3.1/thumb/v7e-m+dp/hard/crtn.o
                0x0000000024080000                _estack = (ORIGIN (RAM_D1) + LENGTH (RAM_D1))
                0x0000000000000200                _Min_Heap_Size = 0x200
                0x0000000000000400                _Min_Stack_Size = 0x400

.isr_vector     0x0000000008000000      0x298
                0x0000000008000000                . = ALIGN (0x4)
 *(.isr_vector)
 .isr_vector    0x0000000008000000      0x298 ./Core/Startup/startup_stm32h743vitx.o
                0x0000000008000000                g_pfnVectors
                0x0000000008000298                . = ALIGN (0x4)

.text           0x0000000008000298     0xc900
                0x0000000008000298                . = ALIGN (0x4)
 *(.text)
 .text          0x0000000008000298       0x40 c:/st/stm32cubeide_1.11.0/stm32cubeide/plugins/com.st.stm32cube.ide.mcu.externaltools.gnu-tools-for-stm32.10.3-2021.10.win32_1.0.100.202210260954/tools/bin/../lib/gcc/arm-none-eabi/10.3.1/thumb/v7e-m+dp/hard/crtbegin.o
 .text          0x00000000080002d8       0x30 c:/st/stm32cubeide_1.11.0/stm32cubeide/plugins/com.st.stm32cube.ide.mcu.externaltools.gnu-tools-for-stm32.10.3-2021.10.win32_1.0.100.202210260954/tools/bin/../lib/gcc/arm-none-eabi/10.3.1/thumb/v7e-m+dp/hard\libgcc.a(_aeabi_uldivmod.o)
                0x00000000080002d8                __aeabi_uldivmod
 .text          0x0000000008000308      0x2d0 c:/st/stm32cubeide_1.11.0/stm32cubeide/plugins/com.st.stm32cube.ide.mcu.externaltools.gnu-tools-for-stm32.10.3-2021.10.win32_1.0.100.202210260954/tools/bin/../lib/gcc/arm-none-eabi/10.3.1/thumb/v7e-m+dp/hard\libgcc.a(_udivmoddi4.o)
                0x0000000008000308                __udivmoddi4
 .text          0x00000000080005d8        0x4 c:/st/stm32cubeide_1.11.0/stm32cubeide/plugins/com.st.stm32cube.ide.mcu.externaltools.gnu-tools-for-stm32.10.3-2021.10.win32_1.0.100.202210260954/tools/bin/../lib/gcc/arm-none-eabi/10.3.1/thumb/v7e-m+dp/hard\libgcc.a(_dvmd_tls.o)
                0x00000000080005d8                __aeabi_idiv0
                0x00000000080005d8                __aeabi_ldiv0
 *(.text*)
 .text.MX_ADC1_Init
                0x00000000080005dc      0x114 ./Core/Src/adc.o
                0x00000000080005dc                MX_ADC1_Init
 .text.HAL_ADC_MspInit
                0x00000000080006f0      0x164 ./Core/Src/adc.o
                0x00000000080006f0                HAL_ADC_MspInit
 .text.MX_DMA_Init
                0x0000000008000854       0x40 ./Core/Src/dma.o
                0x0000000008000854                MX_DMA_Init
 .text.MX_GPIO_Init
                0x0000000008000894       0xe4 ./Core/Src/gpio.o
                0x0000000008000894                MX_GPIO_Init
 .text.HAL_UART_TxCpltCallback
                0x0000000008000978       0x2c ./Core/Src/main.o
                0x0000000008000978                HAL_UART_TxCpltCallback
 .text.HAL_UART_RxCpltCallback
                0x00000000080009a4      0x110 ./Core/Src/main.o
                0x00000000080009a4                HAL_UART_RxCpltCallback
 .text.HAL_ADC_ConvCpltCallback
                0x0000000008000ab4       0x50 ./Core/Src/main.o
                0x0000000008000ab4                HAL_ADC_ConvCpltCallback
 .text.CheckUARTTimeout
                0x0000000008000b04       0x30 ./Core/Src/main.o
                0x0000000008000b04                CheckUARTTimeout
 .text.main     0x0000000008000b34      0x20c ./Core/Src/main.o
                0x0000000008000b34                main
 .text.SystemClock_Config
                0x0000000008000d40      0x114 ./Core/Src/main.o
                0x0000000008000d40                SystemClock_Config
 .text.Error_Handler
                0x0000000008000e54        0xa ./Core/Src/main.o
                0x0000000008000e54                Error_Handler
 *fill*         0x0000000008000e5e        0x2 
 .text.MX_OPAMP1_Init
                0x0000000008000e60       0x4c ./Core/Src/opamp.o
                0x0000000008000e60                MX_OPAMP1_Init
 .text.HAL_OPAMP_MspInit
                0x0000000008000eac       0xc4 ./Core/Src/opamp.o
                0x0000000008000eac                HAL_OPAMP_MspInit
 .text.HAL_MspInit
                0x0000000008000f70       0x34 ./Core/Src/stm32h7xx_hal_msp.o
                0x0000000008000f70                HAL_MspInit
 .text.NMI_Handler
                0x0000000008000fa4        0x6 ./Core/Src/stm32h7xx_it.o
                0x0000000008000fa4                NMI_Handler
 .text.HardFault_Handler
                0x0000000008000faa        0x6 ./Core/Src/stm32h7xx_it.o
                0x0000000008000faa                HardFault_Handler
 .text.MemManage_Handler
                0x0000000008000fb0        0x6 ./Core/Src/stm32h7xx_it.o
                0x0000000008000fb0                MemManage_Handler
 .text.BusFault_Handler
                0x0000000008000fb6        0x6 ./Core/Src/stm32h7xx_it.o
                0x0000000008000fb6                BusFault_Handler
 .text.UsageFault_Handler
                0x0000000008000fbc        0x6 ./Core/Src/stm32h7xx_it.o
                0x0000000008000fbc                UsageFault_Handler
 .text.SVC_Handler
                0x0000000008000fc2        0xe ./Core/Src/stm32h7xx_it.o
                0x0000000008000fc2                SVC_Handler
 .text.DebugMon_Handler
                0x0000000008000fd0        0xe ./Core/Src/stm32h7xx_it.o
                0x0000000008000fd0                DebugMon_Handler
 .text.PendSV_Handler
                0x0000000008000fde        0xe ./Core/Src/stm32h7xx_it.o
                0x0000000008000fde                PendSV_Handler
 .text.SysTick_Handler
                0x0000000008000fec        0xc ./Core/Src/stm32h7xx_it.o
                0x0000000008000fec                SysTick_Handler
 .text.DMA1_Stream0_IRQHandler
                0x0000000008000ff8       0x14 ./Core/Src/stm32h7xx_it.o
                0x0000000008000ff8                DMA1_Stream0_IRQHandler
 .text.USART1_IRQHandler
                0x000000000800100c       0x14 ./Core/Src/stm32h7xx_it.o
                0x000000000800100c                USART1_IRQHandler
 .text.SystemInit
                0x0000000008001020      0x110 ./Core/Src/system_stm32h7xx.o
                0x0000000008001020                SystemInit
 .text.MX_TIM6_Init
                0x0000000008001130       0x6c ./Core/Src/tim.o
                0x0000000008001130                MX_TIM6_Init
 .text.HAL_TIM_Base_MspInit
                0x000000000800119c       0x44 ./Core/Src/tim.o
                0x000000000800119c                HAL_TIM_Base_MspInit
 .text.MX_USART1_UART_Init
                0x00000000080011e0       0x9c ./Core/Src/usart.o
                0x00000000080011e0                MX_USART1_UART_Init
 .text.HAL_UART_MspInit
                0x000000000800127c       0xe4 ./Core/Src/usart.o
                0x000000000800127c                HAL_UART_MspInit
 .text.Reset_Handler
                0x0000000008001360       0x50 ./Core/Startup/startup_stm32h743vitx.o
                0x0000000008001360                Reset_Handler
 .text.Default_Handler
                0x00000000080013b0        0x2 ./Core/Startup/startup_stm32h743vitx.o
                0x00000000080013b0                RTC_Alarm_IRQHandler
                0x00000000080013b0                EXTI2_IRQHandler
                0x00000000080013b0                TIM8_CC_IRQHandler
                0x00000000080013b0                HRTIM1_Master_IRQHandler
                0x00000000080013b0                UART8_IRQHandler
                0x00000000080013b0                SPI4_IRQHandler
                0x00000000080013b0                TIM1_CC_IRQHandler
                0x00000000080013b0                BDMA_Channel6_IRQHandler
                0x00000000080013b0                DMA2_Stream5_IRQHandler
                0x00000000080013b0                HRTIM1_FLT_IRQHandler
                0x00000000080013b0                JPEG_IRQHandler
                0x00000000080013b0                DMA1_Stream5_IRQHandler
                0x00000000080013b0                BDMA_Channel1_IRQHandler
                0x00000000080013b0                HRTIM1_TIMD_IRQHandler
                0x00000000080013b0                TAMP_STAMP_IRQHandler
                0x00000000080013b0                EXTI3_IRQHandler
                0x00000000080013b0                LPTIM4_IRQHandler
                0x00000000080013b0                TIM8_TRG_COM_TIM14_IRQHandler
                0x00000000080013b0                LPTIM2_IRQHandler
                0x00000000080013b0                DFSDM1_FLT1_IRQHandler
                0x00000000080013b0                DMAMUX2_OVR_IRQHandler
                0x00000000080013b0                TIM8_UP_TIM13_IRQHandler
                0x00000000080013b0                I2C3_ER_IRQHandler
                0x00000000080013b0                DFSDM1_FLT2_IRQHandler
                0x00000000080013b0                MDMA_IRQHandler
                0x00000000080013b0                LPTIM3_IRQHandler
                0x00000000080013b0                HSEM1_IRQHandler
                0x00000000080013b0                EXTI0_IRQHandler
                0x00000000080013b0                I2C2_EV_IRQHandler
                0x00000000080013b0                DMA1_Stream2_IRQHandler
                0x00000000080013b0                FPU_IRQHandler
                0x00000000080013b0                OTG_HS_WKUP_IRQHandler
                0x00000000080013b0                FDCAN1_IT1_IRQHandler
                0x00000000080013b0                LTDC_ER_IRQHandler
                0x00000000080013b0                DMA2_Stream2_IRQHandler
                0x00000000080013b0                HRTIM1_TIME_IRQHandler
                0x00000000080013b0                SPI1_IRQHandler
                0x00000000080013b0                TIM6_DAC_IRQHandler
                0x00000000080013b0                DCMI_IRQHandler
                0x00000000080013b0                HRTIM1_TIMC_IRQHandler
                0x00000000080013b0                DMA2_Stream3_IRQHandler
                0x00000000080013b0                SAI2_IRQHandler
                0x00000000080013b0                DFSDM1_FLT3_IRQHandler
                0x00000000080013b0                USART6_IRQHandler
                0x00000000080013b0                TIM17_IRQHandler
                0x00000000080013b0                USART3_IRQHandler
                0x00000000080013b0                BDMA_Channel7_IRQHandler
                0x00000000080013b0                LPTIM5_IRQHandler
                0x00000000080013b0                UART5_IRQHandler
                0x00000000080013b0                ADC3_IRQHandler
                0x00000000080013b0                DMA2_Stream0_IRQHandler
                0x00000000080013b0                TIM4_IRQHandler
                0x00000000080013b0                BDMA_Channel2_IRQHandler
                0x00000000080013b0                QUADSPI_IRQHandler
                0x00000000080013b0                I2C1_EV_IRQHandler
                0x00000000080013b0                DMA1_Stream6_IRQHandler
                0x00000000080013b0                DMAMUX1_OVR_IRQHandler
                0x00000000080013b0                DMA1_Stream1_IRQHandler
                0x00000000080013b0                TIM16_IRQHandler
                0x00000000080013b0                UART4_IRQHandler
                0x00000000080013b0                BDMA_Channel5_IRQHandler
                0x00000000080013b0                TIM3_IRQHandler
                0x00000000080013b0                RCC_IRQHandler
                0x00000000080013b0                TIM8_BRK_TIM12_IRQHandler
                0x00000000080013b0                TIM1_TRG_COM_IRQHandler
                0x00000000080013b0                Default_Handler
                0x00000000080013b0                ECC_IRQHandler
                0x00000000080013b0                CEC_IRQHandler
                0x00000000080013b0                EXTI15_10_IRQHandler
                0x00000000080013b0                BDMA_Channel0_IRQHandler
                0x00000000080013b0                ADC_IRQHandler
                0x00000000080013b0                DMA1_Stream7_IRQHandler
                0x00000000080013b0                HRTIM1_TIMA_IRQHandler
                0x00000000080013b0                SPI5_IRQHandler
                0x00000000080013b0                TIM7_IRQHandler
                0x00000000080013b0                SDMMC1_IRQHandler
                0x00000000080013b0                TIM5_IRQHandler
                0x00000000080013b0                DMA2_Stream7_IRQHandler
                0x00000000080013b0                TIM15_IRQHandler
                0x00000000080013b0                PVD_AVD_IRQHandler
                0x00000000080013b0                I2C3_EV_IRQHandler
                0x00000000080013b0                EXTI9_5_IRQHandler
                0x00000000080013b0                RTC_WKUP_IRQHandler
                0x00000000080013b0                LTDC_IRQHandler
                0x00000000080013b0                SAI3_IRQHandler
                0x00000000080013b0                ETH_WKUP_IRQHandler
                0x00000000080013b0                SPDIF_RX_IRQHandler
                0x00000000080013b0                SPI2_IRQHandler
                0x00000000080013b0                OTG_HS_EP1_IN_IRQHandler
                0x00000000080013b0                CRS_IRQHandler
                0x00000000080013b0                EXTI4_IRQHandler
                0x00000000080013b0                RNG_IRQHandler
                0x00000000080013b0                HRTIM1_TIMB_IRQHandler
                0x00000000080013b0                FDCAN2_IT1_IRQHandler
                0x00000000080013b0                ETH_IRQHandler
                0x00000000080013b0                TIM1_UP_IRQHandler
                0x00000000080013b0                BDMA_Channel4_IRQHandler
                0x00000000080013b0                OTG_HS_EP1_OUT_IRQHandler
                0x00000000080013b0                WWDG_IRQHandler
                0x00000000080013b0                SPI6_IRQHandler
                0x00000000080013b0                MDIOS_IRQHandler
                0x00000000080013b0                I2C4_EV_IRQHandler
                0x00000000080013b0                FDCAN2_IT0_IRQHandler
                0x00000000080013b0                LPUART1_IRQHandler
                0x00000000080013b0                FDCAN1_IT0_IRQHandler
                0x00000000080013b0                TIM2_IRQHandler
                0x00000000080013b0                OTG_FS_WKUP_IRQHandler
                0x00000000080013b0                OTG_HS_IRQHandler
                0x00000000080013b0                DMA2D_IRQHandler
                0x00000000080013b0                TIM1_BRK_IRQHandler
                0x00000000080013b0                EXTI1_IRQHandler
                0x00000000080013b0                SDMMC2_IRQHandler
                0x00000000080013b0                OTG_FS_EP1_OUT_IRQHandler
                0x00000000080013b0                BDMA_Channel3_IRQHandler
                0x00000000080013b0                UART7_IRQHandler
                0x00000000080013b0                MDIOS_WKUP_IRQHandler
                0x00000000080013b0                USART2_IRQHandler
                0x00000000080013b0                DFSDM1_FLT0_IRQHandler
                0x00000000080013b0                SAI4_IRQHandler
                0x00000000080013b0                I2C2_ER_IRQHandler
                0x00000000080013b0                DMA2_Stream1_IRQHandler
                0x00000000080013b0                FLASH_IRQHandler
                0x00000000080013b0                DMA2_Stream4_IRQHandler
                0x00000000080013b0                OTG_FS_IRQHandler
                0x00000000080013b0                SPI3_IRQHandler
                0x00000000080013b0                WAKEUP_PIN_IRQHandler
                0x00000000080013b0                DMA1_Stream4_IRQHandler
                0x00000000080013b0                OTG_FS_EP1_IN_IRQHandler
                0x00000000080013b0                I2C1_ER_IRQHandler
                0x00000000080013b0                FMC_IRQHandler
                0x00000000080013b0                FDCAN_CAL_IRQHandler
                0x00000000080013b0                SWPMI1_IRQHandler
                0x00000000080013b0                COMP1_IRQHandler
                0x00000000080013b0                LPTIM1_IRQHandler
                0x00000000080013b0                I2C4_ER_IRQHandler
                0x00000000080013b0                DMA2_Stream6_IRQHandler
                0x00000000080013b0                SAI1_IRQHandler
                0x00000000080013b0                DMA1_Stream3_IRQHandler
 *fill*         0x00000000080013b2        0x2 
 .text.HAL_Init
                0x00000000080013b4       0x78 ./Drivers/STM32H7xx_HAL_Driver/Src/stm32h7xx_hal.o
                0x00000000080013b4                HAL_Init
 .text.HAL_InitTick
                0x000000000800142c       0x6c ./Drivers/STM32H7xx_HAL_Driver/Src/stm32h7xx_hal.o
                0x000000000800142c                HAL_InitTick
 .text.HAL_IncTick
                0x0000000008001498       0x28 ./Drivers/STM32H7xx_HAL_Driver/Src/stm32h7xx_hal.o
                0x0000000008001498                HAL_IncTick
 .text.HAL_GetTick
                0x00000000080014c0       0x18 ./Drivers/STM32H7xx_HAL_Driver/Src/stm32h7xx_hal.o
                0x00000000080014c0                HAL_GetTick
 .text.HAL_GetREVID
                0x00000000080014d8       0x18 ./Drivers/STM32H7xx_HAL_Driver/Src/stm32h7xx_hal.o
                0x00000000080014d8                HAL_GetREVID
 .text.LL_ADC_SetCommonClock
                0x00000000080014f0       0x26 ./Drivers/STM32H7xx_HAL_Driver/Src/stm32h7xx_hal_adc.o
 .text.LL_ADC_SetCommonPathInternalCh
                0x0000000008001516       0x26 ./Drivers/STM32H7xx_HAL_Driver/Src/stm32h7xx_hal_adc.o
 .text.LL_ADC_GetCommonPathInternalCh
                0x000000000800153c       0x1c ./Drivers/STM32H7xx_HAL_Driver/Src/stm32h7xx_hal_adc.o
 .text.LL_ADC_SetOffset
                0x0000000008001558       0x40 ./Drivers/STM32H7xx_HAL_Driver/Src/stm32h7xx_hal_adc.o
 .text.LL_ADC_SetDataRightShift
                0x0000000008001598       0x32 ./Drivers/STM32H7xx_HAL_Driver/Src/stm32h7xx_hal_adc.o
 .text.LL_ADC_SetOffsetSignedSaturation
                0x00000000080015ca       0x36 ./Drivers/STM32H7xx_HAL_Driver/Src/stm32h7xx_hal_adc.o
 .text.LL_ADC_REG_IsTriggerSourceSWStart
                0x0000000008001600       0x26 ./Drivers/STM32H7xx_HAL_Driver/Src/stm32h7xx_hal_adc.o
 .text.LL_ADC_REG_SetSequencerRanks
                0x0000000008001626       0x58 ./Drivers/STM32H7xx_HAL_Driver/Src/stm32h7xx_hal_adc.o
 .text.LL_ADC_REG_SetDataTransferMode
                0x000000000800167e       0x26 ./Drivers/STM32H7xx_HAL_Driver/Src/stm32h7xx_hal_adc.o
 .text.LL_ADC_SetChannelSamplingTime
                0x00000000080016a4       0x56 ./Drivers/STM32H7xx_HAL_Driver/Src/stm32h7xx_hal_adc.o
 *fill*         0x00000000080016fa        0x2 
 .text.LL_ADC_SetChannelSingleDiff
                0x00000000080016fc       0x48 ./Drivers/STM32H7xx_HAL_Driver/Src/stm32h7xx_hal_adc.o
 .text.LL_ADC_GetMultimode
                0x0000000008001744       0x1c ./Drivers/STM32H7xx_HAL_Driver/Src/stm32h7xx_hal_adc.o
 .text.LL_ADC_DisableDeepPowerDown
                0x0000000008001760       0x24 ./Drivers/STM32H7xx_HAL_Driver/Src/stm32h7xx_hal_adc.o
 .text.LL_ADC_IsDeepPowerDownEnabled
                0x0000000008001784       0x28 ./Drivers/STM32H7xx_HAL_Driver/Src/stm32h7xx_hal_adc.o
 .text.LL_ADC_EnableInternalRegulator
                0x00000000080017ac       0x28 ./Drivers/STM32H7xx_HAL_Driver/Src/stm32h7xx_hal_adc.o
 .text.LL_ADC_IsInternalRegulatorEnabled
                0x00000000080017d4       0x28 ./Drivers/STM32H7xx_HAL_Driver/Src/stm32h7xx_hal_adc.o
 .text.LL_ADC_Enable
                0x00000000080017fc       0x28 ./Drivers/STM32H7xx_HAL_Driver/Src/stm32h7xx_hal_adc.o
 .text.LL_ADC_Disable
                0x0000000008001824       0x28 ./Drivers/STM32H7xx_HAL_Driver/Src/stm32h7xx_hal_adc.o
 .text.LL_ADC_IsEnabled
                0x000000000800184c       0x26 ./Drivers/STM32H7xx_HAL_Driver/Src/stm32h7xx_hal_adc.o
 .text.LL_ADC_IsDisableOngoing
                0x0000000008001872       0x26 ./Drivers/STM32H7xx_HAL_Driver/Src/stm32h7xx_hal_adc.o
 .text.LL_ADC_REG_StartConversion
                0x0000000008001898       0x28 ./Drivers/STM32H7xx_HAL_Driver/Src/stm32h7xx_hal_adc.o
 .text.LL_ADC_REG_IsConversionOngoing
                0x00000000080018c0       0x26 ./Drivers/STM32H7xx_HAL_Driver/Src/stm32h7xx_hal_adc.o
 .text.LL_ADC_INJ_IsConversionOngoing
                0x00000000080018e6       0x26 ./Drivers/STM32H7xx_HAL_Driver/Src/stm32h7xx_hal_adc.o
 .text.HAL_ADC_Init
                0x000000000800190c      0x344 ./Drivers/STM32H7xx_HAL_Driver/Src/stm32h7xx_hal_adc.o
                0x000000000800190c                HAL_ADC_Init
 .text.HAL_ADC_Start_DMA
                0x0000000008001c50      0x188 ./Drivers/STM32H7xx_HAL_Driver/Src/stm32h7xx_hal_adc.o
                0x0000000008001c50                HAL_ADC_Start_DMA
 .text.HAL_ADC_ConvHalfCpltCallback
                0x0000000008001dd8       0x14 ./Drivers/STM32H7xx_HAL_Driver/Src/stm32h7xx_hal_adc.o
                0x0000000008001dd8                HAL_ADC_ConvHalfCpltCallback
 .text.HAL_ADC_ErrorCallback
                0x0000000008001dec       0x14 ./Drivers/STM32H7xx_HAL_Driver/Src/stm32h7xx_hal_adc.o
                0x0000000008001dec                HAL_ADC_ErrorCallback
 .text.HAL_ADC_ConfigChannel
                0x0000000008001e00      0x6a0 ./Drivers/STM32H7xx_HAL_Driver/Src/stm32h7xx_hal_adc.o
                0x0000000008001e00                HAL_ADC_ConfigChannel
 .text.ADC_Enable
                0x00000000080024a0      0x114 ./Drivers/STM32H7xx_HAL_Driver/Src/stm32h7xx_hal_adc.o
                0x00000000080024a0                ADC_Enable
 .text.ADC_Disable
                0x00000000080025b4       0xbe ./Drivers/STM32H7xx_HAL_Driver/Src/stm32h7xx_hal_adc.o
                0x00000000080025b4                ADC_Disable
 .text.ADC_DMAConvCplt
                0x0000000008002672       0xd8 ./Drivers/STM32H7xx_HAL_Driver/Src/stm32h7xx_hal_adc.o
                0x0000000008002672                ADC_DMAConvCplt
 .text.ADC_DMAHalfConvCplt
                0x000000000800274a       0x1c ./Drivers/STM32H7xx_HAL_Driver/Src/stm32h7xx_hal_adc.o
                0x000000000800274a                ADC_DMAHalfConvCplt
 .text.ADC_DMAError
                0x0000000008002766       0x34 ./Drivers/STM32H7xx_HAL_Driver/Src/stm32h7xx_hal_adc.o
                0x0000000008002766                ADC_DMAError
 *fill*         0x000000000800279a        0x2 
 .text.ADC_ConfigureBoostMode
                0x000000000800279c      0x218 ./Drivers/STM32H7xx_HAL_Driver/Src/stm32h7xx_hal_adc.o
                0x000000000800279c                ADC_ConfigureBoostMode
 .text.LL_ADC_IsEnabled
                0x00000000080029b4       0x26 ./Drivers/STM32H7xx_HAL_Driver/Src/stm32h7xx_hal_adc_ex.o
 *fill*         0x00000000080029da        0x2 
 .text.LL_ADC_StartCalibration
                0x00000000080029dc       0x3c ./Drivers/STM32H7xx_HAL_Driver/Src/stm32h7xx_hal_adc_ex.o
 .text.LL_ADC_IsCalibrationOnGoing
                0x0000000008002a18       0x28 ./Drivers/STM32H7xx_HAL_Driver/Src/stm32h7xx_hal_adc_ex.o
 .text.LL_ADC_REG_IsConversionOngoing
                0x0000000008002a40       0x26 ./Drivers/STM32H7xx_HAL_Driver/Src/stm32h7xx_hal_adc_ex.o
 *fill*         0x0000000008002a66        0x2 
 .text.HAL_ADCEx_Calibration_Start
                0x0000000008002a68       0xc8 ./Drivers/STM32H7xx_HAL_Driver/Src/stm32h7xx_hal_adc_ex.o
                0x0000000008002a68                HAL_ADCEx_Calibration_Start
 .text.HAL_ADCEx_MultiModeConfigChannel
                0x0000000008002b30      0x1bc ./Drivers/STM32H7xx_HAL_Driver/Src/stm32h7xx_hal_adc_ex.o
                0x0000000008002b30                HAL_ADCEx_MultiModeConfigChannel
 .text.__NVIC_SetPriorityGrouping
                0x0000000008002cec       0x48 ./Drivers/STM32H7xx_HAL_Driver/Src/stm32h7xx_hal_cortex.o
 .text.__NVIC_GetPriorityGrouping
                0x0000000008002d34       0x1c ./Drivers/STM32H7xx_HAL_Driver/Src/stm32h7xx_hal_cortex.o
 .text.__NVIC_EnableIRQ
                0x0000000008002d50       0x3c ./Drivers/STM32H7xx_HAL_Driver/Src/stm32h7xx_hal_cortex.o
 .text.__NVIC_SetPriority
                0x0000000008002d8c       0x54 ./Drivers/STM32H7xx_HAL_Driver/Src/stm32h7xx_hal_cortex.o
 .text.NVIC_EncodePriority
                0x0000000008002de0       0x66 ./Drivers/STM32H7xx_HAL_Driver/Src/stm32h7xx_hal_cortex.o
 *fill*         0x0000000008002e46        0x2 
 .text.SysTick_Config
                0x0000000008002e48       0x44 ./Drivers/STM32H7xx_HAL_Driver/Src/stm32h7xx_hal_cortex.o
 .text.HAL_NVIC_SetPriorityGrouping
                0x0000000008002e8c       0x16 ./Drivers/STM32H7xx_HAL_Driver/Src/stm32h7xx_hal_cortex.o
                0x0000000008002e8c                HAL_NVIC_SetPriorityGrouping
 .text.HAL_NVIC_SetPriority
                0x0000000008002ea2       0x34 ./Drivers/STM32H7xx_HAL_Driver/Src/stm32h7xx_hal_cortex.o
                0x0000000008002ea2                HAL_NVIC_SetPriority
 .text.HAL_NVIC_EnableIRQ
                0x0000000008002ed6       0x1c ./Drivers/STM32H7xx_HAL_Driver/Src/stm32h7xx_hal_cortex.o
                0x0000000008002ed6                HAL_NVIC_EnableIRQ
 .text.HAL_SYSTICK_Config
                0x0000000008002ef2       0x18 ./Drivers/STM32H7xx_HAL_Driver/Src/stm32h7xx_hal_cortex.o
                0x0000000008002ef2                HAL_SYSTICK_Config
 *fill*         0x0000000008002f0a        0x2 
 .text.HAL_DMA_Init
                0x0000000008002f0c      0x6b8 ./Drivers/STM32H7xx_HAL_Driver/Src/stm32h7xx_hal_dma.o
                0x0000000008002f0c                HAL_DMA_Init
 .text.HAL_DMA_Start_IT
                0x00000000080035c4      0x4d4 ./Drivers/STM32H7xx_HAL_Driver/Src/stm32h7xx_hal_dma.o
                0x00000000080035c4                HAL_DMA_Start_IT
 .text.HAL_DMA_Abort
                0x0000000008003a98      0x63c ./Drivers/STM32H7xx_HAL_Driver/Src/stm32h7xx_hal_dma.o
                0x0000000008003a98                HAL_DMA_Abort
 .text.HAL_DMA_Abort_IT
                0x00000000080040d4      0x48c ./Drivers/STM32H7xx_HAL_Driver/Src/stm32h7xx_hal_dma.o
                0x00000000080040d4                HAL_DMA_Abort_IT
 .text.HAL_DMA_IRQHandler
                0x0000000008004560      0xe54 ./Drivers/STM32H7xx_HAL_Driver/Src/stm32h7xx_hal_dma.o
                0x0000000008004560                HAL_DMA_IRQHandler
 .text.DMA_SetConfig
                0x00000000080053b4      0x358 ./Drivers/STM32H7xx_HAL_Driver/Src/stm32h7xx_hal_dma.o
 .text.DMA_CalcBaseAndBitshift
                0x000000000800570c      0x164 ./Drivers/STM32H7xx_HAL_Driver/Src/stm32h7xx_hal_dma.o
 .text.DMA_CheckFifoParam
                0x0000000008005870       0xf8 ./Drivers/STM32H7xx_HAL_Driver/Src/stm32h7xx_hal_dma.o
 .text.DMA_CalcDMAMUXChannelBaseAndMask
                0x0000000008005968      0x134 ./Drivers/STM32H7xx_HAL_Driver/Src/stm32h7xx_hal_dma.o
 .text.DMA_CalcDMAMUXRequestGenBaseAndMask
                0x0000000008005a9c       0xe8 ./Drivers/STM32H7xx_HAL_Driver/Src/stm32h7xx_hal_dma.o
 .text.HAL_GPIO_Init
                0x0000000008005b84      0x360 ./Drivers/STM32H7xx_HAL_Driver/Src/stm32h7xx_hal_gpio.o
                0x0000000008005b84                HAL_GPIO_Init
 .text.HAL_GPIO_WritePin
                0x0000000008005ee4       0x32 ./Drivers/STM32H7xx_HAL_Driver/Src/stm32h7xx_hal_gpio.o
                0x0000000008005ee4                HAL_GPIO_WritePin
 *fill*         0x0000000008005f16        0x2 
 .text.HAL_OPAMP_Init
                0x0000000008005f18      0x190 ./Drivers/STM32H7xx_HAL_Driver/Src/stm32h7xx_hal_opamp.o
                0x0000000008005f18                HAL_OPAMP_Init
 .text.HAL_OPAMP_Start
                0x00000000080060a8       0x62 ./Drivers/STM32H7xx_HAL_Driver/Src/stm32h7xx_hal_opamp.o
                0x00000000080060a8                HAL_OPAMP_Start
 .text.HAL_OPAMP_Stop
                0x000000000800610a       0x74 ./Drivers/STM32H7xx_HAL_Driver/Src/stm32h7xx_hal_opamp.o
                0x000000000800610a                HAL_OPAMP_Stop
 *fill*         0x000000000800617e        0x2 
 .text.HAL_PWREx_ConfigSupply
                0x0000000008006180       0x74 ./Drivers/STM32H7xx_HAL_Driver/Src/stm32h7xx_hal_pwr_ex.o
                0x0000000008006180                HAL_PWREx_ConfigSupply
 .text.HAL_RCC_OscConfig
                0x00000000080061f4      0x8b4 ./Drivers/STM32H7xx_HAL_Driver/Src/stm32h7xx_hal_rcc.o
                0x00000000080061f4                HAL_RCC_OscConfig
 .text.HAL_RCC_ClockConfig
                0x0000000008006aa8      0x36c ./Drivers/STM32H7xx_HAL_Driver/Src/stm32h7xx_hal_rcc.o
                0x0000000008006aa8                HAL_RCC_ClockConfig
 .text.HAL_RCC_GetSysClockFreq
                0x0000000008006e14      0x2f4 ./Drivers/STM32H7xx_HAL_Driver/Src/stm32h7xx_hal_rcc.o
                0x0000000008006e14                HAL_RCC_GetSysClockFreq
 .text.HAL_RCC_GetHCLKFreq
                0x0000000008007108       0x60 ./Drivers/STM32H7xx_HAL_Driver/Src/stm32h7xx_hal_rcc.o
                0x0000000008007108                HAL_RCC_GetHCLKFreq
 .text.HAL_RCC_GetPCLK1Freq
                0x0000000008007168       0x2c ./Drivers/STM32H7xx_HAL_Driver/Src/stm32h7xx_hal_rcc.o
                0x0000000008007168                HAL_RCC_GetPCLK1Freq
 .text.HAL_RCC_GetPCLK2Freq
                0x0000000008007194       0x2c ./Drivers/STM32H7xx_HAL_Driver/Src/stm32h7xx_hal_rcc.o
                0x0000000008007194                HAL_RCC_GetPCLK2Freq
 .text.HAL_RCCEx_PeriphCLKConfig
                0x00000000080071c0     0x1414 ./Drivers/STM32H7xx_HAL_Driver/Src/stm32h7xx_hal_rcc_ex.o
                0x00000000080071c0                HAL_RCCEx_PeriphCLKConfig
 .text.HAL_RCCEx_GetPeriphCLKFreq
                0x00000000080085d4      0xb00 ./Drivers/STM32H7xx_HAL_Driver/Src/stm32h7xx_hal_rcc_ex.o
                0x00000000080085d4                HAL_RCCEx_GetPeriphCLKFreq
 .text.HAL_RCCEx_GetD3PCLK1Freq
                0x00000000080090d4       0x2c ./Drivers/STM32H7xx_HAL_Driver/Src/stm32h7xx_hal_rcc_ex.o
                0x00000000080090d4                HAL_RCCEx_GetD3PCLK1Freq
 .text.HAL_RCCEx_GetPLL2ClockFreq
                0x0000000008009100      0x2a8 ./Drivers/STM32H7xx_HAL_Driver/Src/stm32h7xx_hal_rcc_ex.o
                0x0000000008009100                HAL_RCCEx_GetPLL2ClockFreq
 .text.HAL_RCCEx_GetPLL3ClockFreq
                0x00000000080093a8      0x2a8 ./Drivers/STM32H7xx_HAL_Driver/Src/stm32h7xx_hal_rcc_ex.o
                0x00000000080093a8                HAL_RCCEx_GetPLL3ClockFreq
 .text.HAL_RCCEx_GetPLL1ClockFreq
                0x0000000008009650      0x2a4 ./Drivers/STM32H7xx_HAL_Driver/Src/stm32h7xx_hal_rcc_ex.o
                0x0000000008009650                HAL_RCCEx_GetPLL1ClockFreq
 .text.RCCEx_PLL2_Config
                0x00000000080098f4      0x164 ./Drivers/STM32H7xx_HAL_Driver/Src/stm32h7xx_hal_rcc_ex.o
 .text.RCCEx_PLL3_Config
                0x0000000008009a58      0x164 ./Drivers/STM32H7xx_HAL_Driver/Src/stm32h7xx_hal_rcc_ex.o
 .text.HAL_TIM_Base_Init
                0x0000000008009bbc       0xae ./Drivers/STM32H7xx_HAL_Driver/Src/stm32h7xx_hal_tim.o
                0x0000000008009bbc                HAL_TIM_Base_Init
 *fill*         0x0000000008009c6a        0x2 
 .text.HAL_TIM_Base_Start
                0x0000000008009c6c       0xe0 ./Drivers/STM32H7xx_HAL_Driver/Src/stm32h7xx_hal_tim.o
                0x0000000008009c6c                HAL_TIM_Base_Start
 .text.TIM_Base_SetConfig
                0x0000000008009d4c      0x134 ./Drivers/STM32H7xx_HAL_Driver/Src/stm32h7xx_hal_tim.o
                0x0000000008009d4c                TIM_Base_SetConfig
 .text.HAL_TIMEx_MasterConfigSynchronization
                0x0000000008009e80      0x11c ./Drivers/STM32H7xx_HAL_Driver/Src/stm32h7xx_hal_tim_ex.o
                0x0000000008009e80                HAL_TIMEx_MasterConfigSynchronization
 .text.HAL_UART_Init
                0x0000000008009f9c       0xa0 ./Drivers/STM32H7xx_HAL_Driver/Src/stm32h7xx_hal_uart.o
                0x0000000008009f9c                HAL_UART_Init
 .text.HAL_UART_Transmit_IT
                0x000000000800a03c      0x128 ./Drivers/STM32H7xx_HAL_Driver/Src/stm32h7xx_hal_uart.o
                0x000000000800a03c                HAL_UART_Transmit_IT
 .text.HAL_UART_Receive_IT
                0x000000000800a164       0x98 ./Drivers/STM32H7xx_HAL_Driver/Src/stm32h7xx_hal_uart.o
                0x000000000800a164                HAL_UART_Receive_IT
 .text.HAL_UART_IRQHandler
                0x000000000800a1fc      0x774 ./Drivers/STM32H7xx_HAL_Driver/Src/stm32h7xx_hal_uart.o
                0x000000000800a1fc                HAL_UART_IRQHandler
 .text.HAL_UART_ErrorCallback
                0x000000000800a970       0x14 ./Drivers/STM32H7xx_HAL_Driver/Src/stm32h7xx_hal_uart.o
                0x000000000800a970                HAL_UART_ErrorCallback
 .text.HAL_UARTEx_RxEventCallback
                0x000000000800a984       0x18 ./Drivers/STM32H7xx_HAL_Driver/Src/stm32h7xx_hal_uart.o
                0x000000000800a984                HAL_UARTEx_RxEventCallback
 .text.UART_SetConfig
                0x000000000800a99c      0xad0 ./Drivers/STM32H7xx_HAL_Driver/Src/stm32h7xx_hal_uart.o
                0x000000000800a99c                UART_SetConfig
 .text.UART_AdvFeatureConfig
                0x000000000800b46c      0x144 ./Drivers/STM32H7xx_HAL_Driver/Src/stm32h7xx_hal_uart.o
                0x000000000800b46c                UART_AdvFeatureConfig
 .text.UART_CheckIdleState
                0x000000000800b5b0      0x154 ./Drivers/STM32H7xx_HAL_Driver/Src/stm32h7xx_hal_uart.o
                0x000000000800b5b0                UART_CheckIdleState
 .text.UART_WaitOnFlagUntilTimeout
                0x000000000800b704       0xce ./Drivers/STM32H7xx_HAL_Driver/Src/stm32h7xx_hal_uart.o
                0x000000000800b704                UART_WaitOnFlagUntilTimeout
 *fill*         0x000000000800b7d2        0x2 
 .text.UART_Start_Receive_IT
                0x000000000800b7d4      0x244 ./Drivers/STM32H7xx_HAL_Driver/Src/stm32h7xx_hal_uart.o
                0x000000000800b7d4                UART_Start_Receive_IT
 .text.UART_EndRxTransfer
                0x000000000800ba18       0xcc ./Drivers/STM32H7xx_HAL_Driver/Src/stm32h7xx_hal_uart.o
 .text.UART_DMAAbortOnError
                0x000000000800bae4       0x2c ./Drivers/STM32H7xx_HAL_Driver/Src/stm32h7xx_hal_uart.o
 .text.UART_TxISR_8BIT
                0x000000000800bb10       0xb8 ./Drivers/STM32H7xx_HAL_Driver/Src/stm32h7xx_hal_uart.o
 .text.UART_TxISR_16BIT
                0x000000000800bbc8       0xc2 ./Drivers/STM32H7xx_HAL_Driver/Src/stm32h7xx_hal_uart.o
 .text.UART_TxISR_8BIT_FIFOEN
                0x000000000800bc8a       0xe0 ./Drivers/STM32H7xx_HAL_Driver/Src/stm32h7xx_hal_uart.o
 .text.UART_TxISR_16BIT_FIFOEN
                0x000000000800bd6a       0xea ./Drivers/STM32H7xx_HAL_Driver/Src/stm32h7xx_hal_uart.o
 .text.UART_EndTransmit_IT
                0x000000000800be54       0x56 ./Drivers/STM32H7xx_HAL_Driver/Src/stm32h7xx_hal_uart.o
 *fill*         0x000000000800beaa        0x2 
 .text.UART_RxISR_8BIT
                0x000000000800beac      0x1b8 ./Drivers/STM32H7xx_HAL_Driver/Src/stm32h7xx_hal_uart.o
 .text.UART_RxISR_16BIT
                0x000000000800c064      0x1b8 ./Drivers/STM32H7xx_HAL_Driver/Src/stm32h7xx_hal_uart.o
 .text.UART_RxISR_8BIT_FIFOEN
                0x000000000800c21c      0x360 ./Drivers/STM32H7xx_HAL_Driver/Src/stm32h7xx_hal_uart.o
 .text.UART_RxISR_16BIT_FIFOEN
                0x000000000800c57c      0x368 ./Drivers/STM32H7xx_HAL_Driver/Src/stm32h7xx_hal_uart.o
 .text.HAL_UARTEx_WakeupCallback
                0x000000000800c8e4       0x14 ./Drivers/STM32H7xx_HAL_Driver/Src/stm32h7xx_hal_uart_ex.o
                0x000000000800c8e4                HAL_UARTEx_WakeupCallback
 .text.HAL_UARTEx_RxFifoFullCallback
                0x000000000800c8f8       0x14 ./Drivers/STM32H7xx_HAL_Driver/Src/stm32h7xx_hal_uart_ex.o
                0x000000000800c8f8                HAL_UARTEx_RxFifoFullCallback
 .text.HAL_UARTEx_TxFifoEmptyCallback
                0x000000000800c90c       0x14 ./Drivers/STM32H7xx_HAL_Driver/Src/stm32h7xx_hal_uart_ex.o
                0x000000000800c90c                HAL_UARTEx_TxFifoEmptyCallback
 .text.HAL_UARTEx_DisableFifoMode
                0x000000000800c920       0x72 ./Drivers/STM32H7xx_HAL_Driver/Src/stm32h7xx_hal_uart_ex.o
                0x000000000800c920                HAL_UARTEx_DisableFifoMode
 .text.HAL_UARTEx_SetTxFifoThreshold
                0x000000000800c992       0x7c ./Drivers/STM32H7xx_HAL_Driver/Src/stm32h7xx_hal_uart_ex.o
                0x000000000800c992                HAL_UARTEx_SetTxFifoThreshold
 .text.HAL_UARTEx_SetRxFifoThreshold
                0x000000000800ca0e       0x7c ./Drivers/STM32H7xx_HAL_Driver/Src/stm32h7xx_hal_uart_ex.o
                0x000000000800ca0e                HAL_UARTEx_SetRxFifoThreshold
 *fill*         0x000000000800ca8a        0x2 
 .text.UARTEx_SetNbDataToProcess
                0x000000000800ca8c       0x9c ./Drivers/STM32H7xx_HAL_Driver/Src/stm32h7xx_hal_uart_ex.o
 .text.__libc_init_array
                0x000000000800cb28       0x48 c:/st/stm32cubeide_1.11.0/stm32cubeide/plugins/com.st.stm32cube.ide.mcu.externaltools.gnu-tools-for-stm32.10.3-2021.10.win32_1.0.100.202210260954/tools/bin/../lib/gcc/arm-none-eabi/10.3.1/../../../../arm-none-eabi/lib/thumb/v7e-m+dp/hard\libc_nano.a(lib_a-init.o)
                0x000000000800cb28                __libc_init_array
 .text.memset   0x000000000800cb70       0x10 c:/st/stm32cubeide_1.11.0/stm32cubeide/plugins/com.st.stm32cube.ide.mcu.externaltools.gnu-tools-for-stm32.10.3-2021.10.win32_1.0.100.202210260954/tools/bin/../lib/gcc/arm-none-eabi/10.3.1/../../../../arm-none-eabi/lib/thumb/v7e-m+dp/hard\libc_nano.a(lib_a-memset.o)
                0x000000000800cb70                memset
 *(.glue_7)
 .glue_7        0x000000000800cb80        0x0 linker stubs
 *(.glue_7t)
 .glue_7t       0x000000000800cb80        0x0 linker stubs
 *(.eh_frame)
 .eh_frame      0x000000000800cb80        0x0 c:/st/stm32cubeide_1.11.0/stm32cubeide/plugins/com.st.stm32cube.ide.mcu.externaltools.gnu-tools-for-stm32.10.3-2021.10.win32_1.0.100.202210260954/tools/bin/../lib/gcc/arm-none-eabi/10.3.1/thumb/v7e-m+dp/hard/crtbegin.o
 *(.init)
 .init          0x000000000800cb80        0x4 c:/st/stm32cubeide_1.11.0/stm32cubeide/plugins/com.st.stm32cube.ide.mcu.externaltools.gnu-tools-for-stm32.10.3-2021.10.win32_1.0.100.202210260954/tools/bin/../lib/gcc/arm-none-eabi/10.3.1/thumb/v7e-m+dp/hard/crti.o
                0x000000000800cb80                _init
 .init          0x000000000800cb84        0x8 c:/st/stm32cubeide_1.11.0/stm32cubeide/plugins/com.st.stm32cube.ide.mcu.externaltools.gnu-tools-for-stm32.10.3-2021.10.win32_1.0.100.202210260954/tools/bin/../lib/gcc/arm-none-eabi/10.3.1/thumb/v7e-m+dp/hard/crtn.o
 *(.fini)
 .fini          0x000000000800cb8c        0x4 c:/st/stm32cubeide_1.11.0/stm32cubeide/plugins/com.st.stm32cube.ide.mcu.externaltools.gnu-tools-for-stm32.10.3-2021.10.win32_1.0.100.202210260954/tools/bin/../lib/gcc/arm-none-eabi/10.3.1/thumb/v7e-m+dp/hard/crti.o
                0x000000000800cb8c                _fini
 .fini          0x000000000800cb90        0x8 c:/st/stm32cubeide_1.11.0/stm32cubeide/plugins/com.st.stm32cube.ide.mcu.externaltools.gnu-tools-for-stm32.10.3-2021.10.win32_1.0.100.202210260954/tools/bin/../lib/gcc/arm-none-eabi/10.3.1/thumb/v7e-m+dp/hard/crtn.o
                0x000000000800cb98                . = ALIGN (0x4)
                0x000000000800cb98                _etext = .

.vfp11_veneer   0x000000000800cb98        0x0
 .vfp11_veneer  0x000000000800cb98        0x0 linker stubs

.v4_bx          0x000000000800cb98        0x0
 .v4_bx         0x000000000800cb98        0x0 linker stubs

.iplt           0x000000000800cb98        0x0
 .iplt          0x000000000800cb98        0x0 c:/st/stm32cubeide_1.11.0/stm32cubeide/plugins/com.st.stm32cube.ide.mcu.externaltools.gnu-tools-for-stm32.10.3-2021.10.win32_1.0.100.202210260954/tools/bin/../lib/gcc/arm-none-eabi/10.3.1/thumb/v7e-m+dp/hard/crtbegin.o

.rodata         0x000000000800cb98       0x40
                0x000000000800cb98                . = ALIGN (0x4)
 *(.rodata)
 *(.rodata*)
 .rodata.D1CorePrescTable
                0x000000000800cb98       0x10 ./Core/Src/system_stm32h7xx.o
                0x000000000800cb98                D1CorePrescTable
 .rodata.flagBitshiftOffset.0
                0x000000000800cba8        0x8 ./Drivers/STM32H7xx_HAL_Driver/Src/stm32h7xx_hal_dma.o
 .rodata.UARTPrescTable
                0x000000000800cbb0       0x18 ./Drivers/STM32H7xx_HAL_Driver/Src/stm32h7xx_hal_uart.o
                0x000000000800cbb0                UARTPrescTable
 .rodata.numerator.1
                0x000000000800cbc8        0x8 ./Drivers/STM32H7xx_HAL_Driver/Src/stm32h7xx_hal_uart_ex.o
 .rodata.denominator.0
                0x000000000800cbd0        0x8 ./Drivers/STM32H7xx_HAL_Driver/Src/stm32h7xx_hal_uart_ex.o
                0x000000000800cbd8                . = ALIGN (0x4)

.ARM.extab
 *(.ARM.extab* .gnu.linkonce.armextab.*)

.ARM            0x000000000800cbd8        0x8
                0x000000000800cbd8                __exidx_start = .
 *(.ARM.exidx*)
 .ARM.exidx     0x000000000800cbd8        0x8 c:/st/stm32cubeide_1.11.0/stm32cubeide/plugins/com.st.stm32cube.ide.mcu.externaltools.gnu-tools-for-stm32.10.3-2021.10.win32_1.0.100.202210260954/tools/bin/../lib/gcc/arm-none-eabi/10.3.1/thumb/v7e-m+dp/hard\libgcc.a(_udivmoddi4.o)
                0x000000000800cbe0                __exidx_end = .

.rel.dyn        0x000000000800cbe0        0x0
 .rel.iplt      0x000000000800cbe0        0x0 c:/st/stm32cubeide_1.11.0/stm32cubeide/plugins/com.st.stm32cube.ide.mcu.externaltools.gnu-tools-for-stm32.10.3-2021.10.win32_1.0.100.202210260954/tools/bin/../lib/gcc/arm-none-eabi/10.3.1/thumb/v7e-m+dp/hard/crtbegin.o

.preinit_array  0x000000000800cbe0        0x0
                0x000000000800cbe0                PROVIDE (__preinit_array_start = .)
 *(.preinit_array*)
                0x000000000800cbe0                PROVIDE (__preinit_array_end = .)

.init_array     0x000000000800cbe0        0x4
                0x000000000800cbe0                PROVIDE (__init_array_start = .)
 *(SORT_BY_NAME(.init_array.*))
 *(.init_array*)
 .init_array    0x000000000800cbe0        0x4 c:/st/stm32cubeide_1.11.0/stm32cubeide/plugins/com.st.stm32cube.ide.mcu.externaltools.gnu-tools-for-stm32.10.3-2021.10.win32_1.0.100.202210260954/tools/bin/../lib/gcc/arm-none-eabi/10.3.1/thumb/v7e-m+dp/hard/crtbegin.o
                0x000000000800cbe4                PROVIDE (__init_array_end = .)

.fini_array     0x000000000800cbe4        0x4
                [!provide]                        PROVIDE (__fini_array_start = .)
 *(SORT_BY_NAME(.fini_array.*))
 *(.fini_array*)
 .fini_array    0x000000000800cbe4        0x4 c:/st/stm32cubeide_1.11.0/stm32cubeide/plugins/com.st.stm32cube.ide.mcu.externaltools.gnu-tools-for-stm32.10.3-2021.10.win32_1.0.100.202210260954/tools/bin/../lib/gcc/arm-none-eabi/10.3.1/thumb/v7e-m+dp/hard/crtbegin.o
                [!provide]                        PROVIDE (__fini_array_end = .)
                0x000000000800cbe8                _sidata = LOADADDR (.data)

.data           0x0000000024000000       0x14 load address 0x000000000800cbe8
                0x0000000024000000                . = ALIGN (0x4)
                0x0000000024000000                _sdata = .
 *(.data)
 *(.data*)
 .data.uart_tx_complete
                0x0000000024000000        0x1 ./Core/Src/main.o
                0x0000000024000000                uart_tx_complete
 *fill*         0x0000000024000001        0x3 
 .data.SystemCoreClock
                0x0000000024000004        0x4 ./Core/Src/system_stm32h7xx.o
                0x0000000024000004                SystemCoreClock
 .data.SystemD2Clock
                0x0000000024000008        0x4 ./Core/Src/system_stm32h7xx.o
                0x0000000024000008                SystemD2Clock
 .data.uwTickPrio
                0x000000002400000c        0x4 ./Drivers/STM32H7xx_HAL_Driver/Src/stm32h7xx_hal.o
                0x000000002400000c                uwTickPrio
 .data.uwTickFreq
                0x0000000024000010        0x1 ./Drivers/STM32H7xx_HAL_Driver/Src/stm32h7xx_hal.o
                0x0000000024000010                uwTickFreq
 *(.RamFunc)
 *(.RamFunc*)
                0x0000000024000014                . = ALIGN (0x4)
 *fill*         0x0000000024000011        0x3 
                0x0000000024000014                _edata = .

.igot.plt       0x0000000024000014        0x0 load address 0x000000000800cbfc
 .igot.plt      0x0000000024000014        0x0 c:/st/stm32cubeide_1.11.0/stm32cubeide/plugins/com.st.stm32cube.ide.mcu.externaltools.gnu-tools-for-stm32.10.3-2021.10.win32_1.0.100.202210260954/tools/bin/../lib/gcc/arm-none-eabi/10.3.1/thumb/v7e-m+dp/hard/crtbegin.o
                0x0000000024000014                . = ALIGN (0x4)

.bss            0x0000000024000014      0x228 load address 0x000000000800cbfc
                0x0000000024000014                _sbss = .
                0x0000000024000014                __bss_start__ = _sbss
 *(.bss)
 .bss           0x0000000024000014       0x1c c:/st/stm32cubeide_1.11.0/stm32cubeide/plugins/com.st.stm32cube.ide.mcu.externaltools.gnu-tools-for-stm32.10.3-2021.10.win32_1.0.100.202210260954/tools/bin/../lib/gcc/arm-none-eabi/10.3.1/thumb/v7e-m+dp/hard/crtbegin.o
 *(.bss*)
 .bss.hadc1     0x0000000024000030       0x64 ./Core/Src/adc.o
                0x0000000024000030                hadc1
 .bss.hdma_adc1
                0x0000000024000094       0x78 ./Core/Src/adc.o
                0x0000000024000094                hdma_adc1
 .bss.adc_value
                0x000000002400010c        0x4 ./Core/Src/main.o
                0x000000002400010c                adc_value
 .bss.tx_buffer_adc
                0x0000000024000110        0x5 ./Core/Src/main.o
                0x0000000024000110                tx_buffer_adc
 .bss.adc_ready
                0x0000000024000115        0x1 ./Core/Src/main.o
                0x0000000024000115                adc_ready
 .bss.led_flag  0x0000000024000116        0x1 ./Core/Src/main.o
                0x0000000024000116                led_flag
 .bss.packet_ready
                0x0000000024000117        0x1 ./Core/Src/main.o
                0x0000000024000117                packet_ready
 .bss.received_data
                0x0000000024000118        0x1 ./Core/Src/main.o
                0x0000000024000118                received_data
 .bss.received_byte
                0x0000000024000119        0x1 ./Core/Src/main.o
                0x0000000024000119                received_byte
 *fill*         0x000000002400011a        0x2 
 .bss.last_byte_time
                0x000000002400011c        0x4 ./Core/Src/main.o
                0x000000002400011c                last_byte_time
 .bss.uart_state
                0x0000000024000120        0x1 ./Core/Src/main.o
                0x0000000024000120                uart_state
 *fill*         0x0000000024000121        0x3 
 .bss.hopamp1   0x0000000024000124       0x34 ./Core/Src/opamp.o
                0x0000000024000124                hopamp1
 .bss.htim6     0x0000000024000158       0x4c ./Core/Src/tim.o
                0x0000000024000158                htim6
 .bss.huart1    0x00000000240001a4       0x94 ./Core/Src/usart.o
                0x00000000240001a4                huart1
 .bss.uwTick    0x0000000024000238        0x4 ./Drivers/STM32H7xx_HAL_Driver/Src/stm32h7xx_hal.o
                0x0000000024000238                uwTick
 *(COMMON)
                0x000000002400023c                . = ALIGN (0x4)
                0x000000002400023c                _ebss = .
                0x000000002400023c                __bss_end__ = _ebss

._user_heap_stack
                0x000000002400023c      0x604 load address 0x000000000800cbfc
                0x0000000024000240                . = ALIGN (0x8)
 *fill*         0x000000002400023c        0x4 
                [!provide]                        PROVIDE (end = .)
                0x0000000024000240                PROVIDE (_end = .)
                0x0000000024000440                . = (. + _Min_Heap_Size)
 *fill*         0x0000000024000240      0x200 
                0x0000000024000840                . = (. + _Min_Stack_Size)
 *fill*         0x0000000024000440      0x400 
                0x0000000024000840                . = ALIGN (0x8)

/DISCARD/
 libc.a(*)
 libm.a(*)
 libgcc.a(*)

.ARM.attributes
                0x0000000000000000       0x2e
 *(.ARM.attributes)
 .ARM.attributes
                0x0000000000000000       0x1e c:/st/stm32cubeide_1.11.0/stm32cubeide/plugins/com.st.stm32cube.ide.mcu.externaltools.gnu-tools-for-stm32.10.3-2021.10.win32_1.0.100.202210260954/tools/bin/../lib/gcc/arm-none-eabi/10.3.1/thumb/v7e-m+dp/hard/crti.o
 .ARM.attributes
                0x000000000000001e       0x32 c:/st/stm32cubeide_1.11.0/stm32cubeide/plugins/com.st.stm32cube.ide.mcu.externaltools.gnu-tools-for-stm32.10.3-2021.10.win32_1.0.100.202210260954/tools/bin/../lib/gcc/arm-none-eabi/10.3.1/thumb/v7e-m+dp/hard/crtbegin.o
 .ARM.attributes
                0x0000000000000050       0x32 ./Core/Src/adc.o
 .ARM.attributes
                0x0000000000000082       0x32 ./Core/Src/dma.o
 .ARM.attributes
                0x00000000000000b4       0x32 ./Core/Src/gpio.o
 .ARM.attributes
                0x00000000000000e6       0x32 ./Core/Src/main.o
 .ARM.attributes
                0x0000000000000118       0x32 ./Core/Src/opamp.o
 .ARM.attributes
                0x000000000000014a       0x32 ./Core/Src/stm32h7xx_hal_msp.o
 .ARM.attributes
                0x000000000000017c       0x32 ./Core/Src/stm32h7xx_it.o
 .ARM.attributes
                0x00000000000001ae       0x32 ./Core/Src/system_stm32h7xx.o
 .ARM.attributes
                0x00000000000001e0       0x32 ./Core/Src/tim.o
 .ARM.attributes
                0x0000000000000212       0x32 ./Core/Src/usart.o
 .ARM.attributes
                0x0000000000000244       0x21 ./Core/Startup/startup_stm32h743vitx.o
 .ARM.attributes
                0x0000000000000265       0x32 ./Drivers/STM32H7xx_HAL_Driver/Src/stm32h7xx_hal.o
 .ARM.attributes
                0x0000000000000297       0x32 ./Drivers/STM32H7xx_HAL_Driver/Src/stm32h7xx_hal_adc.o
 .ARM.attributes
                0x00000000000002c9       0x32 ./Drivers/STM32H7xx_HAL_Driver/Src/stm32h7xx_hal_adc_ex.o
 .ARM.attributes
                0x00000000000002fb       0x32 ./Drivers/STM32H7xx_HAL_Driver/Src/stm32h7xx_hal_cortex.o
 .ARM.attributes
                0x000000000000032d       0x32 ./Drivers/STM32H7xx_HAL_Driver/Src/stm32h7xx_hal_dma.o
 .ARM.attributes
                0x000000000000035f       0x32 ./Drivers/STM32H7xx_HAL_Driver/Src/stm32h7xx_hal_gpio.o
 .ARM.attributes
                0x0000000000000391       0x32 ./Drivers/STM32H7xx_HAL_Driver/Src/stm32h7xx_hal_opamp.o
 .ARM.attributes
                0x00000000000003c3       0x32 ./Drivers/STM32H7xx_HAL_Driver/Src/stm32h7xx_hal_pwr_ex.o
 .ARM.attributes
                0x00000000000003f5       0x32 ./Drivers/STM32H7xx_HAL_Driver/Src/stm32h7xx_hal_rcc.o
 .ARM.attributes
                0x0000000000000427       0x32 ./Drivers/STM32H7xx_HAL_Driver/Src/stm32h7xx_hal_rcc_ex.o
 .ARM.attributes
                0x0000000000000459       0x32 ./Drivers/STM32H7xx_HAL_Driver/Src/stm32h7xx_hal_tim.o
 .ARM.attributes
                0x000000000000048b       0x32 ./Drivers/STM32H7xx_HAL_Driver/Src/stm32h7xx_hal_tim_ex.o
 .ARM.attributes
                0x00000000000004bd       0x32 ./Drivers/STM32H7xx_HAL_Driver/Src/stm32h7xx_hal_uart.o
 .ARM.attributes
                0x00000000000004ef       0x32 ./Drivers/STM32H7xx_HAL_Driver/Src/stm32h7xx_hal_uart_ex.o
 .ARM.attributes
                0x0000000000000521       0x32 c:/st/stm32cubeide_1.11.0/stm32cubeide/plugins/com.st.stm32cube.ide.mcu.externaltools.gnu-tools-for-stm32.10.3-2021.10.win32_1.0.100.202210260954/tools/bin/../lib/gcc/arm-none-eabi/10.3.1/../../../../arm-none-eabi/lib/thumb/v7e-m+dp/hard\libc_nano.a(lib_a-init.o)
 .ARM.attributes
                0x0000000000000553       0x32 c:/st/stm32cubeide_1.11.0/stm32cubeide/plugins/com.st.stm32cube.ide.mcu.externaltools.gnu-tools-for-stm32.10.3-2021.10.win32_1.0.100.202210260954/tools/bin/../lib/gcc/arm-none-eabi/10.3.1/../../../../arm-none-eabi/lib/thumb/v7e-m+dp/hard\libc_nano.a(lib_a-memset.o)
 .ARM.attributes
                0x0000000000000585       0x1e c:/st/stm32cubeide_1.11.0/stm32cubeide/plugins/com.st.stm32cube.ide.mcu.externaltools.gnu-tools-for-stm32.10.3-2021.10.win32_1.0.100.202210260954/tools/bin/../lib/gcc/arm-none-eabi/10.3.1/thumb/v7e-m+dp/hard\libgcc.a(_aeabi_uldivmod.o)
 .ARM.attributes
                0x00000000000005a3       0x32 c:/st/stm32cubeide_1.11.0/stm32cubeide/plugins/com.st.stm32cube.ide.mcu.externaltools.gnu-tools-for-stm32.10.3-2021.10.win32_1.0.100.202210260954/tools/bin/../lib/gcc/arm-none-eabi/10.3.1/thumb/v7e-m+dp/hard\libgcc.a(_udivmoddi4.o)
 .ARM.attributes
                0x00000000000005d5       0x1e c:/st/stm32cubeide_1.11.0/stm32cubeide/plugins/com.st.stm32cube.ide.mcu.externaltools.gnu-tools-for-stm32.10.3-2021.10.win32_1.0.100.202210260954/tools/bin/../lib/gcc/arm-none-eabi/10.3.1/thumb/v7e-m+dp/hard\libgcc.a(_dvmd_tls.o)
 .ARM.attributes
                0x00000000000005f3       0x1e c:/st/stm32cubeide_1.11.0/stm32cubeide/plugins/com.st.stm32cube.ide.mcu.externaltools.gnu-tools-for-stm32.10.3-2021.10.win32_1.0.100.202210260954/tools/bin/../lib/gcc/arm-none-eabi/10.3.1/thumb/v7e-m+dp/hard/crtn.o
OUTPUT(H743_UART_ADC_TIM.elf elf32-littlearm)
LOAD linker stubs
LOAD c:/st/stm32cubeide_1.11.0/stm32cubeide/plugins/com.st.stm32cube.ide.mcu.externaltools.gnu-tools-for-stm32.10.3-2021.10.win32_1.0.100.202210260954/tools/bin/../lib/gcc/arm-none-eabi/10.3.1/../../../../arm-none-eabi/lib/thumb/v7e-m+dp/hard\libc.a
LOAD c:/st/stm32cubeide_1.11.0/stm32cubeide/plugins/com.st.stm32cube.ide.mcu.externaltools.gnu-tools-for-stm32.10.3-2021.10.win32_1.0.100.202210260954/tools/bin/../lib/gcc/arm-none-eabi/10.3.1/../../../../arm-none-eabi/lib/thumb/v7e-m+dp/hard\libm.a
LOAD c:/st/stm32cubeide_1.11.0/stm32cubeide/plugins/com.st.stm32cube.ide.mcu.externaltools.gnu-tools-for-stm32.10.3-2021.10.win32_1.0.100.202210260954/tools/bin/../lib/gcc/arm-none-eabi/10.3.1/thumb/v7e-m+dp/hard\libgcc.a

.debug_info     0x0000000000000000    0x1e5bc
 .debug_info    0x0000000000000000     0x133f ./Core/Src/adc.o
 .debug_info    0x000000000000133f      0x867 ./Core/Src/dma.o
 .debug_info    0x0000000000001ba6      0x6a8 ./Core/Src/gpio.o
 .debug_info    0x000000000000224e     0x1fa6 ./Core/Src/main.o
 .debug_info    0x00000000000041f4      0x8a8 ./Core/Src/opamp.o
 .debug_info    0x0000000000004a9c      0x4a4 ./Core/Src/stm32h7xx_hal_msp.o
 .debug_info    0x0000000000004f40      0x8a2 ./Core/Src/stm32h7xx_it.o
 .debug_info    0x00000000000057e2      0xd07 ./Core/Src/system_stm32h7xx.o
 .debug_info    0x00000000000064e9      0xcaf ./Core/Src/tim.o
 .debug_info    0x0000000000007198     0x14e1 ./Core/Src/usart.o
 .debug_info    0x0000000000008679       0x22 ./Core/Startup/startup_stm32h743vitx.o
 .debug_info    0x000000000000869b     0x15d7 ./Drivers/STM32H7xx_HAL_Driver/Src/stm32h7xx_hal.o
 .debug_info    0x0000000000009c72     0x1fb4 ./Drivers/STM32H7xx_HAL_Driver/Src/stm32h7xx_hal_adc.o
 .debug_info    0x000000000000bc26     0x20cf ./Drivers/STM32H7xx_HAL_Driver/Src/stm32h7xx_hal_adc_ex.o
 .debug_info    0x000000000000dcf5     0x116d ./Drivers/STM32H7xx_HAL_Driver/Src/stm32h7xx_hal_cortex.o
 .debug_info    0x000000000000ee62      0xcd5 ./Drivers/STM32H7xx_HAL_Driver/Src/stm32h7xx_hal_dma.o
 .debug_info    0x000000000000fb37      0xd28 ./Drivers/STM32H7xx_HAL_Driver/Src/stm32h7xx_hal_gpio.o
 .debug_info    0x000000000001085f      0x54c ./Drivers/STM32H7xx_HAL_Driver/Src/stm32h7xx_hal_opamp.o
 .debug_info    0x0000000000010dab     0x109d ./Drivers/STM32H7xx_HAL_Driver/Src/stm32h7xx_hal_pwr_ex.o
 .debug_info    0x0000000000011e48      0xf4a ./Drivers/STM32H7xx_HAL_Driver/Src/stm32h7xx_hal_rcc.o
 .debug_info    0x0000000000012d92     0x12d9 ./Drivers/STM32H7xx_HAL_Driver/Src/stm32h7xx_hal_rcc_ex.o
 .debug_info    0x000000000001406b     0x2e05 ./Drivers/STM32H7xx_HAL_Driver/Src/stm32h7xx_hal_tim.o
 .debug_info    0x0000000000016e70     0x1928 ./Drivers/STM32H7xx_HAL_Driver/Src/stm32h7xx_hal_tim_ex.o
 .debug_info    0x0000000000018798     0x4dca ./Drivers/STM32H7xx_HAL_Driver/Src/stm32h7xx_hal_uart.o
 .debug_info    0x000000000001d562     0x105a ./Drivers/STM32H7xx_HAL_Driver/Src/stm32h7xx_hal_uart_ex.o

.debug_abbrev   0x0000000000000000     0x34c9
 .debug_abbrev  0x0000000000000000      0x228 ./Core/Src/adc.o
 .debug_abbrev  0x0000000000000228      0x11b ./Core/Src/dma.o
 .debug_abbrev  0x0000000000000343      0x17b ./Core/Src/gpio.o
 .debug_abbrev  0x00000000000004be      0x2ef ./Core/Src/main.o
 .debug_abbrev  0x00000000000007ad      0x1f4 ./Core/Src/opamp.o
 .debug_abbrev  0x00000000000009a1       0xda ./Core/Src/stm32h7xx_hal_msp.o
 .debug_abbrev  0x0000000000000a7b      0x166 ./Core/Src/stm32h7xx_it.o
 .debug_abbrev  0x0000000000000be1      0x147 ./Core/Src/system_stm32h7xx.o
 .debug_abbrev  0x0000000000000d28      0x1e9 ./Core/Src/tim.o
 .debug_abbrev  0x0000000000000f11      0x23c ./Core/Src/usart.o
 .debug_abbrev  0x000000000000114d       0x12 ./Core/Startup/startup_stm32h743vitx.o
 .debug_abbrev  0x000000000000115f      0x289 ./Drivers/STM32H7xx_HAL_Driver/Src/stm32h7xx_hal.o
 .debug_abbrev  0x00000000000013e8      0x2bf ./Drivers/STM32H7xx_HAL_Driver/Src/stm32h7xx_hal_adc.o
 .debug_abbrev  0x00000000000016a7      0x305 ./Drivers/STM32H7xx_HAL_Driver/Src/stm32h7xx_hal_adc_ex.o
 .debug_abbrev  0x00000000000019ac      0x329 ./Drivers/STM32H7xx_HAL_Driver/Src/stm32h7xx_hal_cortex.o
 .debug_abbrev  0x0000000000001cd5      0x239 ./Drivers/STM32H7xx_HAL_Driver/Src/stm32h7xx_hal_dma.o
 .debug_abbrev  0x0000000000001f0e      0x1ec ./Drivers/STM32H7xx_HAL_Driver/Src/stm32h7xx_hal_gpio.o
 .debug_abbrev  0x00000000000020fa      0x17a ./Drivers/STM32H7xx_HAL_Driver/Src/stm32h7xx_hal_opamp.o
 .debug_abbrev  0x0000000000002274      0x28f ./Drivers/STM32H7xx_HAL_Driver/Src/stm32h7xx_hal_pwr_ex.o
 .debug_abbrev  0x0000000000002503      0x2b8 ./Drivers/STM32H7xx_HAL_Driver/Src/stm32h7xx_hal_rcc.o
 .debug_abbrev  0x00000000000027bb      0x25c ./Drivers/STM32H7xx_HAL_Driver/Src/stm32h7xx_hal_rcc_ex.o
 .debug_abbrev  0x0000000000002a17      0x264 ./Drivers/STM32H7xx_HAL_Driver/Src/stm32h7xx_hal_tim.o
 .debug_abbrev  0x0000000000002c7b      0x26c ./Drivers/STM32H7xx_HAL_Driver/Src/stm32h7xx_hal_tim_ex.o
 .debug_abbrev  0x0000000000002ee7      0x325 ./Drivers/STM32H7xx_HAL_Driver/Src/stm32h7xx_hal_uart.o
 .debug_abbrev  0x000000000000320c      0x2bd ./Drivers/STM32H7xx_HAL_Driver/Src/stm32h7xx_hal_uart_ex.o

.debug_aranges  0x0000000000000000     0x1578
 .debug_aranges
                0x0000000000000000       0x30 ./Core/Src/adc.o
 .debug_aranges
                0x0000000000000030       0x20 ./Core/Src/dma.o
 .debug_aranges
                0x0000000000000050       0x20 ./Core/Src/gpio.o
 .debug_aranges
                0x0000000000000070       0x50 ./Core/Src/main.o
 .debug_aranges
                0x00000000000000c0       0x30 ./Core/Src/opamp.o
 .debug_aranges
                0x00000000000000f0       0x20 ./Core/Src/stm32h7xx_hal_msp.o
 .debug_aranges
                0x0000000000000110       0x70 ./Core/Src/stm32h7xx_it.o
 .debug_aranges
                0x0000000000000180       0x28 ./Core/Src/system_stm32h7xx.o
 .debug_aranges
                0x00000000000001a8       0x30 ./Core/Src/tim.o
 .debug_aranges
                0x00000000000001d8       0x30 ./Core/Src/usart.o
 .debug_aranges
                0x0000000000000208       0x28 ./Core/Startup/startup_stm32h743vitx.o
 .debug_aranges
                0x0000000000000230      0x198 ./Drivers/STM32H7xx_HAL_Driver/Src/stm32h7xx_hal.o
 .debug_aranges
                0x00000000000003c8      0x228 ./Drivers/STM32H7xx_HAL_Driver/Src/stm32h7xx_hal_adc.o
 .debug_aranges
                0x00000000000005f0      0x1d8 ./Drivers/STM32H7xx_HAL_Driver/Src/stm32h7xx_hal_adc_ex.o
 .debug_aranges
                0x00000000000007c8      0x120 ./Drivers/STM32H7xx_HAL_Driver/Src/stm32h7xx_hal_cortex.o
 .debug_aranges
                0x00000000000008e8       0xa0 ./Drivers/STM32H7xx_HAL_Driver/Src/stm32h7xx_hal_dma.o
 .debug_aranges
                0x0000000000000988       0x58 ./Drivers/STM32H7xx_HAL_Driver/Src/stm32h7xx_hal_gpio.o
 .debug_aranges
                0x00000000000009e0       0x68 ./Drivers/STM32H7xx_HAL_Driver/Src/stm32h7xx_hal_opamp.o
 .debug_aranges
                0x0000000000000a48      0x158 ./Drivers/STM32H7xx_HAL_Driver/Src/stm32h7xx_hal_pwr_ex.o
 .debug_aranges
                0x0000000000000ba0       0x88 ./Drivers/STM32H7xx_HAL_Driver/Src/stm32h7xx_hal_rcc.o
 .debug_aranges
                0x0000000000000c28       0xf8 ./Drivers/STM32H7xx_HAL_Driver/Src/stm32h7xx_hal_rcc_ex.o
 .debug_aranges
                0x0000000000000d20      0x3e0 ./Drivers/STM32H7xx_HAL_Driver/Src/stm32h7xx_hal_tim.o
 .debug_aranges
                0x0000000000001100      0x188 ./Drivers/STM32H7xx_HAL_Driver/Src/stm32h7xx_hal_tim_ex.o
 .debug_aranges
                0x0000000000001288      0x248 ./Drivers/STM32H7xx_HAL_Driver/Src/stm32h7xx_hal_uart.o
 .debug_aranges
                0x00000000000014d0       0xa8 ./Drivers/STM32H7xx_HAL_Driver/Src/stm32h7xx_hal_uart_ex.o

.debug_ranges   0x0000000000000000     0x1420
 .debug_ranges  0x0000000000000000       0x20 ./Core/Src/adc.o
 .debug_ranges  0x0000000000000020       0x10 ./Core/Src/dma.o
 .debug_ranges  0x0000000000000030       0x10 ./Core/Src/gpio.o
 .debug_ranges  0x0000000000000040       0x40 ./Core/Src/main.o
 .debug_ranges  0x0000000000000080       0x20 ./Core/Src/opamp.o
 .debug_ranges  0x00000000000000a0       0x10 ./Core/Src/stm32h7xx_hal_msp.o
 .debug_ranges  0x00000000000000b0       0x60 ./Core/Src/stm32h7xx_it.o
 .debug_ranges  0x0000000000000110       0x18 ./Core/Src/system_stm32h7xx.o
 .debug_ranges  0x0000000000000128       0x20 ./Core/Src/tim.o
 .debug_ranges  0x0000000000000148       0x20 ./Core/Src/usart.o
 .debug_ranges  0x0000000000000168       0x20 ./Core/Startup/startup_stm32h743vitx.o
 .debug_ranges  0x0000000000000188      0x188 ./Drivers/STM32H7xx_HAL_Driver/Src/stm32h7xx_hal.o
 .debug_ranges  0x0000000000000310      0x218 ./Drivers/STM32H7xx_HAL_Driver/Src/stm32h7xx_hal_adc.o
 .debug_ranges  0x0000000000000528      0x1c8 ./Drivers/STM32H7xx_HAL_Driver/Src/stm32h7xx_hal_adc_ex.o
 .debug_ranges  0x00000000000006f0      0x110 ./Drivers/STM32H7xx_HAL_Driver/Src/stm32h7xx_hal_cortex.o
 .debug_ranges  0x0000000000000800       0x90 ./Drivers/STM32H7xx_HAL_Driver/Src/stm32h7xx_hal_dma.o
 .debug_ranges  0x0000000000000890       0x48 ./Drivers/STM32H7xx_HAL_Driver/Src/stm32h7xx_hal_gpio.o
 .debug_ranges  0x00000000000008d8       0x58 ./Drivers/STM32H7xx_HAL_Driver/Src/stm32h7xx_hal_opamp.o
 .debug_ranges  0x0000000000000930      0x148 ./Drivers/STM32H7xx_HAL_Driver/Src/stm32h7xx_hal_pwr_ex.o
 .debug_ranges  0x0000000000000a78       0x78 ./Drivers/STM32H7xx_HAL_Driver/Src/stm32h7xx_hal_rcc.o
 .debug_ranges  0x0000000000000af0       0xe8 ./Drivers/STM32H7xx_HAL_Driver/Src/stm32h7xx_hal_rcc_ex.o
 .debug_ranges  0x0000000000000bd8      0x3d0 ./Drivers/STM32H7xx_HAL_Driver/Src/stm32h7xx_hal_tim.o
 .debug_ranges  0x0000000000000fa8      0x178 ./Drivers/STM32H7xx_HAL_Driver/Src/stm32h7xx_hal_tim_ex.o
 .debug_ranges  0x0000000000001120      0x268 ./Drivers/STM32H7xx_HAL_Driver/Src/stm32h7xx_hal_uart.o
 .debug_ranges  0x0000000000001388       0x98 ./Drivers/STM32H7xx_HAL_Driver/Src/stm32h7xx_hal_uart_ex.o

.debug_macro    0x0000000000000000    0x3a35f
 .debug_macro   0x0000000000000000      0x2f3 ./Core/Src/adc.o
 .debug_macro   0x00000000000002f3      0xa90 ./Core/Src/adc.o
 .debug_macro   0x0000000000000d83      0x244 ./Core/Src/adc.o
 .debug_macro   0x0000000000000fc7       0x2e ./Core/Src/adc.o
 .debug_macro   0x0000000000000ff5       0x3b ./Core/Src/adc.o
 .debug_macro   0x0000000000001030       0x22 ./Core/Src/adc.o
 .debug_macro   0x0000000000001052       0x8e ./Core/Src/adc.o
 .debug_macro   0x00000000000010e0       0x51 ./Core/Src/adc.o
 .debug_macro   0x0000000000001131      0x103 ./Core/Src/adc.o
 .debug_macro   0x0000000000001234       0x6a ./Core/Src/adc.o
 .debug_macro   0x000000000000129e      0x1df ./Core/Src/adc.o
 .debug_macro   0x000000000000147d       0x1c ./Core/Src/adc.o
 .debug_macro   0x0000000000001499       0x22 ./Core/Src/adc.o
 .debug_macro   0x00000000000014bb       0xfb ./Core/Src/adc.o
 .debug_macro   0x00000000000015b6     0x1305 ./Core/Src/adc.o
 .debug_macro   0x00000000000028bb      0x11f ./Core/Src/adc.o
 .debug_macro   0x00000000000029da       0x27 ./Core/Src/adc.o
 .debug_macro   0x0000000000002a01    0x25882 ./Core/Src/adc.o
 .debug_macro   0x0000000000028283       0x6d ./Core/Src/adc.o
 .debug_macro   0x00000000000282f0     0x3d5d ./Core/Src/adc.o
 .debug_macro   0x000000000002c04d      0x174 ./Core/Src/adc.o
 .debug_macro   0x000000000002c1c1       0x52 ./Core/Src/adc.o
 .debug_macro   0x000000000002c213       0x1d ./Core/Src/adc.o
 .debug_macro   0x000000000002c230       0x3c ./Core/Src/adc.o
 .debug_macro   0x000000000002c26c       0x34 ./Core/Src/adc.o
 .debug_macro   0x000000000002c2a0       0x16 ./Core/Src/adc.o
 .debug_macro   0x000000000002c2b6       0x43 ./Core/Src/adc.o
 .debug_macro   0x000000000002c2f9       0x34 ./Core/Src/adc.o
 .debug_macro   0x000000000002c32d       0x10 ./Core/Src/adc.o
 .debug_macro   0x000000000002c33d       0x58 ./Core/Src/adc.o
 .debug_macro   0x000000000002c395       0x71 ./Core/Src/adc.o
 .debug_macro   0x000000000002c406       0x1c ./Core/Src/adc.o
 .debug_macro   0x000000000002c422      0x12a ./Core/Src/adc.o
 .debug_macro   0x000000000002c54c      0x341 ./Core/Src/adc.o
 .debug_macro   0x000000000002c88d      0x19b ./Core/Src/adc.o
 .debug_macro   0x000000000002ca28       0x5d ./Core/Src/adc.o
 .debug_macro   0x000000000002ca85     0x2382 ./Core/Src/adc.o
 .debug_macro   0x000000000002ee07     0x102c ./Core/Src/adc.o
 .debug_macro   0x000000000002fe33      0x154 ./Core/Src/adc.o
 .debug_macro   0x000000000002ff87      0x114 ./Core/Src/adc.o
 .debug_macro   0x000000000003009b      0x3b2 ./Core/Src/adc.o
 .debug_macro   0x000000000003044d       0xac ./Core/Src/adc.o
 .debug_macro   0x00000000000304f9      0x72d ./Core/Src/adc.o
 .debug_macro   0x0000000000030c26      0x228 ./Core/Src/adc.o
 .debug_macro   0x0000000000030e4e       0x66 ./Core/Src/adc.o
 .debug_macro   0x0000000000030eb4      0x3bb ./Core/Src/adc.o
 .debug_macro   0x000000000003126f      0x3e4 ./Core/Src/adc.o
 .debug_macro   0x0000000000031653      0x275 ./Core/Src/adc.o
 .debug_macro   0x00000000000318c8     0x1044 ./Core/Src/adc.o
 .debug_macro   0x000000000003290c      0x6cc ./Core/Src/adc.o
 .debug_macro   0x0000000000032fd8      0x36e ./Core/Src/adc.o
 .debug_macro   0x0000000000033346      0x3ca ./Core/Src/adc.o
 .debug_macro   0x0000000000033710      0x408 ./Core/Src/adc.o
 .debug_macro   0x0000000000033b18       0x51 ./Core/Src/adc.o
 .debug_macro   0x0000000000033b69       0x4a ./Core/Src/adc.o
 .debug_macro   0x0000000000033bb3      0x22c ./Core/Src/adc.o
 .debug_macro   0x0000000000033ddf       0x67 ./Core/Src/adc.o
 .debug_macro   0x0000000000033e46       0xa5 ./Core/Src/adc.o
 .debug_macro   0x0000000000033eeb      0x11b ./Core/Src/adc.o
 .debug_macro   0x0000000000034006      0x1c4 ./Core/Src/adc.o
 .debug_macro   0x00000000000341ca      0x25e ./Core/Src/adc.o
 .debug_macro   0x0000000000034428       0x35 ./Core/Src/adc.o
 .debug_macro   0x000000000003445d      0xaf3 ./Core/Src/adc.o
 .debug_macro   0x0000000000034f50      0x29f ./Core/Src/adc.o
 .debug_macro   0x00000000000351ef      0x693 ./Core/Src/adc.o
 .debug_macro   0x0000000000035882       0xa6 ./Core/Src/adc.o
 .debug_macro   0x0000000000035928      0x5a0 ./Core/Src/adc.o
 .debug_macro   0x0000000000035ec8      0x2f3 ./Core/Src/dma.o
 .debug_macro   0x00000000000361bb      0x2f3 ./Core/Src/gpio.o
 .debug_macro   0x00000000000364ae      0x344 ./Core/Src/main.o
 .debug_macro   0x00000000000367f2       0x22 ./Core/Src/main.o
 .debug_macro   0x0000000000036814      0x2f3 ./Core/Src/opamp.o
 .debug_macro   0x0000000000036b07      0x2e9 ./Core/Src/stm32h7xx_hal_msp.o
 .debug_macro   0x0000000000036df0      0x2f3 ./Core/Src/stm32h7xx_it.o
 .debug_macro   0x00000000000370e3      0x2df ./Core/Src/system_stm32h7xx.o
 .debug_macro   0x00000000000373c2      0x2f3 ./Core/Src/tim.o
 .debug_macro   0x00000000000376b5      0x2f3 ./Core/Src/usart.o
 .debug_macro   0x00000000000379a8      0x309 ./Drivers/STM32H7xx_HAL_Driver/Src/stm32h7xx_hal.o
 .debug_macro   0x0000000000037cb1      0x303 ./Drivers/STM32H7xx_HAL_Driver/Src/stm32h7xx_hal_adc.o
 .debug_macro   0x0000000000037fb4      0x2eb ./Drivers/STM32H7xx_HAL_Driver/Src/stm32h7xx_hal_adc_ex.o
 .debug_macro   0x000000000003829f      0x2df ./Drivers/STM32H7xx_HAL_Driver/Src/stm32h7xx_hal_cortex.o
 .debug_macro   0x000000000003857e      0x333 ./Drivers/STM32H7xx_HAL_Driver/Src/stm32h7xx_hal_dma.o
 .debug_macro   0x00000000000388b1      0x2e6 ./Drivers/STM32H7xx_HAL_Driver/Src/stm32h7xx_hal_gpio.o
 .debug_macro   0x0000000000038b97      0x2fc ./Drivers/STM32H7xx_HAL_Driver/Src/stm32h7xx_hal_opamp.o
 .debug_macro   0x0000000000038e93      0x318 ./Drivers/STM32H7xx_HAL_Driver/Src/stm32h7xx_hal_pwr_ex.o
 .debug_macro   0x00000000000391ab      0x303 ./Drivers/STM32H7xx_HAL_Driver/Src/stm32h7xx_hal_rcc.o
 .debug_macro   0x00000000000394ae      0x2fd ./Drivers/STM32H7xx_HAL_Driver/Src/stm32h7xx_hal_rcc_ex.o
 .debug_macro   0x00000000000397ab      0x2e0 ./Drivers/STM32H7xx_HAL_Driver/Src/stm32h7xx_hal_tim.o
 .debug_macro   0x0000000000039a8b      0x2df ./Drivers/STM32H7xx_HAL_Driver/Src/stm32h7xx_hal_tim_ex.o
 .debug_macro   0x0000000000039d6a      0x30a ./Drivers/STM32H7xx_HAL_Driver/Src/stm32h7xx_hal_uart.o
 .debug_macro   0x000000000003a074      0x2eb ./Drivers/STM32H7xx_HAL_Driver/Src/stm32h7xx_hal_uart_ex.o

.debug_line     0x0000000000000000    0x1ee1e
 .debug_line    0x0000000000000000      0x9d6 ./Core/Src/adc.o
 .debug_line    0x00000000000009d6      0x8cd ./Core/Src/dma.o
 .debug_line    0x00000000000012a3      0x8e2 ./Core/Src/gpio.o
 .debug_line    0x0000000000001b85      0xb57 ./Core/Src/main.o
 .debug_line    0x00000000000026dc      0x93e ./Core/Src/opamp.o
 .debug_line    0x000000000000301a      0x8d0 ./Core/Src/stm32h7xx_hal_msp.o
 .debug_line    0x00000000000038ea      0x9c4 ./Core/Src/stm32h7xx_it.o
 .debug_line    0x00000000000042ae      0xa81 ./Core/Src/system_stm32h7xx.o
 .debug_line    0x0000000000004d2f      0x929 ./Core/Src/tim.o
 .debug_line    0x0000000000005658      0x975 ./Core/Src/usart.o
 .debug_line    0x0000000000005fcd       0x88 ./Core/Startup/startup_stm32h743vitx.o
 .debug_line    0x0000000000006055      0xe7f ./Drivers/STM32H7xx_HAL_Driver/Src/stm32h7xx_hal.o
 .debug_line    0x0000000000006ed4     0x23d8 ./Drivers/STM32H7xx_HAL_Driver/Src/stm32h7xx_hal_adc.o
 .debug_line    0x00000000000092ac     0x1f9d ./Drivers/STM32H7xx_HAL_Driver/Src/stm32h7xx_hal_adc_ex.o
 .debug_line    0x000000000000b249      0xe85 ./Drivers/STM32H7xx_HAL_Driver/Src/stm32h7xx_hal_cortex.o
 .debug_line    0x000000000000c0ce     0x27ce ./Drivers/STM32H7xx_HAL_Driver/Src/stm32h7xx_hal_dma.o
 .debug_line    0x000000000000e89c      0xd42 ./Drivers/STM32H7xx_HAL_Driver/Src/stm32h7xx_hal_gpio.o
 .debug_line    0x000000000000f5de      0xba7 ./Drivers/STM32H7xx_HAL_Driver/Src/stm32h7xx_hal_opamp.o
 .debug_line    0x0000000000010185      0xf99 ./Drivers/STM32H7xx_HAL_Driver/Src/stm32h7xx_hal_pwr_ex.o
 .debug_line    0x000000000001111e     0x144f ./Drivers/STM32H7xx_HAL_Driver/Src/stm32h7xx_hal_rcc.o
 .debug_line    0x000000000001256d     0x1d1d ./Drivers/STM32H7xx_HAL_Driver/Src/stm32h7xx_hal_rcc_ex.o
 .debug_line    0x000000000001428a     0x3f70 ./Drivers/STM32H7xx_HAL_Driver/Src/stm32h7xx_hal_tim.o
 .debug_line    0x00000000000181fa     0x1e2b ./Drivers/STM32H7xx_HAL_Driver/Src/stm32h7xx_hal_tim_ex.o
 .debug_line    0x000000000001a025     0x3edc ./Drivers/STM32H7xx_HAL_Driver/Src/stm32h7xx_hal_uart.o
 .debug_line    0x000000000001df01      0xf1d ./Drivers/STM32H7xx_HAL_Driver/Src/stm32h7xx_hal_uart_ex.o

.debug_str      0x0000000000000000   0x1771cf
 .debug_str     0x0000000000000000   0x16ff1e ./Core/Src/adc.o
                                     0x17071f (size before relaxing)
 .debug_str     0x000000000016ff1e      0x80d ./Core/Src/dma.o
                                     0x1703ee (size before relaxing)
 .debug_str     0x000000000017072b       0x68 ./Core/Src/gpio.o
                                     0x16fc6d (size before relaxing)
 .debug_str     0x0000000000170793      0xbb9 ./Core/Src/main.o
                                     0x170eee (size before relaxing)
 .debug_str     0x000000000017134c       0x46 ./Core/Src/opamp.o
                                     0x16fe7c (size before relaxing)
 .debug_str     0x0000000000171392       0x2c ./Core/Src/stm32h7xx_hal_msp.o
                                     0x16fba2 (size before relaxing)
 .debug_str     0x00000000001713be      0x11a ./Core/Src/stm32h7xx_it.o
                                     0x170017 (size before relaxing)
 .debug_str     0x00000000001714d8      0x33a ./Core/Src/system_stm32h7xx.o
                                     0x16fed5 (size before relaxing)
 .debug_str     0x0000000000171812       0xe4 ./Core/Src/tim.o
                                     0x1702f2 (size before relaxing)
 .debug_str     0x00000000001718f6       0xbc ./Core/Src/usart.o
                                     0x170e88 (size before relaxing)
 .debug_str     0x00000000001719b2       0x36 ./Core/Startup/startup_stm32h743vitx.o
                                         0x6f (size before relaxing)
 .debug_str     0x00000000001719e8      0x7ed ./Drivers/STM32H7xx_HAL_Driver/Src/stm32h7xx_hal.o
                                     0x170deb (size before relaxing)
 .debug_str     0x00000000001721d5      0xaf5 ./Drivers/STM32H7xx_HAL_Driver/Src/stm32h7xx_hal_adc.o
                                     0x170c74 (size before relaxing)
 .debug_str     0x0000000000172cca      0x7a8 ./Drivers/STM32H7xx_HAL_Driver/Src/stm32h7xx_hal_adc_ex.o
                                     0x170cb3 (size before relaxing)
 .debug_str     0x0000000000173472      0x32c ./Drivers/STM32H7xx_HAL_Driver/Src/stm32h7xx_hal_cortex.o
                                     0x1707ee (size before relaxing)
 .debug_str     0x000000000017379e      0x835 ./Drivers/STM32H7xx_HAL_Driver/Src/stm32h7xx_hal_dma.o
                                     0x17060f (size before relaxing)
 .debug_str     0x0000000000173fd3       0xec ./Drivers/STM32H7xx_HAL_Driver/Src/stm32h7xx_hal_gpio.o
                                     0x16fe8c (size before relaxing)
 .debug_str     0x00000000001740bf      0x2c5 ./Drivers/STM32H7xx_HAL_Driver/Src/stm32h7xx_hal_opamp.o
                                     0x16fe51 (size before relaxing)
 .debug_str     0x0000000000174384      0x624 ./Drivers/STM32H7xx_HAL_Driver/Src/stm32h7xx_hal_pwr_ex.o
                                     0x17034d (size before relaxing)
 .debug_str     0x00000000001749a8      0x21a ./Drivers/STM32H7xx_HAL_Driver/Src/stm32h7xx_hal_rcc.o
                                     0x170270 (size before relaxing)
 .debug_str     0x0000000000174bc2      0x630 ./Drivers/STM32H7xx_HAL_Driver/Src/stm32h7xx_hal_rcc_ex.o
                                     0x170751 (size before relaxing)
 .debug_str     0x00000000001751f2      0xe69 ./Drivers/STM32H7xx_HAL_Driver/Src/stm32h7xx_hal_tim.o
                                     0x170fff (size before relaxing)
 .debug_str     0x000000000017605b      0x587 ./Drivers/STM32H7xx_HAL_Driver/Src/stm32h7xx_hal_tim_ex.o
                                     0x170937 (size before relaxing)
 .debug_str     0x00000000001765e2      0x987 ./Drivers/STM32H7xx_HAL_Driver/Src/stm32h7xx_hal_uart.o
                                     0x170db1 (size before relaxing)
 .debug_str     0x0000000000176f69      0x266 ./Drivers/STM32H7xx_HAL_Driver/Src/stm32h7xx_hal_uart_ex.o
                                     0x170371 (size before relaxing)

.comment        0x0000000000000000       0x50
 .comment       0x0000000000000000       0x50 ./Core/Src/adc.o
                                         0x51 (size before relaxing)
 .comment       0x0000000000000050       0x51 ./Core/Src/dma.o
 .comment       0x0000000000000050       0x51 ./Core/Src/gpio.o
 .comment       0x0000000000000050       0x51 ./Core/Src/main.o
 .comment       0x0000000000000050       0x51 ./Core/Src/opamp.o
 .comment       0x0000000000000050       0x51 ./Core/Src/stm32h7xx_hal_msp.o
 .comment       0x0000000000000050       0x51 ./Core/Src/stm32h7xx_it.o
 .comment       0x0000000000000050       0x51 ./Core/Src/system_stm32h7xx.o
 .comment       0x0000000000000050       0x51 ./Core/Src/tim.o
 .comment       0x0000000000000050       0x51 ./Core/Src/usart.o
 .comment       0x0000000000000050       0x51 ./Drivers/STM32H7xx_HAL_Driver/Src/stm32h7xx_hal.o
 .comment       0x0000000000000050       0x51 ./Drivers/STM32H7xx_HAL_Driver/Src/stm32h7xx_hal_adc.o
 .comment       0x0000000000000050       0x51 ./Drivers/STM32H7xx_HAL_Driver/Src/stm32h7xx_hal_adc_ex.o
 .comment       0x0000000000000050       0x51 ./Drivers/STM32H7xx_HAL_Driver/Src/stm32h7xx_hal_cortex.o
 .comment       0x0000000000000050       0x51 ./Drivers/STM32H7xx_HAL_Driver/Src/stm32h7xx_hal_dma.o
 .comment       0x0000000000000050       0x51 ./Drivers/STM32H7xx_HAL_Driver/Src/stm32h7xx_hal_gpio.o
 .comment       0x0000000000000050       0x51 ./Drivers/STM32H7xx_HAL_Driver/Src/stm32h7xx_hal_opamp.o
 .comment       0x0000000000000050       0x51 ./Drivers/STM32H7xx_HAL_Driver/Src/stm32h7xx_hal_pwr_ex.o
 .comment       0x0000000000000050       0x51 ./Drivers/STM32H7xx_HAL_Driver/Src/stm32h7xx_hal_rcc.o
 .comment       0x0000000000000050       0x51 ./Drivers/STM32H7xx_HAL_Driver/Src/stm32h7xx_hal_rcc_ex.o
 .comment       0x0000000000000050       0x51 ./Drivers/STM32H7xx_HAL_Driver/Src/stm32h7xx_hal_tim.o
 .comment       0x0000000000000050       0x51 ./Drivers/STM32H7xx_HAL_Driver/Src/stm32h7xx_hal_tim_ex.o
 .comment       0x0000000000000050       0x51 ./Drivers/STM32H7xx_HAL_Driver/Src/stm32h7xx_hal_uart.o
 .comment       0x0000000000000050       0x51 ./Drivers/STM32H7xx_HAL_Driver/Src/stm32h7xx_hal_uart_ex.o

.debug_frame    0x0000000000000000     0x5b34
 .debug_frame   0x0000000000000000       0x80 ./Core/Src/adc.o
 .debug_frame   0x0000000000000080       0x34 ./Core/Src/dma.o
 .debug_frame   0x00000000000000b4       0x34 ./Core/Src/gpio.o
 .debug_frame   0x00000000000000e8       0xfc ./Core/Src/main.o
 .debug_frame   0x00000000000001e4       0x74 ./Core/Src/opamp.o
 .debug_frame   0x0000000000000258       0x38 ./Core/Src/stm32h7xx_hal_msp.o
 .debug_frame   0x0000000000000290      0x13c ./Core/Src/stm32h7xx_it.o
 .debug_frame   0x00000000000003cc       0x58 ./Core/Src/system_stm32h7xx.o
 .debug_frame   0x0000000000000424       0x84 ./Core/Src/tim.o
 .debug_frame   0x00000000000004a8       0x78 ./Core/Src/usart.o
 .debug_frame   0x0000000000000520      0x690 ./Drivers/STM32H7xx_HAL_Driver/Src/stm32h7xx_hal.o
 .debug_frame   0x0000000000000bb0      0xa28 ./Drivers/STM32H7xx_HAL_Driver/Src/stm32h7xx_hal_adc.o
 .debug_frame   0x00000000000015d8      0x88c ./Drivers/STM32H7xx_HAL_Driver/Src/stm32h7xx_hal_adc_ex.o
 .debug_frame   0x0000000000001e64      0x4b8 ./Drivers/STM32H7xx_HAL_Driver/Src/stm32h7xx_hal_cortex.o
 .debug_frame   0x000000000000231c      0x2b4 ./Drivers/STM32H7xx_HAL_Driver/Src/stm32h7xx_hal_dma.o
 .debug_frame   0x00000000000025d0      0x14c ./Drivers/STM32H7xx_HAL_Driver/Src/stm32h7xx_hal_gpio.o
 .debug_frame   0x000000000000271c      0x198 ./Drivers/STM32H7xx_HAL_Driver/Src/stm32h7xx_hal_opamp.o
 .debug_frame   0x00000000000028b4      0x580 ./Drivers/STM32H7xx_HAL_Driver/Src/stm32h7xx_hal_pwr_ex.o
 .debug_frame   0x0000000000002e34      0x1f8 ./Drivers/STM32H7xx_HAL_Driver/Src/stm32h7xx_hal_rcc.o
 .debug_frame   0x000000000000302c      0x414 ./Drivers/STM32H7xx_HAL_Driver/Src/stm32h7xx_hal_rcc_ex.o
 .debug_frame   0x0000000000003440     0x121c ./Drivers/STM32H7xx_HAL_Driver/Src/stm32h7xx_hal_tim.o
 .debug_frame   0x000000000000465c      0x6d8 ./Drivers/STM32H7xx_HAL_Driver/Src/stm32h7xx_hal_tim_ex.o
 .debug_frame   0x0000000000004d34      0xa94 ./Drivers/STM32H7xx_HAL_Driver/Src/stm32h7xx_hal_uart.o
 .debug_frame   0x00000000000057c8      0x2c0 ./Drivers/STM32H7xx_HAL_Driver/Src/stm32h7xx_hal_uart_ex.o
 .debug_frame   0x0000000000005a88       0x2c c:/st/stm32cubeide_1.11.0/stm32cubeide/plugins/com.st.stm32cube.ide.mcu.externaltools.gnu-tools-for-stm32.10.3-2021.10.win32_1.0.100.202210260954/tools/bin/../lib/gcc/arm-none-eabi/10.3.1/../../../../arm-none-eabi/lib/thumb/v7e-m+dp/hard\libc_nano.a(lib_a-init.o)
 .debug_frame   0x0000000000005ab4       0x20 c:/st/stm32cubeide_1.11.0/stm32cubeide/plugins/com.st.stm32cube.ide.mcu.externaltools.gnu-tools-for-stm32.10.3-2021.10.win32_1.0.100.202210260954/tools/bin/../lib/gcc/arm-none-eabi/10.3.1/../../../../arm-none-eabi/lib/thumb/v7e-m+dp/hard\libc_nano.a(lib_a-memset.o)
 .debug_frame   0x0000000000005ad4       0x2c c:/st/stm32cubeide_1.11.0/stm32cubeide/plugins/com.st.stm32cube.ide.mcu.externaltools.gnu-tools-for-stm32.10.3-2021.10.win32_1.0.100.202210260954/tools/bin/../lib/gcc/arm-none-eabi/10.3.1/thumb/v7e-m+dp/hard\libgcc.a(_aeabi_uldivmod.o)
 .debug_frame   0x0000000000005b00       0x34 c:/st/stm32cubeide_1.11.0/stm32cubeide/plugins/com.st.stm32cube.ide.mcu.externaltools.gnu-tools-for-stm32.10.3-2021.10.win32_1.0.100.202210260954/tools/bin/../lib/gcc/arm-none-eabi/10.3.1/thumb/v7e-m+dp/hard\libgcc.a(_udivmoddi4.o)
