Archive member included to satisfy reference by file (symbol)

c:/st/stm32cubeide_1.11.0/stm32cubeide/plugins/com.st.stm32cube.ide.mcu.externaltools.gnu-tools-for-stm32.10.3-2021.10.win32_1.0.100.202210260954/tools/bin/../lib/gcc/arm-none-eabi/10.3.1/../../../../arm-none-eabi/lib/thumb/v7e-m+dp/hard\libc_nano.a(lib_a-errno.o)
                              ./Core/Src/syscalls.o (__errno)
c:/st/stm32cubeide_1.11.0/stm32cubeide/plugins/com.st.stm32cube.ide.mcu.externaltools.gnu-tools-for-stm32.10.3-2021.10.win32_1.0.100.202210260954/tools/bin/../lib/gcc/arm-none-eabi/10.3.1/../../../../arm-none-eabi/lib/thumb/v7e-m+dp/hard\libc_nano.a(lib_a-exit.o)
                              c:/st/stm32cubeide_1.11.0/stm32cubeide/plugins/com.st.stm32cube.ide.mcu.externaltools.gnu-tools-for-stm32.10.3-2021.10.win32_1.0.100.202210260954/tools/bin/../lib/gcc/arm-none-eabi/10.3.1/../../../../arm-none-eabi/lib/thumb/v7e-m+dp/hard/crt0.o (exit)
c:/st/stm32cubeide_1.11.0/stm32cubeide/plugins/com.st.stm32cube.ide.mcu.externaltools.gnu-tools-for-stm32.10.3-2021.10.win32_1.0.100.202210260954/tools/bin/../lib/gcc/arm-none-eabi/10.3.1/../../../../arm-none-eabi/lib/thumb/v7e-m+dp/hard\libc_nano.a(lib_a-impure.o)
                              c:/st/stm32cubeide_1.11.0/stm32cubeide/plugins/com.st.stm32cube.ide.mcu.externaltools.gnu-tools-for-stm32.10.3-2021.10.win32_1.0.100.202210260954/tools/bin/../lib/gcc/arm-none-eabi/10.3.1/../../../../arm-none-eabi/lib/thumb/v7e-m+dp/hard\libc_nano.a(lib_a-exit.o) (_global_impure_ptr)
c:/st/stm32cubeide_1.11.0/stm32cubeide/plugins/com.st.stm32cube.ide.mcu.externaltools.gnu-tools-for-stm32.10.3-2021.10.win32_1.0.100.202210260954/tools/bin/../lib/gcc/arm-none-eabi/10.3.1/../../../../arm-none-eabi/lib/thumb/v7e-m+dp/hard\libc_nano.a(lib_a-init.o)
                              c:/st/stm32cubeide_1.11.0/stm32cubeide/plugins/com.st.stm32cube.ide.mcu.externaltools.gnu-tools-for-stm32.10.3-2021.10.win32_1.0.100.202210260954/tools/bin/../lib/gcc/arm-none-eabi/10.3.1/../../../../arm-none-eabi/lib/thumb/v7e-m+dp/hard/crt0.o (__libc_init_array)
c:/st/stm32cubeide_1.11.0/stm32cubeide/plugins/com.st.stm32cube.ide.mcu.externaltools.gnu-tools-for-stm32.10.3-2021.10.win32_1.0.100.202210260954/tools/bin/../lib/gcc/arm-none-eabi/10.3.1/../../../../arm-none-eabi/lib/thumb/v7e-m+dp/hard\libc_nano.a(lib_a-memset.o)
                              c:/st/stm32cubeide_1.11.0/stm32cubeide/plugins/com.st.stm32cube.ide.mcu.externaltools.gnu-tools-for-stm32.10.3-2021.10.win32_1.0.100.202210260954/tools/bin/../lib/gcc/arm-none-eabi/10.3.1/../../../../arm-none-eabi/lib/thumb/v7e-m+dp/hard/crt0.o (memset)
c:/st/stm32cubeide_1.11.0/stm32cubeide/plugins/com.st.stm32cube.ide.mcu.externaltools.gnu-tools-for-stm32.10.3-2021.10.win32_1.0.100.202210260954/tools/bin/../lib/gcc/arm-none-eabi/10.3.1/thumb/v7e-m+dp/hard\libgcc.a(_aeabi_uldivmod.o)
                              ./Drivers/STM32H7xx_HAL_Driver/Src/stm32h7xx_hal_uart.o (__aeabi_uldivmod)
c:/st/stm32cubeide_1.11.0/stm32cubeide/plugins/com.st.stm32cube.ide.mcu.externaltools.gnu-tools-for-stm32.10.3-2021.10.win32_1.0.100.202210260954/tools/bin/../lib/gcc/arm-none-eabi/10.3.1/thumb/v7e-m+dp/hard\libgcc.a(_udivmoddi4.o)
                              c:/st/stm32cubeide_1.11.0/stm32cubeide/plugins/com.st.stm32cube.ide.mcu.externaltools.gnu-tools-for-stm32.10.3-2021.10.win32_1.0.100.202210260954/tools/bin/../lib/gcc/arm-none-eabi/10.3.1/thumb/v7e-m+dp/hard\libgcc.a(_aeabi_uldivmod.o) (__udivmoddi4)
c:/st/stm32cubeide_1.11.0/stm32cubeide/plugins/com.st.stm32cube.ide.mcu.externaltools.gnu-tools-for-stm32.10.3-2021.10.win32_1.0.100.202210260954/tools/bin/../lib/gcc/arm-none-eabi/10.3.1/thumb/v7e-m+dp/hard\libgcc.a(_dvmd_tls.o)
                              c:/st/stm32cubeide_1.11.0/stm32cubeide/plugins/com.st.stm32cube.ide.mcu.externaltools.gnu-tools-for-stm32.10.3-2021.10.win32_1.0.100.202210260954/tools/bin/../lib/gcc/arm-none-eabi/10.3.1/thumb/v7e-m+dp/hard\libgcc.a(_aeabi_uldivmod.o) (__aeabi_ldiv0)

Discarded input sections

 .text          0x0000000000000000        0x0 c:/st/stm32cubeide_1.11.0/stm32cubeide/plugins/com.st.stm32cube.ide.mcu.externaltools.gnu-tools-for-stm32.10.3-2021.10.win32_1.0.100.202210260954/tools/bin/../lib/gcc/arm-none-eabi/10.3.1/thumb/v7e-m+dp/hard/crti.o
 .data          0x0000000000000000        0x0 c:/st/stm32cubeide_1.11.0/stm32cubeide/plugins/com.st.stm32cube.ide.mcu.externaltools.gnu-tools-for-stm32.10.3-2021.10.win32_1.0.100.202210260954/tools/bin/../lib/gcc/arm-none-eabi/10.3.1/thumb/v7e-m+dp/hard/crti.o
 .bss           0x0000000000000000        0x0 c:/st/stm32cubeide_1.11.0/stm32cubeide/plugins/com.st.stm32cube.ide.mcu.externaltools.gnu-tools-for-stm32.10.3-2021.10.win32_1.0.100.202210260954/tools/bin/../lib/gcc/arm-none-eabi/10.3.1/thumb/v7e-m+dp/hard/crti.o
[...]
Memory Configuration

Name             Origin             Length             Attributes
FLASH            0x0000000008000000 0x0000000000200000 xr
DTCMRAM          0x0000000020000000 0x0000000000020000 xrw
RAM_D1           0x0000000024000000 0x0000000000080000 xrw
RAM_D2           0x0000000030000000 0x0000000000048000 xrw
RAM_D3           0x0000000038000000 0x0000000000010000 xrw
ITCMRAM          0x0000000000000000 0x0000000000010000 xrw
*default*        0x0000000000000000 0xffffffffffffffff

Linker script and memory map

LOAD c:/st/stm32cubeide_1.11.0/stm32cubeide/plugins/com.st.stm32cube.ide.mcu.externaltools.gnu-tools-for-stm32.10.3-2021.10.win32_1.0.100.202210260954/tools/bin/../lib/gcc/arm-none-eabi/10.3.1/thumb/v7e-m+dp/hard/crti.o
LOAD c:/st/stm32cubeide_1.11.0/stm32cubeide/plugins/com.st.stm32cube.ide.mcu.externaltools.gnu-tools-for-stm32.10.3-2021.10.win32_1.0.100.202210260954/tools/bin/../lib/gcc/arm-none-eabi/10.3.1/thumb/v7e-m+dp/hard/crtbegin.o
LOAD c:/st/stm32cubeide_1.11.0/stm32cubeide/plugins/com.st.stm32cube.ide.mcu.externaltools.gnu-tools-for-stm32.10.3-2021.10.win32_1.0.100.202210260954/tools/bin/../lib/gcc/arm-none-eabi/10.3.1/../../../../arm-none-eabi/lib/thumb/v7e-m+dp/hard/crt0.o
LOAD ./Core/Src/adc.o
LOAD ./Core/Src/dma.o
LOAD ./Core/Src/gpio.o
LOAD ./Core/Src/main.o
LOAD ./Core/Src/stm32h7xx_hal_msp.o
LOAD ./Core/Src/stm32h7xx_it.o
LOAD ./Core/Src/syscalls.o
LOAD ./Core/Src/sysmem.o
LOAD ./Core/Src/system_stm32h7xx.o
LOAD ./Core/Src/usart.o
LOAD ./Core/Startup/startup_stm32h743vitx.o
LOAD ./Drivers/STM32H7xx_HAL_Driver/Src/stm32h7xx_hal.o
LOAD ./Drivers/STM32H7xx_HAL_Driver/Src/stm32h7xx_hal_adc.o
LOAD ./Drivers/STM32H7xx_HAL_Driver/Src/stm32h7xx_hal_adc_ex.o
LOAD ./Drivers/STM32H7xx_HAL_Driver/Src/stm32h7xx_hal_cortex.o
LOAD ./Drivers/STM32H7xx_HAL_Driver/Src/stm32h7xx_hal_dma.o
LOAD ./Drivers/STM32H7xx_HAL_Driver/Src/stm32h7xx_hal_dma_ex.o
LOAD ./Drivers/STM32H7xx_HAL_Driver/Src/stm32h7xx_hal_exti.o
LOAD ./Drivers/STM32H7xx_HAL_Driver/Src/stm32h7xx_hal_flash.o
LOAD ./Drivers/STM32H7xx_HAL_Driver/Src/stm32h7xx_hal_flash_ex.o
LOAD ./Drivers/STM32H7xx_HAL_Driver/Src/stm32h7xx_hal_gpio.o
LOAD ./Drivers/STM32H7xx_HAL_Driver/Src/stm32h7xx_hal_hsem.o
LOAD ./Drivers/STM32H7xx_HAL_Driver/Src/stm32h7xx_hal_i2c.o
LOAD ./Drivers/STM32H7xx_HAL_Driver/Src/stm32h7xx_hal_i2c_ex.o
LOAD ./Drivers/STM32H7xx_HAL_Driver/Src/stm32h7xx_hal_mdma.o
LOAD ./Drivers/STM32H7xx_HAL_Driver/Src/stm32h7xx_hal_pwr.o
LOAD ./Drivers/STM32H7xx_HAL_Driver/Src/stm32h7xx_hal_pwr_ex.o
LOAD ./Drivers/STM32H7xx_HAL_Driver/Src/stm32h7xx_hal_rcc.o
LOAD ./Drivers/STM32H7xx_HAL_Driver/Src/stm32h7xx_hal_rcc_ex.o
LOAD ./Drivers/STM32H7xx_HAL_Driver/Src/stm32h7xx_hal_tim.o
LOAD ./Drivers/STM32H7xx_HAL_Driver/Src/stm32h7xx_hal_tim_ex.o
LOAD ./Drivers/STM32H7xx_HAL_Driver/Src/stm32h7xx_hal_uart.o
LOAD ./Drivers/STM32H7xx_HAL_Driver/Src/stm32h7xx_hal_uart_ex.o
START GROUP
LOAD c:/st/stm32cubeide_1.11.0/stm32cubeide/plugins/com.st.stm32cube.ide.mcu.externaltools.gnu-tools-for-stm32.10.3-2021.10.win32_1.0.100.202210260954/tools/bin/../lib/gcc/arm-none-eabi/10.3.1/../../../../arm-none-eabi/lib/thumb/v7e-m+dp/hard\libc_nano.a
LOAD c:/st/stm32cubeide_1.11.0/stm32cubeide/plugins/com.st.stm32cube.ide.mcu.externaltools.gnu-tools-for-stm32.10.3-2021.10.win32_1.0.100.202210260954/tools/bin/../lib/gcc/arm-none-eabi/10.3.1/../../../../arm-none-eabi/lib/thumb/v7e-m+dp/hard\libm.a
END GROUP
START GROUP
LOAD c:/st/stm32cubeide_1.11.0/stm32cubeide/plugins/com.st.stm32cube.ide.mcu.externaltools.gnu-tools-for-stm32.10.3-2021.10.win32_1.0.100.202210260954/tools/bin/../lib/gcc/arm-none-eabi/10.3.1/thumb/v7e-m+dp/hard\libgcc.a
LOAD c:/st/stm32cubeide_1.11.0/stm32cubeide/plugins/com.st.stm32cube.ide.mcu.externaltools.gnu-tools-for-stm32.10.3-2021.10.win32_1.0.100.202210260954/tools/bin/../lib/gcc/arm-none-eabi/10.3.1/../../../../arm-none-eabi/lib/thumb/v7e-m+dp/hard\libc_nano.a
END GROUP
START GROUP
LOAD c:/st/stm32cubeide_1.11.0/stm32cubeide/plugins/com.st.stm32cube.ide.mcu.externaltools.gnu-tools-for-stm32.10.3-2021.10.win32_1.0.100.202210260954/tools/bin/../lib/gcc/arm-none-eabi/10.3.1/thumb/v7e-m+dp/hard\libgcc.a
LOAD c:/st/stm32cubeide_1.11.0/stm32cubeide/plugins/com.st.stm32cube.ide.mcu.externaltools.gnu-tools-for-stm32.10.3-2021.10.win32_1.0.100.202210260954/tools/bin/../lib/gcc/arm-none-eabi/10.3.1/../../../../arm-none-eabi/lib/thumb/v7e-m+dp/hard\libc_nano.a
LOAD c:/st/stm32cubeide_1.11.0/stm32cubeide/plugins/com.st.stm32cube.ide.mcu.externaltools.gnu-tools-for-stm32.10.3-2021.10.win32_1.0.100.202210260954/tools/bin/../lib/gcc/arm-none-eabi/10.3.1/../../../../arm-none-eabi/lib/thumb/v7e-m+dp/hard\libnosys.a
END GROUP
START GROUP
LOAD c:/st/stm32cubeide_1.11.0/stm32cubeide/plugins/com.st.stm32cube.ide.mcu.externaltools.gnu-tools-for-stm32.10.3-2021.10.win32_1.0.100.202210260954/tools/bin/../lib/gcc/arm-none-eabi/10.3.1/thumb/v7e-m+dp/hard\libgcc.a
LOAD c:/st/stm32cubeide_1.11.0/stm32cubeide/plugins/com.st.stm32cube.ide.mcu.externaltools.gnu-tools-for-stm32.10.3-2021.10.win32_1.0.100.202210260954/tools/bin/../lib/gcc/arm-none-eabi/10.3.1/../../../../arm-none-eabi/lib/thumb/v7e-m+dp/hard\libc_nano.a
LOAD c:/st/stm32cubeide_1.11.0/stm32cubeide/plugins/com.st.stm32cube.ide.mcu.externaltools.gnu-tools-for-stm32.10.3-2021.10.win32_1.0.100.202210260954/tools/bin/../lib/gcc/arm-none-eabi/10.3.1/../../../../arm-none-eabi/lib/thumb/v7e-m+dp/hard\libnosys.a
END GROUP
LOAD c:/st/stm32cubeide_1.11.0/stm32cubeide/plugins/com.st.stm32cube.ide.mcu.externaltools.gnu-tools-for-stm32.10.3-2021.10.win32_1.0.100.202210260954/tools/bin/../lib/gcc/arm-none-eabi/10.3.1/thumb/v7e-m+dp/hard/crtend.o
LOAD c:/st/stm32cubeide_1.11.0/stm32cubeide/plugins/com.st.stm32cube.ide.mcu.externaltools.gnu-tools-for-stm32.10.3-2021.10.win32_1.0.100.202210260954/tools/bin/../lib/gcc/arm-none-eabi/10.3.1/thumb/v7e-m+dp/hard/crtn.o
                0x0000000024080000                _estack = (ORIGIN (RAM_D1) + LENGTH (RAM_D1))
                0x0000000000000200                _Min_Heap_Size = 0x200
                0x0000000000000400                _Min_Stack_Size = 0x400

.isr_vector     0x0000000008000000      0x298
                0x0000000008000000                . = ALIGN (0x4)
 *(.isr_vector)
 .isr_vector    0x0000000008000000      0x298 ./Core/Startup/startup_stm32h743vitx.o
                0x0000000008000000                g_pfnVectors
                0x0000000008000298                . = ALIGN (0x4)

.text           0x0000000008000298     0xad38
                0x0000000008000298                . = ALIGN (0x4)
 *(.text)
 .text          0x0000000008000298       0x40 c:/st/stm32cubeide_1.11.0/stm32cubeide/plugins/com.st.stm32cube.ide.mcu.externaltools.gnu-tools-for-stm32.10.3-2021.10.win32_1.0.100.202210260954/tools/bin/../lib/gcc/arm-none-eabi/10.3.1/thumb/v7e-m+dp/hard/crtbegin.o
 .text          0x00000000080002d8       0x30 c:/st/stm32cubeide_1.11.0/stm32cubeide/plugins/com.st.stm32cube.ide.mcu.externaltools.gnu-tools-for-stm32.10.3-2021.10.win32_1.0.100.202210260954/tools/bin/../lib/gcc/arm-none-eabi/10.3.1/thumb/v7e-m+dp/hard\libgcc.a(_aeabi_uldivmod.o)
                0x00000000080002d8                __aeabi_uldivmod
 .text          0x0000000008000308      0x2d0 c:/st/stm32cubeide_1.11.0/stm32cubeide/plugins/com.st.stm32cube.ide.mcu.externaltools.gnu-tools-for-stm32.10.3-2021.10.win32_1.0.100.202210260954/tools/bin/../lib/gcc/arm-none-eabi/10.3.1/thumb/v7e-m+dp/hard\libgcc.a(_udivmoddi4.o)
                0x0000000008000308                __udivmoddi4
 .text          0x00000000080005d8        0x4 c:/st/stm32cubeide_1.11.0/stm32cubeide/plugins/com.st.stm32cube.ide.mcu.externaltools.gnu-tools-for-stm32.10.3-2021.10.win32_1.0.100.202210260954/tools/bin/../lib/gcc/arm-none-eabi/10.3.1/thumb/v7e-m+dp/hard\libgcc.a(_dvmd_tls.o)
                0x00000000080005d8                __aeabi_idiv0
                0x00000000080005d8                __aeabi_ldiv0
 *(.text*)
 .text.MX_ADC1_Init
                0x00000000080005dc       0xf0 ./Core/Src/adc.o
                0x00000000080005dc                MX_ADC1_Init
 .text.MX_ADC2_Init
                0x00000000080006cc       0xcc ./Core/Src/adc.o
                0x00000000080006cc                MX_ADC2_Init
 .text.HAL_ADC_MspInit
                0x0000000008000798      0x118 ./Core/Src/adc.o
                0x0000000008000798                HAL_ADC_MspInit
 .text.MX_DMA_Init
                0x00000000080008b0       0x40 ./Core/Src/dma.o
                0x00000000080008b0                MX_DMA_Init
 .text.MX_GPIO_Init
                0x00000000080008f0       0xc4 ./Core/Src/gpio.o
                0x00000000080008f0                MX_GPIO_Init
 .text.HAL_UART_TxCpltCallback
                0x00000000080009b4       0x2c ./Core/Src/main.o
                0x00000000080009b4                HAL_UART_TxCpltCallback
 .text.main     0x00000000080009e0      0x144 ./Core/Src/main.o
                0x00000000080009e0                main
 .text.SystemClock_Config
                0x0000000008000b24      0x114 ./Core/Src/main.o
                0x0000000008000b24                SystemClock_Config
 .text.PeriphCommonClock_Config
                0x0000000008000c38       0x5e ./Core/Src/main.o
                0x0000000008000c38                PeriphCommonClock_Config
 .text.Error_Handler
                0x0000000008000c96        0xa ./Core/Src/main.o
                0x0000000008000c96                Error_Handler
 .text.HAL_MspInit
                0x0000000008000ca0       0x34 ./Core/Src/stm32h7xx_hal_msp.o
                0x0000000008000ca0                HAL_MspInit
 .text.NMI_Handler
                0x0000000008000cd4        0x6 ./Core/Src/stm32h7xx_it.o
                0x0000000008000cd4                NMI_Handler
 .text.HardFault_Handler
                0x0000000008000cda        0x6 ./Core/Src/stm32h7xx_it.o
                0x0000000008000cda                HardFault_Handler
 .text.MemManage_Handler
                0x0000000008000ce0        0x6 ./Core/Src/stm32h7xx_it.o
                0x0000000008000ce0                MemManage_Handler
 .text.BusFault_Handler
                0x0000000008000ce6        0x6 ./Core/Src/stm32h7xx_it.o
                0x0000000008000ce6                BusFault_Handler
 .text.UsageFault_Handler
                0x0000000008000cec        0x6 ./Core/Src/stm32h7xx_it.o
                0x0000000008000cec                UsageFault_Handler
 .text.SVC_Handler
                0x0000000008000cf2        0xe ./Core/Src/stm32h7xx_it.o
                0x0000000008000cf2                SVC_Handler
 .text.DebugMon_Handler
                0x0000000008000d00        0xe ./Core/Src/stm32h7xx_it.o
                0x0000000008000d00                DebugMon_Handler
 .text.PendSV_Handler
                0x0000000008000d0e        0xe ./Core/Src/stm32h7xx_it.o
                0x0000000008000d0e                PendSV_Handler
 .text.SysTick_Handler
                0x0000000008000d1c        0xc ./Core/Src/stm32h7xx_it.o
                0x0000000008000d1c                SysTick_Handler
 .text.DMA1_Stream0_IRQHandler
                0x0000000008000d28       0x14 ./Core/Src/stm32h7xx_it.o
                0x0000000008000d28                DMA1_Stream0_IRQHandler
 .text.USART1_IRQHandler
                0x0000000008000d3c       0x14 ./Core/Src/stm32h7xx_it.o
                0x0000000008000d3c                USART1_IRQHandler
 .text.SystemInit
                0x0000000008000d50      0x110 ./Core/Src/system_stm32h7xx.o
                0x0000000008000d50                SystemInit
 .text.MX_USART1_UART_Init
                0x0000000008000e60       0x98 ./Core/Src/usart.o
                0x0000000008000e60                MX_USART1_UART_Init
 .text.HAL_UART_MspInit
                0x0000000008000ef8      0x144 ./Core/Src/usart.o
                0x0000000008000ef8                HAL_UART_MspInit
 .text.Reset_Handler
                0x000000000800103c       0x50 ./Core/Startup/startup_stm32h743vitx.o
                0x000000000800103c                Reset_Handler
 .text.Default_Handler
                0x000000000800108c        0x2 ./Core/Startup/startup_stm32h743vitx.o
                0x000000000800108c                RTC_Alarm_IRQHandler
                0x000000000800108c                EXTI2_IRQHandler
                0x000000000800108c                TIM8_CC_IRQHandler
                0x000000000800108c                HRTIM1_Master_IRQHandler
                0x000000000800108c                UART8_IRQHandler
                0x000000000800108c                SPI4_IRQHandler
                0x000000000800108c                TIM1_CC_IRQHandler
                0x000000000800108c                BDMA_Channel6_IRQHandler
                0x000000000800108c                DMA2_Stream5_IRQHandler
                0x000000000800108c                HRTIM1_FLT_IRQHandler
                0x000000000800108c                JPEG_IRQHandler
                0x000000000800108c                DMA1_Stream5_IRQHandler
                0x000000000800108c                BDMA_Channel1_IRQHandler
                0x000000000800108c                HRTIM1_TIMD_IRQHandler
                0x000000000800108c                TAMP_STAMP_IRQHandler
                0x000000000800108c                EXTI3_IRQHandler
                0x000000000800108c                LPTIM4_IRQHandler
                0x000000000800108c                TIM8_TRG_COM_TIM14_IRQHandler
                0x000000000800108c                LPTIM2_IRQHandler
                0x000000000800108c                DFSDM1_FLT1_IRQHandler
                0x000000000800108c                DMAMUX2_OVR_IRQHandler
                0x000000000800108c                TIM8_UP_TIM13_IRQHandler
                0x000000000800108c                I2C3_ER_IRQHandler
                0x000000000800108c                DFSDM1_FLT2_IRQHandler
                0x000000000800108c                MDMA_IRQHandler
                0x000000000800108c                LPTIM3_IRQHandler
                0x000000000800108c                HSEM1_IRQHandler
                0x000000000800108c                EXTI0_IRQHandler
                0x000000000800108c                I2C2_EV_IRQHandler
                0x000000000800108c                DMA1_Stream2_IRQHandler
                0x000000000800108c                FPU_IRQHandler
                0x000000000800108c                OTG_HS_WKUP_IRQHandler
                0x000000000800108c                FDCAN1_IT1_IRQHandler
                0x000000000800108c                LTDC_ER_IRQHandler
                0x000000000800108c                DMA2_Stream2_IRQHandler
                0x000000000800108c                HRTIM1_TIME_IRQHandler
                0x000000000800108c                SPI1_IRQHandler
                0x000000000800108c                TIM6_DAC_IRQHandler
                0x000000000800108c                DCMI_IRQHandler
                0x000000000800108c                HRTIM1_TIMC_IRQHandler
                0x000000000800108c                DMA2_Stream3_IRQHandler
                0x000000000800108c                SAI2_IRQHandler
                0x000000000800108c                DFSDM1_FLT3_IRQHandler
                0x000000000800108c                USART6_IRQHandler
                0x000000000800108c                TIM17_IRQHandler
                0x000000000800108c                USART3_IRQHandler
                0x000000000800108c                BDMA_Channel7_IRQHandler
                0x000000000800108c                LPTIM5_IRQHandler
                0x000000000800108c                UART5_IRQHandler
                0x000000000800108c                ADC3_IRQHandler
                0x000000000800108c                DMA2_Stream0_IRQHandler
                0x000000000800108c                TIM4_IRQHandler
                0x000000000800108c                BDMA_Channel2_IRQHandler
                0x000000000800108c                QUADSPI_IRQHandler
                0x000000000800108c                I2C1_EV_IRQHandler
                0x000000000800108c                DMA1_Stream6_IRQHandler
                0x000000000800108c                DMAMUX1_OVR_IRQHandler
                0x000000000800108c                DMA1_Stream1_IRQHandler
                0x000000000800108c                TIM16_IRQHandler
                0x000000000800108c                UART4_IRQHandler
                0x000000000800108c                BDMA_Channel5_IRQHandler
                0x000000000800108c                TIM3_IRQHandler
                0x000000000800108c                RCC_IRQHandler
                0x000000000800108c                TIM8_BRK_TIM12_IRQHandler
                0x000000000800108c                TIM1_TRG_COM_IRQHandler
                0x000000000800108c                Default_Handler
                0x000000000800108c                ECC_IRQHandler
                0x000000000800108c                CEC_IRQHandler
                0x000000000800108c                EXTI15_10_IRQHandler
                0x000000000800108c                BDMA_Channel0_IRQHandler
                0x000000000800108c                ADC_IRQHandler
                0x000000000800108c                DMA1_Stream7_IRQHandler
                0x000000000800108c                HRTIM1_TIMA_IRQHandler
                0x000000000800108c                SPI5_IRQHandler
                0x000000000800108c                TIM7_IRQHandler
                0x000000000800108c                SDMMC1_IRQHandler
                0x000000000800108c                TIM5_IRQHandler
                0x000000000800108c                DMA2_Stream7_IRQHandler
                0x000000000800108c                TIM15_IRQHandler
                0x000000000800108c                PVD_AVD_IRQHandler
                0x000000000800108c                I2C3_EV_IRQHandler
                0x000000000800108c                EXTI9_5_IRQHandler
                0x000000000800108c                RTC_WKUP_IRQHandler
                0x000000000800108c                LTDC_IRQHandler
                0x000000000800108c                SAI3_IRQHandler
                0x000000000800108c                ETH_WKUP_IRQHandler
                0x000000000800108c                SPDIF_RX_IRQHandler
                0x000000000800108c                SPI2_IRQHandler
                0x000000000800108c                OTG_HS_EP1_IN_IRQHandler
                0x000000000800108c                CRS_IRQHandler
                0x000000000800108c                EXTI4_IRQHandler
                0x000000000800108c                RNG_IRQHandler
                0x000000000800108c                HRTIM1_TIMB_IRQHandler
                0x000000000800108c                FDCAN2_IT1_IRQHandler
                0x000000000800108c                ETH_IRQHandler
                0x000000000800108c                TIM1_UP_IRQHandler
                0x000000000800108c                BDMA_Channel4_IRQHandler
                0x000000000800108c                OTG_HS_EP1_OUT_IRQHandler
                0x000000000800108c                WWDG_IRQHandler
                0x000000000800108c                SPI6_IRQHandler
                0x000000000800108c                MDIOS_IRQHandler
                0x000000000800108c                I2C4_EV_IRQHandler
                0x000000000800108c                FDCAN2_IT0_IRQHandler
                0x000000000800108c                LPUART1_IRQHandler
                0x000000000800108c                FDCAN1_IT0_IRQHandler
                0x000000000800108c                TIM2_IRQHandler
                0x000000000800108c                OTG_FS_WKUP_IRQHandler
                0x000000000800108c                OTG_HS_IRQHandler
                0x000000000800108c                DMA2D_IRQHandler
                0x000000000800108c                TIM1_BRK_IRQHandler
                0x000000000800108c                EXTI1_IRQHandler
                0x000000000800108c                SDMMC2_IRQHandler
                0x000000000800108c                OTG_FS_EP1_OUT_IRQHandler
                0x000000000800108c                BDMA_Channel3_IRQHandler
                0x000000000800108c                UART7_IRQHandler
                0x000000000800108c                MDIOS_WKUP_IRQHandler
                0x000000000800108c                USART2_IRQHandler
                0x000000000800108c                DFSDM1_FLT0_IRQHandler
                0x000000000800108c                SAI4_IRQHandler
                0x000000000800108c                I2C2_ER_IRQHandler
                0x000000000800108c                DMA2_Stream1_IRQHandler
                0x000000000800108c                FLASH_IRQHandler
                0x000000000800108c                DMA2_Stream4_IRQHandler
                0x000000000800108c                OTG_FS_IRQHandler
                0x000000000800108c                SPI3_IRQHandler
                0x000000000800108c                WAKEUP_PIN_IRQHandler
                0x000000000800108c                DMA1_Stream4_IRQHandler
                0x000000000800108c                OTG_FS_EP1_IN_IRQHandler
                0x000000000800108c                I2C1_ER_IRQHandler
                0x000000000800108c                FMC_IRQHandler
                0x000000000800108c                FDCAN_CAL_IRQHandler
                0x000000000800108c                SWPMI1_IRQHandler
                0x000000000800108c                COMP1_IRQHandler
                0x000000000800108c                LPTIM1_IRQHandler
                0x000000000800108c                I2C4_ER_IRQHandler
                0x000000000800108c                DMA2_Stream6_IRQHandler
                0x000000000800108c                SAI1_IRQHandler
                0x000000000800108c                DMA1_Stream3_IRQHandler
 *fill*         0x000000000800108e        0x2 
 .text.HAL_Init
                0x0000000008001090       0x78 ./Drivers/STM32H7xx_HAL_Driver/Src/stm32h7xx_hal.o
                0x0000000008001090                HAL_Init
 .text.HAL_InitTick
                0x0000000008001108       0x6c ./Drivers/STM32H7xx_HAL_Driver/Src/stm32h7xx_hal.o
                0x0000000008001108                HAL_InitTick
 .text.HAL_IncTick
                0x0000000008001174       0x28 ./Drivers/STM32H7xx_HAL_Driver/Src/stm32h7xx_hal.o
                0x0000000008001174                HAL_IncTick
 .text.HAL_GetTick
                0x000000000800119c       0x18 ./Drivers/STM32H7xx_HAL_Driver/Src/stm32h7xx_hal.o
                0x000000000800119c                HAL_GetTick
 .text.HAL_GetREVID
                0x00000000080011b4       0x18 ./Drivers/STM32H7xx_HAL_Driver/Src/stm32h7xx_hal.o
                0x00000000080011b4                HAL_GetREVID
 .text.LL_ADC_SetCommonClock
                0x00000000080011cc       0x26 ./Drivers/STM32H7xx_HAL_Driver/Src/stm32h7xx_hal_adc.o
 .text.LL_ADC_SetCommonPathInternalCh
                0x00000000080011f2       0x26 ./Drivers/STM32H7xx_HAL_Driver/Src/stm32h7xx_hal_adc.o
 .text.LL_ADC_GetCommonPathInternalCh
                0x0000000008001218       0x1c ./Drivers/STM32H7xx_HAL_Driver/Src/stm32h7xx_hal_adc.o
 .text.LL_ADC_SetOffset
                0x0000000008001234       0x40 ./Drivers/STM32H7xx_HAL_Driver/Src/stm32h7xx_hal_adc.o
 .text.LL_ADC_SetDataRightShift
                0x0000000008001274       0x32 ./Drivers/STM32H7xx_HAL_Driver/Src/stm32h7xx_hal_adc.o
 .text.LL_ADC_SetOffsetSignedSaturation
                0x00000000080012a6       0x36 ./Drivers/STM32H7xx_HAL_Driver/Src/stm32h7xx_hal_adc.o
 .text.LL_ADC_REG_IsTriggerSourceSWStart
                0x00000000080012dc       0x26 ./Drivers/STM32H7xx_HAL_Driver/Src/stm32h7xx_hal_adc.o
 .text.LL_ADC_REG_SetSequencerRanks
                0x0000000008001302       0x58 ./Drivers/STM32H7xx_HAL_Driver/Src/stm32h7xx_hal_adc.o
 .text.LL_ADC_SetChannelSamplingTime
                0x000000000800135a       0x56 ./Drivers/STM32H7xx_HAL_Driver/Src/stm32h7xx_hal_adc.o
 .text.LL_ADC_SetChannelSingleDiff
                0x00000000080013b0       0x48 ./Drivers/STM32H7xx_HAL_Driver/Src/stm32h7xx_hal_adc.o
 .text.LL_ADC_GetMultimode
                0x00000000080013f8       0x1c ./Drivers/STM32H7xx_HAL_Driver/Src/stm32h7xx_hal_adc.o
 .text.LL_ADC_GetMultiDMATransfer
                0x0000000008001414       0x1c ./Drivers/STM32H7xx_HAL_Driver/Src/stm32h7xx_hal_adc.o
 .text.LL_ADC_DisableDeepPowerDown
                0x0000000008001430       0x24 ./Drivers/STM32H7xx_HAL_Driver/Src/stm32h7xx_hal_adc.o
 .text.LL_ADC_IsDeepPowerDownEnabled
                0x0000000008001454       0x28 ./Drivers/STM32H7xx_HAL_Driver/Src/stm32h7xx_hal_adc.o
 .text.LL_ADC_EnableInternalRegulator
                0x000000000800147c       0x28 ./Drivers/STM32H7xx_HAL_Driver/Src/stm32h7xx_hal_adc.o
 .text.LL_ADC_IsInternalRegulatorEnabled
                0x00000000080014a4       0x28 ./Drivers/STM32H7xx_HAL_Driver/Src/stm32h7xx_hal_adc.o
 .text.LL_ADC_Enable
                0x00000000080014cc       0x28 ./Drivers/STM32H7xx_HAL_Driver/Src/stm32h7xx_hal_adc.o
 .text.LL_ADC_Disable
                0x00000000080014f4       0x28 ./Drivers/STM32H7xx_HAL_Driver/Src/stm32h7xx_hal_adc.o
 .text.LL_ADC_IsEnabled
                0x000000000800151c       0x26 ./Drivers/STM32H7xx_HAL_Driver/Src/stm32h7xx_hal_adc.o
 .text.LL_ADC_IsDisableOngoing
                0x0000000008001542       0x26 ./Drivers/STM32H7xx_HAL_Driver/Src/stm32h7xx_hal_adc.o
 .text.LL_ADC_REG_StartConversion
                0x0000000008001568       0x28 ./Drivers/STM32H7xx_HAL_Driver/Src/stm32h7xx_hal_adc.o
 .text.LL_ADC_REG_StopConversion
                0x0000000008001590       0x28 ./Drivers/STM32H7xx_HAL_Driver/Src/stm32h7xx_hal_adc.o
 .text.LL_ADC_REG_IsConversionOngoing
                0x00000000080015b8       0x26 ./Drivers/STM32H7xx_HAL_Driver/Src/stm32h7xx_hal_adc.o
 *fill*         0x00000000080015de        0x2 
 .text.LL_ADC_INJ_StopConversion
                0x00000000080015e0       0x28 ./Drivers/STM32H7xx_HAL_Driver/Src/stm32h7xx_hal_adc.o
 .text.LL_ADC_INJ_IsConversionOngoing
                0x0000000008001608       0x26 ./Drivers/STM32H7xx_HAL_Driver/Src/stm32h7xx_hal_adc.o
 *fill*         0x000000000800162e        0x2 
 .text.HAL_ADC_Init
                0x0000000008001630      0x344 ./Drivers/STM32H7xx_HAL_Driver/Src/stm32h7xx_hal_adc.o
                0x0000000008001630                HAL_ADC_Init
 .text.HAL_ADC_Start
                0x0000000008001974      0x194 ./Drivers/STM32H7xx_HAL_Driver/Src/stm32h7xx_hal_adc.o
                0x0000000008001974                HAL_ADC_Start
 .text.HAL_ADC_Stop
                0x0000000008001b08       0x68 ./Drivers/STM32H7xx_HAL_Driver/Src/stm32h7xx_hal_adc.o
                0x0000000008001b08                HAL_ADC_Stop
 .text.HAL_ADC_PollForConversion
                0x0000000008001b70      0x1e8 ./Drivers/STM32H7xx_HAL_Driver/Src/stm32h7xx_hal_adc.o
                0x0000000008001b70                HAL_ADC_PollForConversion
 .text.HAL_ADC_GetValue
                0x0000000008001d58       0x1a ./Drivers/STM32H7xx_HAL_Driver/Src/stm32h7xx_hal_adc.o
                0x0000000008001d58                HAL_ADC_GetValue
 *fill*         0x0000000008001d72        0x2 
 .text.HAL_ADC_ConfigChannel
                0x0000000008001d74      0x6a0 ./Drivers/STM32H7xx_HAL_Driver/Src/stm32h7xx_hal_adc.o
                0x0000000008001d74                HAL_ADC_ConfigChannel
 .text.ADC_ConversionStop
                0x0000000008002414      0x178 ./Drivers/STM32H7xx_HAL_Driver/Src/stm32h7xx_hal_adc.o
                0x0000000008002414                ADC_ConversionStop
 .text.ADC_Enable
                0x000000000800258c      0x114 ./Drivers/STM32H7xx_HAL_Driver/Src/stm32h7xx_hal_adc.o
                0x000000000800258c                ADC_Enable
 .text.ADC_Disable
                0x00000000080026a0       0xbe ./Drivers/STM32H7xx_HAL_Driver/Src/stm32h7xx_hal_adc.o
                0x00000000080026a0                ADC_Disable
 *fill*         0x000000000800275e        0x2 
 .text.ADC_ConfigureBoostMode
                0x0000000008002760      0x218 ./Drivers/STM32H7xx_HAL_Driver/Src/stm32h7xx_hal_adc.o
                0x0000000008002760                ADC_ConfigureBoostMode
 .text.LL_ADC_IsEnabled
                0x0000000008002978       0x26 ./Drivers/STM32H7xx_HAL_Driver/Src/stm32h7xx_hal_adc_ex.o
 *fill*         0x000000000800299e        0x2 
 .text.LL_ADC_StartCalibration
                0x00000000080029a0       0x3c ./Drivers/STM32H7xx_HAL_Driver/Src/stm32h7xx_hal_adc_ex.o
 .text.LL_ADC_IsCalibrationOnGoing
                0x00000000080029dc       0x28 ./Drivers/STM32H7xx_HAL_Driver/Src/stm32h7xx_hal_adc_ex.o
 .text.LL_ADC_REG_IsConversionOngoing
                0x0000000008002a04       0x26 ./Drivers/STM32H7xx_HAL_Driver/Src/stm32h7xx_hal_adc_ex.o
 *fill*         0x0000000008002a2a        0x2 
 .text.HAL_ADCEx_Calibration_Start
                0x0000000008002a2c       0xc8 ./Drivers/STM32H7xx_HAL_Driver/Src/stm32h7xx_hal_adc_ex.o
                0x0000000008002a2c                HAL_ADCEx_Calibration_Start
 .text.HAL_ADCEx_MultiModeConfigChannel
                0x0000000008002af4      0x1bc ./Drivers/STM32H7xx_HAL_Driver/Src/stm32h7xx_hal_adc_ex.o
                0x0000000008002af4                HAL_ADCEx_MultiModeConfigChannel
 .text.__NVIC_SetPriorityGrouping
                0x0000000008002cb0       0x48 ./Drivers/STM32H7xx_HAL_Driver/Src/stm32h7xx_hal_cortex.o
 .text.__NVIC_GetPriorityGrouping
                0x0000000008002cf8       0x1c ./Drivers/STM32H7xx_HAL_Driver/Src/stm32h7xx_hal_cortex.o
 .text.__NVIC_EnableIRQ
                0x0000000008002d14       0x3c ./Drivers/STM32H7xx_HAL_Driver/Src/stm32h7xx_hal_cortex.o
 .text.__NVIC_SetPriority
                0x0000000008002d50       0x54 ./Drivers/STM32H7xx_HAL_Driver/Src/stm32h7xx_hal_cortex.o
 .text.NVIC_EncodePriority
                0x0000000008002da4       0x66 ./Drivers/STM32H7xx_HAL_Driver/Src/stm32h7xx_hal_cortex.o
 *fill*         0x0000000008002e0a        0x2 
 .text.SysTick_Config
                0x0000000008002e0c       0x44 ./Drivers/STM32H7xx_HAL_Driver/Src/stm32h7xx_hal_cortex.o
 .text.HAL_NVIC_SetPriorityGrouping
                0x0000000008002e50       0x16 ./Drivers/STM32H7xx_HAL_Driver/Src/stm32h7xx_hal_cortex.o
                0x0000000008002e50                HAL_NVIC_SetPriorityGrouping
 .text.HAL_NVIC_SetPriority
                0x0000000008002e66       0x34 ./Drivers/STM32H7xx_HAL_Driver/Src/stm32h7xx_hal_cortex.o
                0x0000000008002e66                HAL_NVIC_SetPriority
 .text.HAL_NVIC_EnableIRQ
                0x0000000008002e9a       0x1c ./Drivers/STM32H7xx_HAL_Driver/Src/stm32h7xx_hal_cortex.o
                0x0000000008002e9a                HAL_NVIC_EnableIRQ
 .text.HAL_SYSTICK_Config
                0x0000000008002eb6       0x18 ./Drivers/STM32H7xx_HAL_Driver/Src/stm32h7xx_hal_cortex.o
                0x0000000008002eb6                HAL_SYSTICK_Config
 *fill*         0x0000000008002ece        0x2 
 .text.HAL_DMA_Init
                0x0000000008002ed0      0x6b8 ./Drivers/STM32H7xx_HAL_Driver/Src/stm32h7xx_hal_dma.o
                0x0000000008002ed0                HAL_DMA_Init
 .text.HAL_DMA_Abort
                0x0000000008003588      0x63c ./Drivers/STM32H7xx_HAL_Driver/Src/stm32h7xx_hal_dma.o
                0x0000000008003588                HAL_DMA_Abort
 .text.HAL_DMA_Abort_IT
                0x0000000008003bc4      0x48c ./Drivers/STM32H7xx_HAL_Driver/Src/stm32h7xx_hal_dma.o
                0x0000000008003bc4                HAL_DMA_Abort_IT
 .text.HAL_DMA_IRQHandler
                0x0000000008004050      0xe54 ./Drivers/STM32H7xx_HAL_Driver/Src/stm32h7xx_hal_dma.o
                0x0000000008004050                HAL_DMA_IRQHandler
 .text.DMA_CalcBaseAndBitshift
                0x0000000008004ea4      0x164 ./Drivers/STM32H7xx_HAL_Driver/Src/stm32h7xx_hal_dma.o
 .text.DMA_CheckFifoParam
                0x0000000008005008       0xf8 ./Drivers/STM32H7xx_HAL_Driver/Src/stm32h7xx_hal_dma.o
 .text.DMA_CalcDMAMUXChannelBaseAndMask
                0x0000000008005100      0x134 ./Drivers/STM32H7xx_HAL_Driver/Src/stm32h7xx_hal_dma.o
 .text.DMA_CalcDMAMUXRequestGenBaseAndMask
                0x0000000008005234       0xe8 ./Drivers/STM32H7xx_HAL_Driver/Src/stm32h7xx_hal_dma.o
 .text.HAL_GPIO_Init
                0x000000000800531c      0x360 ./Drivers/STM32H7xx_HAL_Driver/Src/stm32h7xx_hal_gpio.o
                0x000000000800531c                HAL_GPIO_Init
 .text.HAL_GPIO_WritePin
                0x000000000800567c       0x32 ./Drivers/STM32H7xx_HAL_Driver/Src/stm32h7xx_hal_gpio.o
                0x000000000800567c                HAL_GPIO_WritePin
 *fill*         0x00000000080056ae        0x2 
 .text.HAL_PWREx_ConfigSupply
                0x00000000080056b0       0x74 ./Drivers/STM32H7xx_HAL_Driver/Src/stm32h7xx_hal_pwr_ex.o
                0x00000000080056b0                HAL_PWREx_ConfigSupply
 .text.HAL_RCC_OscConfig
                0x0000000008005724      0x8b4 ./Drivers/STM32H7xx_HAL_Driver/Src/stm32h7xx_hal_rcc.o
                0x0000000008005724                HAL_RCC_OscConfig
 .text.HAL_RCC_ClockConfig
                0x0000000008005fd8      0x36c ./Drivers/STM32H7xx_HAL_Driver/Src/stm32h7xx_hal_rcc.o
                0x0000000008005fd8                HAL_RCC_ClockConfig
 .text.HAL_RCC_GetSysClockFreq
                0x0000000008006344      0x2f4 ./Drivers/STM32H7xx_HAL_Driver/Src/stm32h7xx_hal_rcc.o
                0x0000000008006344                HAL_RCC_GetSysClockFreq
 .text.HAL_RCC_GetHCLKFreq
                0x0000000008006638       0x60 ./Drivers/STM32H7xx_HAL_Driver/Src/stm32h7xx_hal_rcc.o
                0x0000000008006638                HAL_RCC_GetHCLKFreq
 .text.HAL_RCC_GetPCLK1Freq
                0x0000000008006698       0x2c ./Drivers/STM32H7xx_HAL_Driver/Src/stm32h7xx_hal_rcc.o
                0x0000000008006698                HAL_RCC_GetPCLK1Freq
 .text.HAL_RCC_GetPCLK2Freq
                0x00000000080066c4       0x2c ./Drivers/STM32H7xx_HAL_Driver/Src/stm32h7xx_hal_rcc.o
                0x00000000080066c4                HAL_RCC_GetPCLK2Freq
 .text.HAL_RCCEx_PeriphCLKConfig
                0x00000000080066f0     0x1414 ./Drivers/STM32H7xx_HAL_Driver/Src/stm32h7xx_hal_rcc_ex.o
                0x00000000080066f0                HAL_RCCEx_PeriphCLKConfig
 .text.HAL_RCCEx_GetPeriphCLKFreq
                0x0000000008007b04      0xb00 ./Drivers/STM32H7xx_HAL_Driver/Src/stm32h7xx_hal_rcc_ex.o
                0x0000000008007b04                HAL_RCCEx_GetPeriphCLKFreq
 .text.HAL_RCCEx_GetD3PCLK1Freq
                0x0000000008008604       0x2c ./Drivers/STM32H7xx_HAL_Driver/Src/stm32h7xx_hal_rcc_ex.o
                0x0000000008008604                HAL_RCCEx_GetD3PCLK1Freq
 .text.HAL_RCCEx_GetPLL2ClockFreq
                0x0000000008008630      0x2a8 ./Drivers/STM32H7xx_HAL_Driver/Src/stm32h7xx_hal_rcc_ex.o
                0x0000000008008630                HAL_RCCEx_GetPLL2ClockFreq
 .text.HAL_RCCEx_GetPLL3ClockFreq
                0x00000000080088d8      0x2a8 ./Drivers/STM32H7xx_HAL_Driver/Src/stm32h7xx_hal_rcc_ex.o
                0x00000000080088d8                HAL_RCCEx_GetPLL3ClockFreq
 .text.HAL_RCCEx_GetPLL1ClockFreq
                0x0000000008008b80      0x2a4 ./Drivers/STM32H7xx_HAL_Driver/Src/stm32h7xx_hal_rcc_ex.o
                0x0000000008008b80                HAL_RCCEx_GetPLL1ClockFreq
 .text.RCCEx_PLL2_Config
                0x0000000008008e24      0x164 ./Drivers/STM32H7xx_HAL_Driver/Src/stm32h7xx_hal_rcc_ex.o
 .text.RCCEx_PLL3_Config
                0x0000000008008f88      0x164 ./Drivers/STM32H7xx_HAL_Driver/Src/stm32h7xx_hal_rcc_ex.o
 .text.HAL_UART_Init
                0x00000000080090ec       0xa0 ./Drivers/STM32H7xx_HAL_Driver/Src/stm32h7xx_hal_uart.o
                0x00000000080090ec                HAL_UART_Init
 .text.HAL_UART_Transmit_IT
                0x000000000800918c      0x128 ./Drivers/STM32H7xx_HAL_Driver/Src/stm32h7xx_hal_uart.o
                0x000000000800918c                HAL_UART_Transmit_IT
 .text.HAL_UART_IRQHandler
                0x00000000080092b4      0x774 ./Drivers/STM32H7xx_HAL_Driver/Src/stm32h7xx_hal_uart.o
                0x00000000080092b4                HAL_UART_IRQHandler
 .text.HAL_UART_ErrorCallback
                0x0000000008009a28       0x14 ./Drivers/STM32H7xx_HAL_Driver/Src/stm32h7xx_hal_uart.o
                0x0000000008009a28                HAL_UART_ErrorCallback
 .text.HAL_UARTEx_RxEventCallback
                0x0000000008009a3c       0x18 ./Drivers/STM32H7xx_HAL_Driver/Src/stm32h7xx_hal_uart.o
                0x0000000008009a3c                HAL_UARTEx_RxEventCallback
 .text.UART_SetConfig
                0x0000000008009a54      0xad0 ./Drivers/STM32H7xx_HAL_Driver/Src/stm32h7xx_hal_uart.o
                0x0000000008009a54                UART_SetConfig
 .text.UART_AdvFeatureConfig
                0x000000000800a524      0x144 ./Drivers/STM32H7xx_HAL_Driver/Src/stm32h7xx_hal_uart.o
                0x000000000800a524                UART_AdvFeatureConfig
 .text.UART_CheckIdleState
                0x000000000800a668      0x154 ./Drivers/STM32H7xx_HAL_Driver/Src/stm32h7xx_hal_uart.o
                0x000000000800a668                UART_CheckIdleState
 .text.UART_WaitOnFlagUntilTimeout
                0x000000000800a7bc       0xce ./Drivers/STM32H7xx_HAL_Driver/Src/stm32h7xx_hal_uart.o
                0x000000000800a7bc                UART_WaitOnFlagUntilTimeout
 *fill*         0x000000000800a88a        0x2 
 .text.UART_EndRxTransfer
                0x000000000800a88c       0xcc ./Drivers/STM32H7xx_HAL_Driver/Src/stm32h7xx_hal_uart.o
 .text.UART_DMAAbortOnError
                0x000000000800a958       0x2c ./Drivers/STM32H7xx_HAL_Driver/Src/stm32h7xx_hal_uart.o
 .text.UART_TxISR_8BIT
                0x000000000800a984       0xb8 ./Drivers/STM32H7xx_HAL_Driver/Src/stm32h7xx_hal_uart.o
 .text.UART_TxISR_16BIT
                0x000000000800aa3c       0xc2 ./Drivers/STM32H7xx_HAL_Driver/Src/stm32h7xx_hal_uart.o
 .text.UART_TxISR_8BIT_FIFOEN
                0x000000000800aafe       0xe0 ./Drivers/STM32H7xx_HAL_Driver/Src/stm32h7xx_hal_uart.o
 .text.UART_TxISR_16BIT_FIFOEN
                0x000000000800abde       0xea ./Drivers/STM32H7xx_HAL_Driver/Src/stm32h7xx_hal_uart.o
 .text.UART_EndTransmit_IT
                0x000000000800acc8       0x56 ./Drivers/STM32H7xx_HAL_Driver/Src/stm32h7xx_hal_uart.o
 .text.HAL_UARTEx_WakeupCallback
                0x000000000800ad1e       0x14 ./Drivers/STM32H7xx_HAL_Driver/Src/stm32h7xx_hal_uart_ex.o
                0x000000000800ad1e                HAL_UARTEx_WakeupCallback
 .text.HAL_UARTEx_RxFifoFullCallback
                0x000000000800ad32       0x14 ./Drivers/STM32H7xx_HAL_Driver/Src/stm32h7xx_hal_uart_ex.o
                0x000000000800ad32                HAL_UARTEx_RxFifoFullCallback
 .text.HAL_UARTEx_TxFifoEmptyCallback
                0x000000000800ad46       0x14 ./Drivers/STM32H7xx_HAL_Driver/Src/stm32h7xx_hal_uart_ex.o
                0x000000000800ad46                HAL_UARTEx_TxFifoEmptyCallback
 .text.HAL_UARTEx_DisableFifoMode
                0x000000000800ad5a       0x72 ./Drivers/STM32H7xx_HAL_Driver/Src/stm32h7xx_hal_uart_ex.o
                0x000000000800ad5a                HAL_UARTEx_DisableFifoMode
 .text.HAL_UARTEx_SetTxFifoThreshold
                0x000000000800adcc       0x7c ./Drivers/STM32H7xx_HAL_Driver/Src/stm32h7xx_hal_uart_ex.o
                0x000000000800adcc                HAL_UARTEx_SetTxFifoThreshold
 .text.HAL_UARTEx_SetRxFifoThreshold
                0x000000000800ae48       0x7c ./Drivers/STM32H7xx_HAL_Driver/Src/stm32h7xx_hal_uart_ex.o
                0x000000000800ae48                HAL_UARTEx_SetRxFifoThreshold
 .text.UARTEx_SetNbDataToProcess
                0x000000000800aec4       0x9c ./Drivers/STM32H7xx_HAL_Driver/Src/stm32h7xx_hal_uart_ex.o
 .text.__libc_init_array
                0x000000000800af60       0x48 c:/st/stm32cubeide_1.11.0/stm32cubeide/plugins/com.st.stm32cube.ide.mcu.externaltools.gnu-tools-for-stm32.10.3-2021.10.win32_1.0.100.202210260954/tools/bin/../lib/gcc/arm-none-eabi/10.3.1/../../../../arm-none-eabi/lib/thumb/v7e-m+dp/hard\libc_nano.a(lib_a-init.o)
                0x000000000800af60                __libc_init_array
 .text.memset   0x000000000800afa8       0x10 c:/st/stm32cubeide_1.11.0/stm32cubeide/plugins/com.st.stm32cube.ide.mcu.externaltools.gnu-tools-for-stm32.10.3-2021.10.win32_1.0.100.202210260954/tools/bin/../lib/gcc/arm-none-eabi/10.3.1/../../../../arm-none-eabi/lib/thumb/v7e-m+dp/hard\libc_nano.a(lib_a-memset.o)
                0x000000000800afa8                memset
 *(.glue_7)
 .glue_7        0x000000000800afb8        0x0 linker stubs
 *(.glue_7t)
 .glue_7t       0x000000000800afb8        0x0 linker stubs
 *(.eh_frame)
 .eh_frame      0x000000000800afb8        0x0 c:/st/stm32cubeide_1.11.0/stm32cubeide/plugins/com.st.stm32cube.ide.mcu.externaltools.gnu-tools-for-stm32.10.3-2021.10.win32_1.0.100.202210260954/tools/bin/../lib/gcc/arm-none-eabi/10.3.1/thumb/v7e-m+dp/hard/crtbegin.o
 *(.init)
 .init          0x000000000800afb8        0x4 c:/st/stm32cubeide_1.11.0/stm32cubeide/plugins/com.st.stm32cube.ide.mcu.externaltools.gnu-tools-for-stm32.10.3-2021.10.win32_1.0.100.202210260954/tools/bin/../lib/gcc/arm-none-eabi/10.3.1/thumb/v7e-m+dp/hard/crti.o
                0x000000000800afb8                _init
 .init          0x000000000800afbc        0x8 c:/st/stm32cubeide_1.11.0/stm32cubeide/plugins/com.st.stm32cube.ide.mcu.externaltools.gnu-tools-for-stm32.10.3-2021.10.win32_1.0.100.202210260954/tools/bin/../lib/gcc/arm-none-eabi/10.3.1/thumb/v7e-m+dp/hard/crtn.o
 *(.fini)
 .fini          0x000000000800afc4        0x4 c:/st/stm32cubeide_1.11.0/stm32cubeide/plugins/com.st.stm32cube.ide.mcu.externaltools.gnu-tools-for-stm32.10.3-2021.10.win32_1.0.100.202210260954/tools/bin/../lib/gcc/arm-none-eabi/10.3.1/thumb/v7e-m+dp/hard/crti.o
                0x000000000800afc4                _fini
 .fini          0x000000000800afc8        0x8 c:/st/stm32cubeide_1.11.0/stm32cubeide/plugins/com.st.stm32cube.ide.mcu.externaltools.gnu-tools-for-stm32.10.3-2021.10.win32_1.0.100.202210260954/tools/bin/../lib/gcc/arm-none-eabi/10.3.1/thumb/v7e-m+dp/hard/crtn.o
                0x000000000800afd0                . = ALIGN (0x4)
                0x000000000800afd0                _etext = .

.vfp11_veneer   0x000000000800afd0        0x0
 .vfp11_veneer  0x000000000800afd0        0x0 linker stubs

.v4_bx          0x000000000800afd0        0x0
 .v4_bx         0x000000000800afd0        0x0 linker stubs

.iplt           0x000000000800afd0        0x0
 .iplt          0x000000000800afd0        0x0 c:/st/stm32cubeide_1.11.0/stm32cubeide/plugins/com.st.stm32cube.ide.mcu.externaltools.gnu-tools-for-stm32.10.3-2021.10.win32_1.0.100.202210260954/tools/bin/../lib/gcc/arm-none-eabi/10.3.1/thumb/v7e-m+dp/hard/crtbegin.o

.rodata         0x000000000800afd0       0x40
                0x000000000800afd0                . = ALIGN (0x4)
 *(.rodata)
 *(.rodata*)
 .rodata.D1CorePrescTable
                0x000000000800afd0       0x10 ./Core/Src/system_stm32h7xx.o
                0x000000000800afd0                D1CorePrescTable
 .rodata.flagBitshiftOffset.0
                0x000000000800afe0        0x8 ./Drivers/STM32H7xx_HAL_Driver/Src/stm32h7xx_hal_dma.o
 .rodata.UARTPrescTable
                0x000000000800afe8       0x18 ./Drivers/STM32H7xx_HAL_Driver/Src/stm32h7xx_hal_uart.o
                0x000000000800afe8                UARTPrescTable
 .rodata.numerator.1
                0x000000000800b000        0x8 ./Drivers/STM32H7xx_HAL_Driver/Src/stm32h7xx_hal_uart_ex.o
 .rodata.denominator.0
                0x000000000800b008        0x8 ./Drivers/STM32H7xx_HAL_Driver/Src/stm32h7xx_hal_uart_ex.o
                0x000000000800b010                . = ALIGN (0x4)

.ARM.extab
 *(.ARM.extab* .gnu.linkonce.armextab.*)

.ARM            0x000000000800b010        0x8
                0x000000000800b010                __exidx_start = .
 *(.ARM.exidx*)
 .ARM.exidx     0x000000000800b010        0x8 c:/st/stm32cubeide_1.11.0/stm32cubeide/plugins/com.st.stm32cube.ide.mcu.externaltools.gnu-tools-for-stm32.10.3-2021.10.win32_1.0.100.202210260954/tools/bin/../lib/gcc/arm-none-eabi/10.3.1/thumb/v7e-m+dp/hard\libgcc.a(_udivmoddi4.o)
                0x000000000800b018                __exidx_end = .

.rel.dyn        0x000000000800b018        0x0
 .rel.iplt      0x000000000800b018        0x0 c:/st/stm32cubeide_1.11.0/stm32cubeide/plugins/com.st.stm32cube.ide.mcu.externaltools.gnu-tools-for-stm32.10.3-2021.10.win32_1.0.100.202210260954/tools/bin/../lib/gcc/arm-none-eabi/10.3.1/thumb/v7e-m+dp/hard/crtbegin.o

.preinit_array  0x000000000800b018        0x0
                0x000000000800b018                PROVIDE (__preinit_array_start = .)
 *(.preinit_array*)
                0x000000000800b018                PROVIDE (__preinit_array_end = .)

.init_array     0x000000000800b018        0x4
                0x000000000800b018                PROVIDE (__init_array_start = .)
 *(SORT_BY_NAME(.init_array.*))
 *(.init_array*)
 .init_array    0x000000000800b018        0x4 c:/st/stm32cubeide_1.11.0/stm32cubeide/plugins/com.st.stm32cube.ide.mcu.externaltools.gnu-tools-for-stm32.10.3-2021.10.win32_1.0.100.202210260954/tools/bin/../lib/gcc/arm-none-eabi/10.3.1/thumb/v7e-m+dp/hard/crtbegin.o
                0x000000000800b01c                PROVIDE (__init_array_end = .)

.fini_array     0x000000000800b01c        0x4
                [!provide]                        PROVIDE (__fini_array_start = .)
 *(SORT_BY_NAME(.fini_array.*))
 *(.fini_array*)
 .fini_array    0x000000000800b01c        0x4 c:/st/stm32cubeide_1.11.0/stm32cubeide/plugins/com.st.stm32cube.ide.mcu.externaltools.gnu-tools-for-stm32.10.3-2021.10.win32_1.0.100.202210260954/tools/bin/../lib/gcc/arm-none-eabi/10.3.1/thumb/v7e-m+dp/hard/crtbegin.o
                [!provide]                        PROVIDE (__fini_array_end = .)
                0x000000000800b020                _sidata = LOADADDR (.data)

.data           0x0000000024000000       0x1c load address 0x000000000800b020
                0x0000000024000000                . = ALIGN (0x4)
                0x0000000024000000                _sdata = .
 *(.data)
 *(.data*)
 .data.uart_tx_complete
                0x0000000024000000        0x1 ./Core/Src/main.o
                0x0000000024000000                uart_tx_complete
 *fill*         0x0000000024000001        0x3 
 .data.tx_buffer
                0x0000000024000004        0x2 ./Core/Src/main.o
                0x0000000024000004                tx_buffer
 *fill*         0x0000000024000006        0x2 
 .data.tx_buffer2
                0x0000000024000008        0x2 ./Core/Src/main.o
                0x0000000024000008                tx_buffer2
 *fill*         0x000000002400000a        0x2 
 .data.SystemCoreClock
                0x000000002400000c        0x4 ./Core/Src/system_stm32h7xx.o
                0x000000002400000c                SystemCoreClock
 .data.SystemD2Clock
                0x0000000024000010        0x4 ./Core/Src/system_stm32h7xx.o
                0x0000000024000010                SystemD2Clock
 .data.uwTickPrio
                0x0000000024000014        0x4 ./Drivers/STM32H7xx_HAL_Driver/Src/stm32h7xx_hal.o
                0x0000000024000014                uwTickPrio
 .data.uwTickFreq
                0x0000000024000018        0x1 ./Drivers/STM32H7xx_HAL_Driver/Src/stm32h7xx_hal.o
                0x0000000024000018                uwTickFreq
 *(.RamFunc)
 *(.RamFunc*)
                0x000000002400001c                . = ALIGN (0x4)
 *fill*         0x0000000024000019        0x3 
                0x000000002400001c                _edata = .

.igot.plt       0x000000002400001c        0x0 load address 0x000000000800b03c
 .igot.plt      0x000000002400001c        0x0 c:/st/stm32cubeide_1.11.0/stm32cubeide/plugins/com.st.stm32cube.ide.mcu.externaltools.gnu-tools-for-stm32.10.3-2021.10.win32_1.0.100.202210260954/tools/bin/../lib/gcc/arm-none-eabi/10.3.1/thumb/v7e-m+dp/hard/crtbegin.o
                0x000000002400001c                . = ALIGN (0x4)

.bss            0x0000000024000020      0x20c load address 0x000000000800b03c
                0x0000000024000020                _sbss = .
                0x0000000024000020                __bss_start__ = _sbss
 *(.bss)
 .bss           0x0000000024000020       0x1c c:/st/stm32cubeide_1.11.0/stm32cubeide/plugins/com.st.stm32cube.ide.mcu.externaltools.gnu-tools-for-stm32.10.3-2021.10.win32_1.0.100.202210260954/tools/bin/../lib/gcc/arm-none-eabi/10.3.1/thumb/v7e-m+dp/hard/crtbegin.o
 *(.bss*)
 .bss.hadc1     0x000000002400003c       0x64 ./Core/Src/adc.o
                0x000000002400003c                hadc1
 .bss.hadc2     0x00000000240000a0       0x64 ./Core/Src/adc.o
                0x00000000240000a0                hadc2
 .bss.HAL_RCC_ADC12_CLK_ENABLED
                0x0000000024000104        0x4 ./Core/Src/adc.o
 .bss.last_time
                0x0000000024000108        0x8 ./Core/Src/main.o
                0x0000000024000108                last_time
 .bss.adc_value
                0x0000000024000110        0x4 ./Core/Src/main.o
                0x0000000024000110                adc_value
 .bss.tx_buffer_adc
                0x0000000024000114        0x4 ./Core/Src/main.o
                0x0000000024000114                tx_buffer_adc
 .bss.tx_combined
                0x0000000024000118        0x4 ./Core/Src/main.o
                0x0000000024000118                tx_combined
 .bss.huart1    0x000000002400011c       0x94 ./Core/Src/usart.o
                0x000000002400011c                huart1
 .bss.hdma_usart1_tx
                0x00000000240001b0       0x78 ./Core/Src/usart.o
                0x00000000240001b0                hdma_usart1_tx
 .bss.uwTick    0x0000000024000228        0x4 ./Drivers/STM32H7xx_HAL_Driver/Src/stm32h7xx_hal.o
                0x0000000024000228                uwTick
 *(COMMON)
                0x000000002400022c                . = ALIGN (0x4)
                0x000000002400022c                _ebss = .
                0x000000002400022c                __bss_end__ = _ebss

._user_heap_stack
                0x000000002400022c      0x604 load address 0x000000000800b03c
                0x0000000024000230                . = ALIGN (0x8)
 *fill*         0x000000002400022c        0x4 
                [!provide]                        PROVIDE (end = .)
                0x0000000024000230                PROVIDE (_end = .)
                0x0000000024000430                . = (. + _Min_Heap_Size)
 *fill*         0x0000000024000230      0x200 
                0x0000000024000830                . = (. + _Min_Stack_Size)
 *fill*         0x0000000024000430      0x400 
                0x0000000024000830                . = ALIGN (0x8)

/DISCARD/
 libc.a(*)
 libm.a(*)
 libgcc.a(*)

.ARM.attributes
                0x0000000000000000       0x2e
 *(.ARM.attributes)
 .ARM.attributes
                0x0000000000000000       0x1e c:/st/stm32cubeide_1.11.0/stm32cubeide/plugins/com.st.stm32cube.ide.mcu.externaltools.gnu-tools-for-stm32.10.3-2021.10.win32_1.0.100.202210260954/tools/bin/../lib/gcc/arm-none-eabi/10.3.1/thumb/v7e-m+dp/hard/crti.o
 .ARM.attributes
                0x000000000000001e       0x32 c:/st/stm32cubeide_1.11.0/stm32cubeide/plugins/com.st.stm32cube.ide.mcu.externaltools.gnu-tools-for-stm32.10.3-2021.10.win32_1.0.100.202210260954/tools/bin/../lib/gcc/arm-none-eabi/10.3.1/thumb/v7e-m+dp/hard/crtbegin.o
 .ARM.attributes
                0x0000000000000050       0x32 ./Core/Src/adc.o
 .ARM.attributes
                0x0000000000000082       0x32 ./Core/Src/dma.o
 .ARM.attributes
                0x00000000000000b4       0x32 ./Core/Src/gpio.o
 .ARM.attributes
                0x00000000000000e6       0x32 ./Core/Src/main.o
 .ARM.attributes
                0x0000000000000118       0x32 ./Core/Src/stm32h7xx_hal_msp.o
 .ARM.attributes
                0x000000000000014a       0x32 ./Core/Src/stm32h7xx_it.o
 .ARM.attributes
                0x000000000000017c       0x32 ./Core/Src/system_stm32h7xx.o
 .ARM.attributes
                0x00000000000001ae       0x32 ./Core/Src/usart.o
 .ARM.attributes
                0x00000000000001e0       0x21 ./Core/Startup/startup_stm32h743vitx.o
 .ARM.attributes
                0x0000000000000201       0x32 ./Drivers/STM32H7xx_HAL_Driver/Src/stm32h7xx_hal.o
 .ARM.attributes
                0x0000000000000233       0x32 ./Drivers/STM32H7xx_HAL_Driver/Src/stm32h7xx_hal_adc.o
 .ARM.attributes
                0x0000000000000265       0x32 ./Drivers/STM32H7xx_HAL_Driver/Src/stm32h7xx_hal_adc_ex.o
 .ARM.attributes
                0x0000000000000297       0x32 ./Drivers/STM32H7xx_HAL_Driver/Src/stm32h7xx_hal_cortex.o
 .ARM.attributes
                0x00000000000002c9       0x32 ./Drivers/STM32H7xx_HAL_Driver/Src/stm32h7xx_hal_dma.o
 .ARM.attributes
                0x00000000000002fb       0x32 ./Drivers/STM32H7xx_HAL_Driver/Src/stm32h7xx_hal_gpio.o
 .ARM.attributes
                0x000000000000032d       0x32 ./Drivers/STM32H7xx_HAL_Driver/Src/stm32h7xx_hal_pwr_ex.o
 .ARM.attributes
                0x000000000000035f       0x32 ./Drivers/STM32H7xx_HAL_Driver/Src/stm32h7xx_hal_rcc.o
 .ARM.attributes
                0x0000000000000391       0x32 ./Drivers/STM32H7xx_HAL_Driver/Src/stm32h7xx_hal_rcc_ex.o
 .ARM.attributes
                0x00000000000003c3       0x32 ./Drivers/STM32H7xx_HAL_Driver/Src/stm32h7xx_hal_uart.o
 .ARM.attributes
                0x00000000000003f5       0x32 ./Drivers/STM32H7xx_HAL_Driver/Src/stm32h7xx_hal_uart_ex.o
 .ARM.attributes
                0x0000000000000427       0x32 c:/st/stm32cubeide_1.11.0/stm32cubeide/plugins/com.st.stm32cube.ide.mcu.externaltools.gnu-tools-for-stm32.10.3-2021.10.win32_1.0.100.202210260954/tools/bin/../lib/gcc/arm-none-eabi/10.3.1/../../../../arm-none-eabi/lib/thumb/v7e-m+dp/hard\libc_nano.a(lib_a-init.o)
 .ARM.attributes
                0x0000000000000459       0x32 c:/st/stm32cubeide_1.11.0/stm32cubeide/plugins/com.st.stm32cube.ide.mcu.externaltools.gnu-tools-for-stm32.10.3-2021.10.win32_1.0.100.202210260954/tools/bin/../lib/gcc/arm-none-eabi/10.3.1/../../../../arm-none-eabi/lib/thumb/v7e-m+dp/hard\libc_nano.a(lib_a-memset.o)
 .ARM.attributes
                0x000000000000048b       0x1e c:/st/stm32cubeide_1.11.0/stm32cubeide/plugins/com.st.stm32cube.ide.mcu.externaltools.gnu-tools-for-stm32.10.3-2021.10.win32_1.0.100.202210260954/tools/bin/../lib/gcc/arm-none-eabi/10.3.1/thumb/v7e-m+dp/hard\libgcc.a(_aeabi_uldivmod.o)
 .ARM.attributes
                0x00000000000004a9       0x32 c:/st/stm32cubeide_1.11.0/stm32cubeide/plugins/com.st.stm32cube.ide.mcu.externaltools.gnu-tools-for-stm32.10.3-2021.10.win32_1.0.100.202210260954/tools/bin/../lib/gcc/arm-none-eabi/10.3.1/thumb/v7e-m+dp/hard\libgcc.a(_udivmoddi4.o)
 .ARM.attributes
                0x00000000000004db       0x1e c:/st/stm32cubeide_1.11.0/stm32cubeide/plugins/com.st.stm32cube.ide.mcu.externaltools.gnu-tools-for-stm32.10.3-2021.10.win32_1.0.100.202210260954/tools/bin/../lib/gcc/arm-none-eabi/10.3.1/thumb/v7e-m+dp/hard\libgcc.a(_dvmd_tls.o)
 .ARM.attributes
                0x00000000000004f9       0x1e c:/st/stm32cubeide_1.11.0/stm32cubeide/plugins/com.st.stm32cube.ide.mcu.externaltools.gnu-tools-for-stm32.10.3-2021.10.win32_1.0.100.202210260954/tools/bin/../lib/gcc/arm-none-eabi/10.3.1/thumb/v7e-m+dp/hard/crtn.o
OUTPUT(H743_UART_ADC_TIM.elf elf32-littlearm)
LOAD linker stubs
LOAD c:/st/stm32cubeide_1.11.0/stm32cubeide/plugins/com.st.stm32cube.ide.mcu.externaltools.gnu-tools-for-stm32.10.3-2021.10.win32_1.0.100.202210260954/tools/bin/../lib/gcc/arm-none-eabi/10.3.1/../../../../arm-none-eabi/lib/thumb/v7e-m+dp/hard\libc.a
LOAD c:/st/stm32cubeide_1.11.0/stm32cubeide/plugins/com.st.stm32cube.ide.mcu.externaltools.gnu-tools-for-stm32.10.3-2021.10.win32_1.0.100.202210260954/tools/bin/../lib/gcc/arm-none-eabi/10.3.1/../../../../arm-none-eabi/lib/thumb/v7e-m+dp/hard\libm.a
LOAD c:/st/stm32cubeide_1.11.0/stm32cubeide/plugins/com.st.stm32cube.ide.mcu.externaltools.gnu-tools-for-stm32.10.3-2021.10.win32_1.0.100.202210260954/tools/bin/../lib/gcc/arm-none-eabi/10.3.1/thumb/v7e-m+dp/hard\libgcc.a

.debug_info     0x0000000000000000    0x17c2f
 .debug_info    0x0000000000000000     0x1011 ./Core/Src/adc.o
 .debug_info    0x0000000000001011      0x867 ./Core/Src/dma.o
 .debug_info    0x0000000000001878      0x68b ./Core/Src/gpio.o
 .debug_info    0x0000000000001f03     0x1a89 ./Core/Src/main.o
 .debug_info    0x000000000000398c      0x4a4 ./Core/Src/stm32h7xx_hal_msp.o
 .debug_info    0x0000000000003e30      0x8a2 ./Core/Src/stm32h7xx_it.o
 .debug_info    0x00000000000046d2      0xd07 ./Core/Src/system_stm32h7xx.o
 .debug_info    0x00000000000053d9     0x158c ./Core/Src/usart.o
 .debug_info    0x0000000000006965       0x22 ./Core/Startup/startup_stm32h743vitx.o
 .debug_info    0x0000000000006987     0x15d7 ./Drivers/STM32H7xx_HAL_Driver/Src/stm32h7xx_hal.o
 .debug_info    0x0000000000007f5e     0x1fb4 ./Drivers/STM32H7xx_HAL_Driver/Src/stm32h7xx_hal_adc.o
 .debug_info    0x0000000000009f12     0x20cf ./Drivers/STM32H7xx_HAL_Driver/Src/stm32h7xx_hal_adc_ex.o
 .debug_info    0x000000000000bfe1     0x116d ./Drivers/STM32H7xx_HAL_Driver/Src/stm32h7xx_hal_cortex.o
 .debug_info    0x000000000000d14e      0xcd5 ./Drivers/STM32H7xx_HAL_Driver/Src/stm32h7xx_hal_dma.o
 .debug_info    0x000000000000de23      0xd28 ./Drivers/STM32H7xx_HAL_Driver/Src/stm32h7xx_hal_gpio.o
 .debug_info    0x000000000000eb4b     0x109d ./Drivers/STM32H7xx_HAL_Driver/Src/stm32h7xx_hal_pwr_ex.o
 .debug_info    0x000000000000fbe8      0xf4a ./Drivers/STM32H7xx_HAL_Driver/Src/stm32h7xx_hal_rcc.o
 .debug_info    0x0000000000010b32     0x12d9 ./Drivers/STM32H7xx_HAL_Driver/Src/stm32h7xx_hal_rcc_ex.o
 .debug_info    0x0000000000011e0b     0x4dca ./Drivers/STM32H7xx_HAL_Driver/Src/stm32h7xx_hal_uart.o
 .debug_info    0x0000000000016bd5     0x105a ./Drivers/STM32H7xx_HAL_Driver/Src/stm32h7xx_hal_uart_ex.o

.debug_abbrev   0x0000000000000000     0x2a3a
 .debug_abbrev  0x0000000000000000      0x215 ./Core/Src/adc.o
 .debug_abbrev  0x0000000000000215      0x11b ./Core/Src/dma.o
 .debug_abbrev  0x0000000000000330      0x17b ./Core/Src/gpio.o
 .debug_abbrev  0x00000000000004ab      0x287 ./Core/Src/main.o
 .debug_abbrev  0x0000000000000732       0xda ./Core/Src/stm32h7xx_hal_msp.o
 .debug_abbrev  0x000000000000080c      0x166 ./Core/Src/stm32h7xx_it.o
 .debug_abbrev  0x0000000000000972      0x147 ./Core/Src/system_stm32h7xx.o
 .debug_abbrev  0x0000000000000ab9      0x24f ./Core/Src/usart.o
 .debug_abbrev  0x0000000000000d08       0x12 ./Core/Startup/startup_stm32h743vitx.o
 .debug_abbrev  0x0000000000000d1a      0x289 ./Drivers/STM32H7xx_HAL_Driver/Src/stm32h7xx_hal.o
 .debug_abbrev  0x0000000000000fa3      0x2bf ./Drivers/STM32H7xx_HAL_Driver/Src/stm32h7xx_hal_adc.o
 .debug_abbrev  0x0000000000001262      0x305 ./Drivers/STM32H7xx_HAL_Driver/Src/stm32h7xx_hal_adc_ex.o
 .debug_abbrev  0x0000000000001567      0x329 ./Drivers/STM32H7xx_HAL_Driver/Src/stm32h7xx_hal_cortex.o
 .debug_abbrev  0x0000000000001890      0x239 ./Drivers/STM32H7xx_HAL_Driver/Src/stm32h7xx_hal_dma.o
 .debug_abbrev  0x0000000000001ac9      0x1ec ./Drivers/STM32H7xx_HAL_Driver/Src/stm32h7xx_hal_gpio.o
 .debug_abbrev  0x0000000000001cb5      0x28f ./Drivers/STM32H7xx_HAL_Driver/Src/stm32h7xx_hal_pwr_ex.o
 .debug_abbrev  0x0000000000001f44      0x2b8 ./Drivers/STM32H7xx_HAL_Driver/Src/stm32h7xx_hal_rcc.o
 .debug_abbrev  0x00000000000021fc      0x25c ./Drivers/STM32H7xx_HAL_Driver/Src/stm32h7xx_hal_rcc_ex.o
 .debug_abbrev  0x0000000000002458      0x325 ./Drivers/STM32H7xx_HAL_Driver/Src/stm32h7xx_hal_uart.o
 .debug_abbrev  0x000000000000277d      0x2bd ./Drivers/STM32H7xx_HAL_Driver/Src/stm32h7xx_hal_uart_ex.o

.debug_aranges  0x0000000000000000      0xf40
 .debug_aranges
                0x0000000000000000       0x38 ./Core/Src/adc.o
 .debug_aranges
                0x0000000000000038       0x20 ./Core/Src/dma.o
 .debug_aranges
                0x0000000000000058       0x20 ./Core/Src/gpio.o
 .debug_aranges
                0x0000000000000078       0x40 ./Core/Src/main.o
 .debug_aranges
                0x00000000000000b8       0x20 ./Core/Src/stm32h7xx_hal_msp.o
 .debug_aranges
                0x00000000000000d8       0x70 ./Core/Src/stm32h7xx_it.o
 .debug_aranges
                0x0000000000000148       0x28 ./Core/Src/system_stm32h7xx.o
 .debug_aranges
                0x0000000000000170       0x30 ./Core/Src/usart.o
 .debug_aranges
                0x00000000000001a0       0x28 ./Core/Startup/startup_stm32h743vitx.o
 .debug_aranges
                0x00000000000001c8      0x198 ./Drivers/STM32H7xx_HAL_Driver/Src/stm32h7xx_hal.o
 .debug_aranges
                0x0000000000000360      0x228 ./Drivers/STM32H7xx_HAL_Driver/Src/stm32h7xx_hal_adc.o
 .debug_aranges
                0x0000000000000588      0x1d8 ./Drivers/STM32H7xx_HAL_Driver/Src/stm32h7xx_hal_adc_ex.o
 .debug_aranges
                0x0000000000000760      0x120 ./Drivers/STM32H7xx_HAL_Driver/Src/stm32h7xx_hal_cortex.o
 .debug_aranges
                0x0000000000000880       0xa0 ./Drivers/STM32H7xx_HAL_Driver/Src/stm32h7xx_hal_dma.o
 .debug_aranges
                0x0000000000000920       0x58 ./Drivers/STM32H7xx_HAL_Driver/Src/stm32h7xx_hal_gpio.o
 .debug_aranges
                0x0000000000000978      0x158 ./Drivers/STM32H7xx_HAL_Driver/Src/stm32h7xx_hal_pwr_ex.o
 .debug_aranges
                0x0000000000000ad0       0x88 ./Drivers/STM32H7xx_HAL_Driver/Src/stm32h7xx_hal_rcc.o
 .debug_aranges
                0x0000000000000b58       0xf8 ./Drivers/STM32H7xx_HAL_Driver/Src/stm32h7xx_hal_rcc_ex.o
 .debug_aranges
                0x0000000000000c50      0x248 ./Drivers/STM32H7xx_HAL_Driver/Src/stm32h7xx_hal_uart.o
 .debug_aranges
                0x0000000000000e98       0xa8 ./Drivers/STM32H7xx_HAL_Driver/Src/stm32h7xx_hal_uart_ex.o

.debug_ranges   0x0000000000000000      0xe38
 .debug_ranges  0x0000000000000000       0x28 ./Core/Src/adc.o
 .debug_ranges  0x0000000000000028       0x10 ./Core/Src/dma.o
 .debug_ranges  0x0000000000000038       0x10 ./Core/Src/gpio.o
 .debug_ranges  0x0000000000000048       0x30 ./Core/Src/main.o
 .debug_ranges  0x0000000000000078       0x10 ./Core/Src/stm32h7xx_hal_msp.o
 .debug_ranges  0x0000000000000088       0x60 ./Core/Src/stm32h7xx_it.o
 .debug_ranges  0x00000000000000e8       0x18 ./Core/Src/system_stm32h7xx.o
 .debug_ranges  0x0000000000000100       0x20 ./Core/Src/usart.o
 .debug_ranges  0x0000000000000120       0x20 ./Core/Startup/startup_stm32h743vitx.o
 .debug_ranges  0x0000000000000140      0x188 ./Drivers/STM32H7xx_HAL_Driver/Src/stm32h7xx_hal.o
 .debug_ranges  0x00000000000002c8      0x218 ./Drivers/STM32H7xx_HAL_Driver/Src/stm32h7xx_hal_adc.o
 .debug_ranges  0x00000000000004e0      0x1c8 ./Drivers/STM32H7xx_HAL_Driver/Src/stm32h7xx_hal_adc_ex.o
 .debug_ranges  0x00000000000006a8      0x110 ./Drivers/STM32H7xx_HAL_Driver/Src/stm32h7xx_hal_cortex.o
 .debug_ranges  0x00000000000007b8       0x90 ./Drivers/STM32H7xx_HAL_Driver/Src/stm32h7xx_hal_dma.o
 .debug_ranges  0x0000000000000848       0x48 ./Drivers/STM32H7xx_HAL_Driver/Src/stm32h7xx_hal_gpio.o
 .debug_ranges  0x0000000000000890      0x148 ./Drivers/STM32H7xx_HAL_Driver/Src/stm32h7xx_hal_pwr_ex.o
 .debug_ranges  0x00000000000009d8       0x78 ./Drivers/STM32H7xx_HAL_Driver/Src/stm32h7xx_hal_rcc.o
 .debug_ranges  0x0000000000000a50       0xe8 ./Drivers/STM32H7xx_HAL_Driver/Src/stm32h7xx_hal_rcc_ex.o
 .debug_ranges  0x0000000000000b38      0x268 ./Drivers/STM32H7xx_HAL_Driver/Src/stm32h7xx_hal_uart.o
 .debug_ranges  0x0000000000000da0       0x98 ./Drivers/STM32H7xx_HAL_Driver/Src/stm32h7xx_hal_uart_ex.o

.debug_macro    0x0000000000000000    0x382a9
 .debug_macro   0x0000000000000000      0x2ca ./Core/Src/adc.o
 .debug_macro   0x00000000000002ca      0xa90 ./Core/Src/adc.o
 .debug_macro   0x0000000000000d5a      0x238 ./Core/Src/adc.o
 .debug_macro   0x0000000000000f92       0x2e ./Core/Src/adc.o
 .debug_macro   0x0000000000000fc0       0x3b ./Core/Src/adc.o
 .debug_macro   0x0000000000000ffb       0x22 ./Core/Src/adc.o
 .debug_macro   0x000000000000101d       0x8e ./Core/Src/adc.o
 .debug_macro   0x00000000000010ab       0x51 ./Core/Src/adc.o
 .debug_macro   0x00000000000010fc      0x103 ./Core/Src/adc.o
 .debug_macro   0x00000000000011ff       0x6a ./Core/Src/adc.o
 .debug_macro   0x0000000000001269      0x1df ./Core/Src/adc.o
 .debug_macro   0x0000000000001448       0x1c ./Core/Src/adc.o
 .debug_macro   0x0000000000001464       0x22 ./Core/Src/adc.o
 .debug_macro   0x0000000000001486       0xfb ./Core/Src/adc.o
 .debug_macro   0x0000000000001581     0x1305 ./Core/Src/adc.o
 .debug_macro   0x0000000000002886      0x11f ./Core/Src/adc.o
 .debug_macro   0x00000000000029a5       0x27 ./Core/Src/adc.o
 .debug_macro   0x00000000000029cc    0x25882 ./Core/Src/adc.o
 .debug_macro   0x000000000002824e       0x6d ./Core/Src/adc.o
 .debug_macro   0x00000000000282bb     0x3d5d ./Core/Src/adc.o
 .debug_macro   0x000000000002c018      0x174 ./Core/Src/adc.o
 .debug_macro   0x000000000002c18c       0x52 ./Core/Src/adc.o
 .debug_macro   0x000000000002c1de       0x1d ./Core/Src/adc.o
 .debug_macro   0x000000000002c1fb       0x3c ./Core/Src/adc.o
 .debug_macro   0x000000000002c237       0x34 ./Core/Src/adc.o
 .debug_macro   0x000000000002c26b       0x16 ./Core/Src/adc.o
 .debug_macro   0x000000000002c281       0x43 ./Core/Src/adc.o
 .debug_macro   0x000000000002c2c4       0x34 ./Core/Src/adc.o
 .debug_macro   0x000000000002c2f8       0x10 ./Core/Src/adc.o
 .debug_macro   0x000000000002c308       0x58 ./Core/Src/adc.o
 .debug_macro   0x000000000002c360       0x71 ./Core/Src/adc.o
 .debug_macro   0x000000000002c3d1       0x1c ./Core/Src/adc.o
 .debug_macro   0x000000000002c3ed      0x12a ./Core/Src/adc.o
 .debug_macro   0x000000000002c517      0x341 ./Core/Src/adc.o
 .debug_macro   0x000000000002c858      0x19b ./Core/Src/adc.o
 .debug_macro   0x000000000002c9f3       0x5d ./Core/Src/adc.o
 .debug_macro   0x000000000002ca50     0x2382 ./Core/Src/adc.o
 .debug_macro   0x000000000002edd2     0x102c ./Core/Src/adc.o
 .debug_macro   0x000000000002fdfe      0x154 ./Core/Src/adc.o
 .debug_macro   0x000000000002ff52      0x114 ./Core/Src/adc.o
 .debug_macro   0x0000000000030066      0x3b2 ./Core/Src/adc.o
 .debug_macro   0x0000000000030418       0xac ./Core/Src/adc.o
 .debug_macro   0x00000000000304c4      0x72d ./Core/Src/adc.o
 .debug_macro   0x0000000000030bf1      0x228 ./Core/Src/adc.o
 .debug_macro   0x0000000000030e19       0x66 ./Core/Src/adc.o
 .debug_macro   0x0000000000030e7f      0x3bb ./Core/Src/adc.o
 .debug_macro   0x000000000003123a      0x3e4 ./Core/Src/adc.o
 .debug_macro   0x000000000003161e      0x275 ./Core/Src/adc.o
 .debug_macro   0x0000000000031893     0x1044 ./Core/Src/adc.o
 .debug_macro   0x00000000000328d7      0x6cc ./Core/Src/adc.o
 .debug_macro   0x0000000000032fa3      0x36e ./Core/Src/adc.o
 .debug_macro   0x0000000000033311      0x3ca ./Core/Src/adc.o
 .debug_macro   0x00000000000336db      0x408 ./Core/Src/adc.o
 .debug_macro   0x0000000000033ae3       0x51 ./Core/Src/adc.o
 .debug_macro   0x0000000000033b34       0x4a ./Core/Src/adc.o
 .debug_macro   0x0000000000033b7e      0x22c ./Core/Src/adc.o
 .debug_macro   0x0000000000033daa       0x67 ./Core/Src/adc.o
 .debug_macro   0x0000000000033e11       0xa5 ./Core/Src/adc.o
 .debug_macro   0x0000000000033eb6      0x1c4 ./Core/Src/adc.o
 .debug_macro   0x000000000003407a      0x25e ./Core/Src/adc.o
 .debug_macro   0x00000000000342d8       0x35 ./Core/Src/adc.o
 .debug_macro   0x000000000003430d      0x693 ./Core/Src/adc.o
 .debug_macro   0x00000000000349a0       0xa6 ./Core/Src/adc.o
 .debug_macro   0x0000000000034a46      0x5a0 ./Core/Src/adc.o
 .debug_macro   0x0000000000034fe6      0x2ca ./Core/Src/dma.o
 .debug_macro   0x00000000000352b0      0x2ca ./Core/Src/gpio.o
 .debug_macro   0x000000000003557a      0x2ec ./Core/Src/main.o
 .debug_macro   0x0000000000035866      0x2c0 ./Core/Src/stm32h7xx_hal_msp.o
 .debug_macro   0x0000000000035b26      0x2ca ./Core/Src/stm32h7xx_it.o
 .debug_macro   0x0000000000035df0      0x2b6 ./Core/Src/system_stm32h7xx.o
 .debug_macro   0x00000000000360a6      0x2ca ./Core/Src/usart.o
 .debug_macro   0x0000000000036370      0x2e0 ./Drivers/STM32H7xx_HAL_Driver/Src/stm32h7xx_hal.o
 .debug_macro   0x0000000000036650      0x2da ./Drivers/STM32H7xx_HAL_Driver/Src/stm32h7xx_hal_adc.o
 .debug_macro   0x000000000003692a      0x2c2 ./Drivers/STM32H7xx_HAL_Driver/Src/stm32h7xx_hal_adc_ex.o
 .debug_macro   0x0000000000036bec      0x2b6 ./Drivers/STM32H7xx_HAL_Driver/Src/stm32h7xx_hal_cortex.o
 .debug_macro   0x0000000000036ea2      0x30a ./Drivers/STM32H7xx_HAL_Driver/Src/stm32h7xx_hal_dma.o
 .debug_macro   0x00000000000371ac      0x2bd ./Drivers/STM32H7xx_HAL_Driver/Src/stm32h7xx_hal_gpio.o
 .debug_macro   0x0000000000037469      0x2ef ./Drivers/STM32H7xx_HAL_Driver/Src/stm32h7xx_hal_pwr_ex.o
 .debug_macro   0x0000000000037758      0x2da ./Drivers/STM32H7xx_HAL_Driver/Src/stm32h7xx_hal_rcc.o
 .debug_macro   0x0000000000037a32      0x2d4 ./Drivers/STM32H7xx_HAL_Driver/Src/stm32h7xx_hal_rcc_ex.o
 .debug_macro   0x0000000000037d06      0x2e1 ./Drivers/STM32H7xx_HAL_Driver/Src/stm32h7xx_hal_uart.o
 .debug_macro   0x0000000000037fe7      0x2c2 ./Drivers/STM32H7xx_HAL_Driver/Src/stm32h7xx_hal_uart_ex.o

.debug_line     0x0000000000000000    0x16a51
 .debug_line    0x0000000000000000      0x9cb ./Core/Src/adc.o
 .debug_line    0x00000000000009cb      0x867 ./Core/Src/dma.o
 .debug_line    0x0000000000001232      0x87b ./Core/Src/gpio.o
 .debug_line    0x0000000000001aad      0x9de ./Core/Src/main.o
 .debug_line    0x000000000000248b      0x86a ./Core/Src/stm32h7xx_hal_msp.o
 .debug_line    0x0000000000002cf5      0x95e ./Core/Src/stm32h7xx_it.o
 .debug_line    0x0000000000003653      0xa1b ./Core/Src/system_stm32h7xx.o
 .debug_line    0x000000000000406e      0x936 ./Core/Src/usart.o
 .debug_line    0x00000000000049a4       0x88 ./Core/Startup/startup_stm32h743vitx.o
 .debug_line    0x0000000000004a2c      0xe19 ./Drivers/STM32H7xx_HAL_Driver/Src/stm32h7xx_hal.o
 .debug_line    0x0000000000005845     0x2372 ./Drivers/STM32H7xx_HAL_Driver/Src/stm32h7xx_hal_adc.o
 .debug_line    0x0000000000007bb7     0x1f37 ./Drivers/STM32H7xx_HAL_Driver/Src/stm32h7xx_hal_adc_ex.o
 .debug_line    0x0000000000009aee      0xe1f ./Drivers/STM32H7xx_HAL_Driver/Src/stm32h7xx_hal_cortex.o
 .debug_line    0x000000000000a90d     0x2768 ./Drivers/STM32H7xx_HAL_Driver/Src/stm32h7xx_hal_dma.o
 .debug_line    0x000000000000d075      0xcdc ./Drivers/STM32H7xx_HAL_Driver/Src/stm32h7xx_hal_gpio.o
 .debug_line    0x000000000000dd51      0xf33 ./Drivers/STM32H7xx_HAL_Driver/Src/stm32h7xx_hal_pwr_ex.o
 .debug_line    0x000000000000ec84     0x13e9 ./Drivers/STM32H7xx_HAL_Driver/Src/stm32h7xx_hal_rcc.o
 .debug_line    0x000000000001006d     0x1cb7 ./Drivers/STM32H7xx_HAL_Driver/Src/stm32h7xx_hal_rcc_ex.o
 .debug_line    0x0000000000011d24     0x3e76 ./Drivers/STM32H7xx_HAL_Driver/Src/stm32h7xx_hal_uart.o
 .debug_line    0x0000000000015b9a      0xeb7 ./Drivers/STM32H7xx_HAL_Driver/Src/stm32h7xx_hal_uart_ex.o

.debug_str      0x0000000000000000   0x169f60
 .debug_str     0x0000000000000000   0x1646c0 ./Core/Src/adc.o
                                     0x164e59 (size before relaxing)
 .debug_str     0x00000000001646c0      0x80d ./Core/Src/dma.o
                                     0x164eb6 (size before relaxing)
 .debug_str     0x0000000000164ecd       0x68 ./Core/Src/gpio.o
                                     0x164735 (size before relaxing)
 .debug_str     0x0000000000164f35      0x921 ./Core/Src/main.o
                                     0x165662 (size before relaxing)
 .debug_str     0x0000000000165856       0x2c ./Core/Src/stm32h7xx_hal_msp.o
                                     0x16466a (size before relaxing)
 .debug_str     0x0000000000165882      0x129 ./Core/Src/stm32h7xx_it.o
                                     0x164ae4 (size before relaxing)
 .debug_str     0x00000000001659ab      0x33a ./Core/Src/system_stm32h7xx.o
                                     0x16499d (size before relaxing)
 .debug_str     0x0000000000165ce5       0xeb ./Core/Src/usart.o
                                     0x16599d (size before relaxing)
 .debug_str     0x0000000000165dd0       0x36 ./Core/Startup/startup_stm32h743vitx.o
                                         0x6f (size before relaxing)
 .debug_str     0x0000000000165e06      0x7ed ./Drivers/STM32H7xx_HAL_Driver/Src/stm32h7xx_hal.o
                                     0x1658b3 (size before relaxing)
 .debug_str     0x00000000001665f3      0xae4 ./Drivers/STM32H7xx_HAL_Driver/Src/stm32h7xx_hal_adc.o
                                     0x16573c (size before relaxing)
 .debug_str     0x00000000001670d7      0x7a8 ./Drivers/STM32H7xx_HAL_Driver/Src/stm32h7xx_hal_adc_ex.o
                                     0x16577b (size before relaxing)
 .debug_str     0x000000000016787f      0x32c ./Drivers/STM32H7xx_HAL_Driver/Src/stm32h7xx_hal_cortex.o
                                     0x1652b6 (size before relaxing)
 .debug_str     0x0000000000167bab      0x835 ./Drivers/STM32H7xx_HAL_Driver/Src/stm32h7xx_hal_dma.o
                                     0x1650d7 (size before relaxing)
 .debug_str     0x00000000001683e0       0xec ./Drivers/STM32H7xx_HAL_Driver/Src/stm32h7xx_hal_gpio.o
                                     0x164954 (size before relaxing)
 .debug_str     0x00000000001684cc      0x624 ./Drivers/STM32H7xx_HAL_Driver/Src/stm32h7xx_hal_pwr_ex.o
                                     0x164e15 (size before relaxing)
 .debug_str     0x0000000000168af0      0x21a ./Drivers/STM32H7xx_HAL_Driver/Src/stm32h7xx_hal_rcc.o
                                     0x164d38 (size before relaxing)
 .debug_str     0x0000000000168d0a      0x630 ./Drivers/STM32H7xx_HAL_Driver/Src/stm32h7xx_hal_rcc_ex.o
                                     0x165219 (size before relaxing)
 .debug_str     0x000000000016933a      0x9b9 ./Drivers/STM32H7xx_HAL_Driver/Src/stm32h7xx_hal_uart.o
                                     0x165879 (size before relaxing)
 .debug_str     0x0000000000169cf3      0x26d ./Drivers/STM32H7xx_HAL_Driver/Src/stm32h7xx_hal_uart_ex.o
                                     0x164e39 (size before relaxing)

.comment        0x0000000000000000       0x50
 .comment       0x0000000000000000       0x50 ./Core/Src/adc.o
                                         0x51 (size before relaxing)
 .comment       0x0000000000000050       0x51 ./Core/Src/dma.o
 .comment       0x0000000000000050       0x51 ./Core/Src/gpio.o
 .comment       0x0000000000000050       0x51 ./Core/Src/main.o
 .comment       0x0000000000000050       0x51 ./Core/Src/stm32h7xx_hal_msp.o
 .comment       0x0000000000000050       0x51 ./Core/Src/stm32h7xx_it.o
 .comment       0x0000000000000050       0x51 ./Core/Src/system_stm32h7xx.o
 .comment       0x0000000000000050       0x51 ./Core/Src/usart.o
 .comment       0x0000000000000050       0x51 ./Drivers/STM32H7xx_HAL_Driver/Src/stm32h7xx_hal.o
 .comment       0x0000000000000050       0x51 ./Drivers/STM32H7xx_HAL_Driver/Src/stm32h7xx_hal_adc.o
 .comment       0x0000000000000050       0x51 ./Drivers/STM32H7xx_HAL_Driver/Src/stm32h7xx_hal_adc_ex.o
 .comment       0x0000000000000050       0x51 ./Drivers/STM32H7xx_HAL_Driver/Src/stm32h7xx_hal_cortex.o
 .comment       0x0000000000000050       0x51 ./Drivers/STM32H7xx_HAL_Driver/Src/stm32h7xx_hal_dma.o
 .comment       0x0000000000000050       0x51 ./Drivers/STM32H7xx_HAL_Driver/Src/stm32h7xx_hal_gpio.o
 .comment       0x0000000000000050       0x51 ./Drivers/STM32H7xx_HAL_Driver/Src/stm32h7xx_hal_pwr_ex.o
 .comment       0x0000000000000050       0x51 ./Drivers/STM32H7xx_HAL_Driver/Src/stm32h7xx_hal_rcc.o
 .comment       0x0000000000000050       0x51 ./Drivers/STM32H7xx_HAL_Driver/Src/stm32h7xx_hal_rcc_ex.o
 .comment       0x0000000000000050       0x51 ./Drivers/STM32H7xx_HAL_Driver/Src/stm32h7xx_hal_uart.o
 .comment       0x0000000000000050       0x51 ./Drivers/STM32H7xx_HAL_Driver/Src/stm32h7xx_hal_uart_ex.o

.debug_frame    0x0000000000000000     0x3f94
 .debug_frame   0x0000000000000000       0xa0 ./Core/Src/adc.o
 .debug_frame   0x00000000000000a0       0x34 ./Core/Src/dma.o
 .debug_frame   0x00000000000000d4       0x34 ./Core/Src/gpio.o
 .debug_frame   0x0000000000000108       0xc0 ./Core/Src/main.o
 .debug_frame   0x00000000000001c8       0x38 ./Core/Src/stm32h7xx_hal_msp.o
 .debug_frame   0x0000000000000200      0x13c ./Core/Src/stm32h7xx_it.o
 .debug_frame   0x000000000000033c       0x58 ./Core/Src/system_stm32h7xx.o
 .debug_frame   0x0000000000000394       0x78 ./Core/Src/usart.o
 .debug_frame   0x000000000000040c      0x690 ./Drivers/STM32H7xx_HAL_Driver/Src/stm32h7xx_hal.o
 .debug_frame   0x0000000000000a9c      0xa28 ./Drivers/STM32H7xx_HAL_Driver/Src/stm32h7xx_hal_adc.o
 .debug_frame   0x00000000000014c4      0x88c ./Drivers/STM32H7xx_HAL_Driver/Src/stm32h7xx_hal_adc_ex.o
 .debug_frame   0x0000000000001d50      0x4b8 ./Drivers/STM32H7xx_HAL_Driver/Src/stm32h7xx_hal_cortex.o
 .debug_frame   0x0000000000002208      0x2b4 ./Drivers/STM32H7xx_HAL_Driver/Src/stm32h7xx_hal_dma.o
 .debug_frame   0x00000000000024bc      0x14c ./Drivers/STM32H7xx_HAL_Driver/Src/stm32h7xx_hal_gpio.o
 .debug_frame   0x0000000000002608      0x580 ./Drivers/STM32H7xx_HAL_Driver/Src/stm32h7xx_hal_pwr_ex.o
 .debug_frame   0x0000000000002b88      0x1f8 ./Drivers/STM32H7xx_HAL_Driver/Src/stm32h7xx_hal_rcc.o
 .debug_frame   0x0000000000002d80      0x414 ./Drivers/STM32H7xx_HAL_Driver/Src/stm32h7xx_hal_rcc_ex.o
 .debug_frame   0x0000000000003194      0xa94 ./Drivers/STM32H7xx_HAL_Driver/Src/stm32h7xx_hal_uart.o
 .debug_frame   0x0000000000003c28      0x2c0 ./Drivers/STM32H7xx_HAL_Driver/Src/stm32h7xx_hal_uart_ex.o
 .debug_frame   0x0000000000003ee8       0x2c c:/st/stm32cubeide_1.11.0/stm32cubeide/plugins/com.st.stm32cube.ide.mcu.externaltools.gnu-tools-for-stm32.10.3-2021.10.win32_1.0.100.202210260954/tools/bin/../lib/gcc/arm-none-eabi/10.3.1/../../../../arm-none-eabi/lib/thumb/v7e-m+dp/hard\libc_nano.a(lib_a-init.o)
 .debug_frame   0x0000000000003f14       0x20 c:/st/stm32cubeide_1.11.0/stm32cubeide/plugins/com.st.stm32cube.ide.mcu.externaltools.gnu-tools-for-stm32.10.3-2021.10.win32_1.0.100.202210260954/tools/bin/../lib/gcc/arm-none-eabi/10.3.1/../../../../arm-none-eabi/lib/thumb/v7e-m+dp/hard\libc_nano.a(lib_a-memset.o)
 .debug_frame   0x0000000000003f34       0x2c c:/st/stm32cubeide_1.11.0/stm32cubeide/plugins/com.st.stm32cube.ide.mcu.externaltools.gnu-tools-for-stm32.10.3-2021.10.win32_1.0.100.202210260954/tools/bin/../lib/gcc/arm-none-eabi/10.3.1/thumb/v7e-m+dp/hard\libgcc.a(_aeabi_uldivmod.o)
 .debug_frame   0x0000000000003f60       0x34 c:/st/stm32cubeide_1.11.0/stm32cubeide/plugins/com.st.stm32cube.ide.mcu.externaltools.gnu-tools-for-stm32.10.3-2021.10.win32_1.0.100.202210260954/tools/bin/../lib/gcc/arm-none-eabi/10.3.1/thumb/v7e-m+dp/hard\libgcc.a(_udivmoddi4.o)
